<?xml version="1.0"?>
<link_info>
   <banner>TI ARM Linker Unix v16.9.1.LTS</banner>
   <copyright>Copyright (c) 1996-2015 Texas Instruments Incorporated</copyright>
   <link_time>0x5954704a</link_time>
   <link_errors>0x0</link_errors>
   <output_file>Comprehensive_Test_Receive.out</output_file>
   <entry_point>
      <name>_c_int00</name>
      <address>0x8f94</address>
   </entry_point>
   <input_file_list>
      <input_file id="fl-2">
         <path>./source/</path>
         <kind>object</kind>
         <file>A_control_methods.obj</file>
         <name>A_control_methods.obj</name>
      </input_file>
      <input_file id="fl-3">
         <path>./source/</path>
         <kind>object</kind>
         <file>A_exception_handler.obj</file>
         <name>A_exception_handler.obj</name>
      </input_file>
      <input_file id="fl-4">
         <path>./source/</path>
         <kind>object</kind>
         <file>adc.obj</file>
         <name>adc.obj</name>
      </input_file>
      <input_file id="fl-5">
         <path>./source/</path>
         <kind>object</kind>
         <file>can.obj</file>
         <name>can.obj</name>
      </input_file>
      <input_file id="fl-6">
         <path>./source/</path>
         <kind>object</kind>
         <file>dabort.obj</file>
         <name>dabort.obj</name>
      </input_file>
      <input_file id="fl-7">
         <path>./source/</path>
         <kind>object</kind>
         <file>esm.obj</file>
         <name>esm.obj</name>
      </input_file>
      <input_file id="fl-8">
         <path>./source/</path>
         <kind>object</kind>
         <file>gio.obj</file>
         <name>gio.obj</name>
      </input_file>
      <input_file id="fl-9">
         <path>./source/</path>
         <kind>object</kind>
         <file>notification.obj</file>
         <name>notification.obj</name>
      </input_file>
      <input_file id="fl-a">
         <path>./source/</path>
         <kind>object</kind>
         <file>pinmux.obj</file>
         <name>pinmux.obj</name>
      </input_file>
      <input_file id="fl-b">
         <path>./source/</path>
         <kind>object</kind>
         <file>rti.obj</file>
         <name>rti.obj</name>
      </input_file>
      <input_file id="fl-c">
         <path>./source/</path>
         <kind>object</kind>
         <file>sci.obj</file>
         <name>sci.obj</name>
      </input_file>
      <input_file id="fl-d">
         <path>./source/</path>
         <kind>object</kind>
         <file>sys_core.obj</file>
         <name>sys_core.obj</name>
      </input_file>
      <input_file id="fl-e">
         <path>./source/</path>
         <kind>object</kind>
         <file>sys_dma.obj</file>
         <name>sys_dma.obj</name>
      </input_file>
      <input_file id="fl-f">
         <path>./source/</path>
         <kind>object</kind>
         <file>sys_intvecs.obj</file>
         <name>sys_intvecs.obj</name>
      </input_file>
      <input_file id="fl-10">
         <path>./source/</path>
         <kind>object</kind>
         <file>sys_main.obj</file>
         <name>sys_main.obj</name>
      </input_file>
      <input_file id="fl-11">
         <path>./source/</path>
         <kind>object</kind>
         <file>sys_mpu.obj</file>
         <name>sys_mpu.obj</name>
      </input_file>
      <input_file id="fl-12">
         <path>./source/</path>
         <kind>object</kind>
         <file>sys_pcr.obj</file>
         <name>sys_pcr.obj</name>
      </input_file>
      <input_file id="fl-13">
         <path>./source/</path>
         <kind>object</kind>
         <file>sys_phantom.obj</file>
         <name>sys_phantom.obj</name>
      </input_file>
      <input_file id="fl-14">
         <path>./source/</path>
         <kind>object</kind>
         <file>sys_pmm.obj</file>
         <name>sys_pmm.obj</name>
      </input_file>
      <input_file id="fl-15">
         <path>./source/</path>
         <kind>object</kind>
         <file>sys_pmu.obj</file>
         <name>sys_pmu.obj</name>
      </input_file>
      <input_file id="fl-16">
         <path>./source/</path>
         <kind>object</kind>
         <file>sys_selftest.obj</file>
         <name>sys_selftest.obj</name>
      </input_file>
      <input_file id="fl-17">
         <path>./source/</path>
         <kind>object</kind>
         <file>sys_startup.obj</file>
         <name>sys_startup.obj</name>
      </input_file>
      <input_file id="fl-18">
         <path>./source/</path>
         <kind>object</kind>
         <file>sys_vim.obj</file>
         <name>sys_vim.obj</name>
      </input_file>
      <input_file id="fl-19">
         <path>./source/</path>
         <kind>object</kind>
         <file>system.obj</file>
         <name>system.obj</name>
      </input_file>
      <input_file id="fl-1e">
         <path>/home/gx/ti/ccsv7/tools/compiler/ti-cgt-arm_16.9.1.LTS/lib/</path>
         <kind>archive</kind>
         <file>rtsv7R4_T_be_v3D16_eabi.lib</file>
         <name>autoinit.obj</name>
      </input_file>
      <input_file id="fl-1f">
         <path>/home/gx/ti/ccsv7/tools/compiler/ti-cgt-arm_16.9.1.LTS/lib/</path>
         <kind>archive</kind>
         <file>rtsv7R4_T_be_v3D16_eabi.lib</file>
         <name>copy_decompress_lzss.obj</name>
      </input_file>
      <input_file id="fl-20">
         <path>/home/gx/ti/ccsv7/tools/compiler/ti-cgt-arm_16.9.1.LTS/lib/</path>
         <kind>archive</kind>
         <file>rtsv7R4_T_be_v3D16_eabi.lib</file>
         <name>copy_decompress_none.obj</name>
      </input_file>
      <input_file id="fl-21">
         <path>/home/gx/ti/ccsv7/tools/compiler/ti-cgt-arm_16.9.1.LTS/lib/</path>
         <kind>archive</kind>
         <file>rtsv7R4_T_be_v3D16_eabi.lib</file>
         <name>copy_zero_init.obj</name>
      </input_file>
      <input_file id="fl-22">
         <path>/home/gx/ti/ccsv7/tools/compiler/ti-cgt-arm_16.9.1.LTS/lib/</path>
         <kind>archive</kind>
         <file>rtsv7R4_T_be_v3D16_eabi.lib</file>
         <name>cpy_tbl.obj</name>
      </input_file>
      <input_file id="fl-23">
         <path>/home/gx/ti/ccsv7/tools/compiler/ti-cgt-arm_16.9.1.LTS/lib/</path>
         <kind>archive</kind>
         <file>rtsv7R4_T_be_v3D16_eabi.lib</file>
         <name>exit.obj</name>
      </input_file>
      <input_file id="fl-24">
         <path>/home/gx/ti/ccsv7/tools/compiler/ti-cgt-arm_16.9.1.LTS/lib/</path>
         <kind>archive</kind>
         <file>rtsv7R4_T_be_v3D16_eabi.lib</file>
         <name>memcpy_t2.obj</name>
      </input_file>
      <input_file id="fl-25">
         <path>/home/gx/ti/ccsv7/tools/compiler/ti-cgt-arm_16.9.1.LTS/lib/</path>
         <kind>archive</kind>
         <file>rtsv7R4_T_be_v3D16_eabi.lib</file>
         <name>memset_t2.obj</name>
      </input_file>
      <input_file id="fl-26">
         <path>/home/gx/ti/ccsv7/tools/compiler/ti-cgt-arm_16.9.1.LTS/lib/</path>
         <kind>archive</kind>
         <file>rtsv7R4_T_be_v3D16_eabi.lib</file>
         <name>s_floor.obj</name>
      </input_file>
      <input_file id="fl-27">
         <path>/home/gx/ti/ccsv7/tools/compiler/ti-cgt-arm_16.9.1.LTS/lib/</path>
         <kind>archive</kind>
         <file>rtsv7R4_T_be_v3D16_eabi.lib</file>
         <name>startup.obj</name>
      </input_file>
      <input_file id="fl-28">
         <path>/home/gx/ti/ccsv7/tools/compiler/ti-cgt-arm_16.9.1.LTS/lib/</path>
         <kind>archive</kind>
         <file>rtsv7R4_T_be_v3D16_eabi.lib</file>
         <name>_lock.obj</name>
      </input_file>
   </input_file_list>
   <object_component_list>
      <object_component id="oc-46">
         <name>.intvecs</name>
         <load_address>0x0</load_address>
         <run_address>0x0</run_address>
         <size>0x20</size>
         <input_file_ref idref="fl-f"/>
      </object_component>
      <object_component id="oc-8b">
         <name>.text</name>
         <load_address>0x20</load_address>
         <run_address>0x20</run_address>
         <size>0x2cdc</size>
         <input_file_ref idref="fl-16"/>
      </object_component>
      <object_component id="oc-10b">
         <name>.text</name>
         <load_address>0x2cfc</load_address>
         <run_address>0x2cfc</run_address>
         <size>0xe8c</size>
         <input_file_ref idref="fl-5"/>
      </object_component>
      <object_component id="oc-85">
         <name>.text</name>
         <load_address>0x3b88</load_address>
         <run_address>0x3b88</run_address>
         <size>0xb28</size>
         <input_file_ref idref="fl-19"/>
      </object_component>
      <object_component id="oc-111">
         <name>.text</name>
         <load_address>0x46b0</load_address>
         <run_address>0x46b0</run_address>
         <size>0xaec</size>
         <input_file_ref idref="fl-4"/>
      </object_component>
      <object_component id="oc-52">
         <name>.text</name>
         <load_address>0x519c</load_address>
         <run_address>0x519c</run_address>
         <size>0xa58</size>
         <input_file_ref idref="fl-18"/>
      </object_component>
      <object_component id="oc-e7">
         <name>.text</name>
         <load_address>0x5bf4</load_address>
         <run_address>0x5bf4</run_address>
         <size>0x8b4</size>
         <input_file_ref idref="fl-a"/>
      </object_component>
      <object_component id="oc-aa">
         <name>.text</name>
         <load_address>0x64a8</load_address>
         <run_address>0x64a8</run_address>
         <size>0x7c8</size>
         <input_file_ref idref="fl-9"/>
      </object_component>
      <object_component id="oc-117">
         <name>.text</name>
         <load_address>0x6c70</load_address>
         <run_address>0x6c70</run_address>
         <size>0x7b8</size>
         <input_file_ref idref="fl-c"/>
      </object_component>
      <object_component id="oc-11d">
         <name>.text</name>
         <load_address>0x7428</load_address>
         <run_address>0x7428</run_address>
         <size>0x63c</size>
         <input_file_ref idref="fl-b"/>
      </object_component>
      <object_component id="oc-91">
         <name>.text</name>
         <load_address>0x7a64</load_address>
         <run_address>0x7a64</run_address>
         <size>0x5d8</size>
         <input_file_ref idref="fl-7"/>
      </object_component>
      <object_component id="oc-138">
         <name>.text</name>
         <load_address>0x803c</load_address>
         <run_address>0x803c</run_address>
         <size>0x4bc</size>
         <input_file_ref idref="fl-2"/>
      </object_component>
      <object_component id="oc-123">
         <name>.text</name>
         <load_address>0x84f8</load_address>
         <run_address>0x84f8</run_address>
         <size>0x484</size>
         <input_file_ref idref="fl-8"/>
      </object_component>
      <object_component id="oc-80">
         <name>.text</name>
         <load_address>0x897c</load_address>
         <run_address>0x897c</run_address>
         <size>0x34c</size>
         <input_file_ref idref="fl-d"/>
      </object_component>
      <object_component id="oc-51">
         <name>.text:retain</name>
         <load_address>0x8cc8</load_address>
         <run_address>0x8cc8</run_address>
         <size>0x2cc</size>
         <input_file_ref idref="fl-18"/>
      </object_component>
      <object_component id="oc-1f">
         <name>.text:retain</name>
         <load_address>0x8f94</load_address>
         <run_address>0x8f94</run_address>
         <size>0x27c</size>
         <input_file_ref idref="fl-17"/>
      </object_component>
      <object_component id="oc-3a">
         <name>.text:retain</name>
         <load_address>0x9210</load_address>
         <run_address>0x9210</run_address>
         <size>0x128</size>
         <input_file_ref idref="fl-8"/>
      </object_component>
      <object_component id="oc-40">
         <name>.text:retain</name>
         <load_address>0x9338</load_address>
         <run_address>0x9338</run_address>
         <size>0x124</size>
         <input_file_ref idref="fl-b"/>
      </object_component>
      <object_component id="oc-34">
         <name>.text:retain</name>
         <load_address>0x945c</load_address>
         <run_address>0x945c</run_address>
         <size>0x114</size>
         <input_file_ref idref="fl-7"/>
      </object_component>
      <object_component id="oc-2e">
         <name>.text:retain</name>
         <load_address>0x9570</load_address>
         <run_address>0x9570</run_address>
         <size>0x100</size>
         <input_file_ref idref="fl-5"/>
      </object_component>
      <object_component id="oc-bd">
         <name>.text</name>
         <load_address>0x9670</load_address>
         <run_address>0x9670</run_address>
         <size>0xe8</size>
         <input_file_ref idref="fl-6"/>
      </object_component>
      <object_component id="oc-20b">
         <name>.text</name>
         <load_address>0x9758</load_address>
         <run_address>0x9758</run_address>
         <size>0xe0</size>
         <input_file_ref idref="fl-26"/>
      </object_component>
      <object_component id="oc-ef">
         <name>.text</name>
         <load_address>0x9838</load_address>
         <run_address>0x9838</run_address>
         <size>0xe0</size>
         <input_file_ref idref="fl-15"/>
      </object_component>
      <object_component id="oc-68">
         <name>.text</name>
         <load_address>0x9918</load_address>
         <run_address>0x9918</run_address>
         <size>0x9c</size>
         <input_file_ref idref="fl-24"/>
      </object_component>
      <object_component id="oc-9d">
         <name>.text</name>
         <load_address>0x99b4</load_address>
         <run_address>0x99b4</run_address>
         <size>0x80</size>
         <input_file_ref idref="fl-10"/>
      </object_component>
      <object_component id="oc-74">
         <name>.text</name>
         <load_address>0x9a34</load_address>
         <run_address>0x9a34</run_address>
         <size>0x7a</size>
         <input_file_ref idref="fl-25"/>
      </object_component>
      <object_component id="oc-103">
         <name>.text</name>
         <load_address>0x9aae</load_address>
         <run_address>0x9aae</run_address>
         <size>0x2</size>
         <input_file_ref idref="fl-27"/>
      </object_component>
      <object_component id="oc-97">
         <name>.text</name>
         <load_address>0x9ab0</load_address>
         <run_address>0x9ab0</run_address>
         <size>0x70</size>
         <input_file_ref idref="fl-1e"/>
      </object_component>
      <object_component id="oc-d">
         <name>.text:decompress:lzss</name>
         <load_address>0x9b20</load_address>
         <run_address>0x9b20</run_address>
         <size>0x6c</size>
         <input_file_ref idref="fl-1f"/>
      </object_component>
      <object_component id="oc-25">
         <name>.text:retain</name>
         <load_address>0x9b8c</load_address>
         <run_address>0x9b8c</run_address>
         <size>0x54</size>
         <input_file_ref idref="fl-4"/>
      </object_component>
      <object_component id="oc-a3">
         <name>.text</name>
         <load_address>0x9be0</load_address>
         <run_address>0x9be0</run_address>
         <size>0x50</size>
         <input_file_ref idref="fl-23"/>
      </object_component>
      <object_component id="oc-13e">
         <name>.text</name>
         <load_address>0x9c30</load_address>
         <run_address>0x9c30</run_address>
         <size>0x4c</size>
         <input_file_ref idref="fl-3"/>
      </object_component>
      <object_component id="oc-fd">
         <name>.text</name>
         <load_address>0x9c7c</load_address>
         <run_address>0x9c7c</run_address>
         <size>0x4c</size>
         <input_file_ref idref="fl-22"/>
      </object_component>
      <object_component id="oc-221">
         <name>.text</name>
         <load_address>0x9cc8</load_address>
         <run_address>0x9cc8</run_address>
         <size>0x14</size>
         <input_file_ref idref="fl-28"/>
      </object_component>
      <object_component id="oc-13">
         <name>.text:decompress:none</name>
         <load_address>0x9cdc</load_address>
         <run_address>0x9cdc</run_address>
         <size>0xe</size>
         <input_file_ref idref="fl-20"/>
      </object_component>
      <object_component id="oc-19">
         <name>.text:decompress:ZI</name>
         <load_address>0x9cea</load_address>
         <run_address>0x9cea</run_address>
         <size>0xc</size>
         <input_file_ref idref="fl-21"/>
      </object_component>
      <object_component id="oc-4b">
         <name>.text:retain</name>
         <load_address>0x9cf8</load_address>
         <run_address>0x9cf8</run_address>
         <size>0x4</size>
         <input_file_ref idref="fl-13"/>
      </object_component>
      <object_component id="oc-2b">
         <name>.const:s_vim_init</name>
         <load_address>0x9cfc</load_address>
         <run_address>0x9cfc</run_address>
         <size>0x200</size>
         <input_file_ref idref="fl-18"/>
      </object_component>
      <object_component id="oc-1fa">
         <name>.const:s_canByteOrder</name>
         <load_address>0x9efc</load_address>
         <run_address>0x9efc</run_address>
         <size>0x20</size>
         <input_file_ref idref="fl-5"/>
      </object_component>
      <object_component id="oc-204">
         <name>.const:s_adcFiFoSize</name>
         <load_address>0x9f1c</load_address>
         <run_address>0x9f1c</run_address>
         <size>0x18</size>
         <input_file_ref idref="fl-4"/>
      </object_component>
      <object_component id="oc-207">
         <name>.const:s_adcSelect</name>
         <load_address>0x9f34</load_address>
         <run_address>0x9f34</run_address>
         <size>0x18</size>
         <input_file_ref idref="fl-4"/>
      </object_component>
      <object_component id="oc-2d8">
         <name>.cinit..data.load</name>
         <load_address>0x9f50</load_address>
         <run_address>0x9f50</run_address>
         <size>0x35</size>
      </object_component>
      <object_component id="oc-2d5">
         <name>__TI_handler_table</name>
         <load_address>0x9f88</load_address>
         <run_address>0x9f88</run_address>
         <size>0xc</size>
      </object_component>
      <object_component id="oc-2d7">
         <name>.cinit..bss.load</name>
         <load_address>0x9f98</load_address>
         <run_address>0x9f98</run_address>
         <size>0x8</size>
      </object_component>
      <object_component id="oc-2d6">
         <name>__TI_cinit_table</name>
         <load_address>0x9fa0</load_address>
         <run_address>0x9fa0</run_address>
         <size>0x10</size>
      </object_component>
      <object_component id="oc-211">
         <name>.bss:g_sciTransfer_t</name>
         <uninitialized>true</uninitialized>
         <run_address>0x80015e8</run_address>
         <size>0x28</size>
         <input_file_ref idref="fl-c"/>
      </object_component>
      <object_component id="oc-147">
         <name>.data:adc_data</name>
         <load_address>0x8001500</load_address>
         <run_address>0x8001500</run_address>
         <size>0x18</size>
         <input_file_ref idref="fl-2"/>
      </object_component>
      <object_component id="oc-150">
         <name>.data:v_battery</name>
         <load_address>0x80015ac</load_address>
         <run_address>0x80015ac</run_address>
         <size>0xc</size>
         <input_file_ref idref="fl-2"/>
      </object_component>
      <object_component id="oc-153">
         <name>.data:v_cap</name>
         <load_address>0x80015b8</load_address>
         <run_address>0x80015b8</run_address>
         <size>0xc</size>
         <input_file_ref idref="fl-2"/>
      </object_component>
      <object_component id="oc-156">
         <name>.data:a_battery</name>
         <load_address>0x8001558</load_address>
         <run_address>0x8001558</run_address>
         <size>0xc</size>
         <input_file_ref idref="fl-2"/>
      </object_component>
      <object_component id="oc-159">
         <name>.data:v_throttle</name>
         <load_address>0x80015c4</load_address>
         <run_address>0x80015c4</run_address>
         <size>0xc</size>
         <input_file_ref idref="fl-2"/>
      </object_component>
      <object_component id="oc-15c">
         <name>.data:t_heatSink</name>
         <load_address>0x8001570</load_address>
         <run_address>0x8001570</run_address>
         <size>0xc</size>
         <input_file_ref idref="fl-2"/>
      </object_component>
      <object_component id="oc-15f">
         <name>.data:t_motor</name>
         <load_address>0x800157c</load_address>
         <run_address>0x800157c</run_address>
         <size>0xc</size>
         <input_file_ref idref="fl-2"/>
      </object_component>
      <object_component id="oc-162">
         <name>.data:t_ptc</name>
         <load_address>0x8001588</load_address>
         <run_address>0x8001588</run_address>
         <size>0xc</size>
         <input_file_ref idref="fl-2"/>
      </object_component>
      <object_component id="oc-165">
         <name>.data:a_ac_motor</name>
         <load_address>0x800154c</load_address>
         <run_address>0x800154c</run_address>
         <size>0xc</size>
         <input_file_ref idref="fl-2"/>
      </object_component>
      <object_component id="oc-168">
         <name>.data:v_ac_motor</name>
         <load_address>0x80015a0</load_address>
         <run_address>0x80015a0</run_address>
         <size>0xc</size>
         <input_file_ref idref="fl-2"/>
      </object_component>
      <object_component id="oc-16b">
         <name>.data:torque_motor</name>
         <load_address>0x8001594</load_address>
         <run_address>0x8001594</run_address>
         <size>0xc</size>
         <input_file_ref idref="fl-2"/>
      </object_component>
      <object_component id="oc-16e">
         <name>.data:speed_vihecle</name>
         <load_address>0x8001564</load_address>
         <run_address>0x8001564</run_address>
         <size>0xc</size>
         <input_file_ref idref="fl-2"/>
      </object_component>
      <object_component id="oc-144">
         <name>.data</name>
         <load_address>0x8001518</load_address>
         <run_address>0x8001518</run_address>
         <size>0x16</size>
         <input_file_ref idref="fl-2"/>
      </object_component>
      <object_component id="oc-14a">
         <name>.data:tx_data</name>
         <load_address>0x80015e0</load_address>
         <run_address>0x80015e0</run_address>
         <size>0x8</size>
         <input_file_ref idref="fl-2"/>
      </object_component>
      <object_component id="oc-22d">
         <name>.data:rx_data</name>
         <load_address>0x80015d8</load_address>
         <run_address>0x80015d8</run_address>
         <size>0x8</size>
         <input_file_ref idref="fl-2"/>
      </object_component>
      <object_component id="oc-14d">
         <name>.data</name>
         <load_address>0x8001530</load_address>
         <run_address>0x8001530</run_address>
         <size>0x10</size>
         <input_file_ref idref="fl-9"/>
      </object_component>
      <object_component id="oc-12f">
         <name>.data:$O1$$</name>
         <load_address>0x8001540</load_address>
         <run_address>0x8001540</run_address>
         <size>0xc</size>
         <input_file_ref idref="fl-23"/>
      </object_component>
      <object_component id="oc-132">
         <name>.data:$O1$$</name>
         <load_address>0x80015d0</load_address>
         <run_address>0x80015d0</run_address>
         <size>0x8</size>
         <input_file_ref idref="fl-28"/>
      </object_component>
      <object_component id="oc-23b">
         <name>.debug_info</name>
         <load_address>0x0</load_address>
         <run_address>0x0</run_address>
         <size>0x343</size>
         <input_file_ref idref="fl-2"/>
      </object_component>
      <object_component id="oc-148">
         <name>.debug_info</name>
         <load_address>0x343</load_address>
         <run_address>0x343</run_address>
         <size>0xe9</size>
         <input_file_ref idref="fl-2"/>
      </object_component>
      <object_component id="oc-151">
         <name>.debug_info</name>
         <load_address>0x42c</load_address>
         <run_address>0x42c</run_address>
         <size>0xeb</size>
         <input_file_ref idref="fl-2"/>
      </object_component>
      <object_component id="oc-154">
         <name>.debug_info</name>
         <load_address>0x517</load_address>
         <run_address>0x517</run_address>
         <size>0xe3</size>
         <input_file_ref idref="fl-2"/>
      </object_component>
      <object_component id="oc-157">
         <name>.debug_info</name>
         <load_address>0x5fa</load_address>
         <run_address>0x5fa</run_address>
         <size>0xeb</size>
         <input_file_ref idref="fl-2"/>
      </object_component>
      <object_component id="oc-15a">
         <name>.debug_info</name>
         <load_address>0x6e5</load_address>
         <run_address>0x6e5</run_address>
         <size>0xed</size>
         <input_file_ref idref="fl-2"/>
      </object_component>
      <object_component id="oc-15d">
         <name>.debug_info</name>
         <load_address>0x7d2</load_address>
         <run_address>0x7d2</run_address>
         <size>0xed</size>
         <input_file_ref idref="fl-2"/>
      </object_component>
      <object_component id="oc-160">
         <name>.debug_info</name>
         <load_address>0x8bf</load_address>
         <run_address>0x8bf</run_address>
         <size>0xe7</size>
         <input_file_ref idref="fl-2"/>
      </object_component>
      <object_component id="oc-163">
         <name>.debug_info</name>
         <load_address>0x9a6</load_address>
         <run_address>0x9a6</run_address>
         <size>0xe3</size>
         <input_file_ref idref="fl-2"/>
      </object_component>
      <object_component id="oc-166">
         <name>.debug_info</name>
         <load_address>0xa89</load_address>
         <run_address>0xa89</run_address>
         <size>0xed</size>
         <input_file_ref idref="fl-2"/>
      </object_component>
      <object_component id="oc-169">
         <name>.debug_info</name>
         <load_address>0xb76</load_address>
         <run_address>0xb76</run_address>
         <size>0xed</size>
         <input_file_ref idref="fl-2"/>
      </object_component>
      <object_component id="oc-16c">
         <name>.debug_info</name>
         <load_address>0xc63</load_address>
         <run_address>0xc63</run_address>
         <size>0xf1</size>
         <input_file_ref idref="fl-2"/>
      </object_component>
      <object_component id="oc-16f">
         <name>.debug_info</name>
         <load_address>0xd54</load_address>
         <run_address>0xd54</run_address>
         <size>0xf3</size>
         <input_file_ref idref="fl-2"/>
      </object_component>
      <object_component id="oc-145">
         <name>.debug_info</name>
         <load_address>0xe47</load_address>
         <run_address>0xe47</run_address>
         <size>0x1b6</size>
         <input_file_ref idref="fl-2"/>
      </object_component>
      <object_component id="oc-14b">
         <name>.debug_info</name>
         <load_address>0xffd</load_address>
         <run_address>0xffd</run_address>
         <size>0xe7</size>
         <input_file_ref idref="fl-2"/>
      </object_component>
      <object_component id="oc-22e">
         <name>.debug_info</name>
         <load_address>0x10e4</load_address>
         <run_address>0x10e4</run_address>
         <size>0xe7</size>
         <input_file_ref idref="fl-2"/>
      </object_component>
      <object_component id="oc-139">
         <name>.debug_info</name>
         <load_address>0x11cb</load_address>
         <run_address>0x11cb</run_address>
         <size>0xb12</size>
         <input_file_ref idref="fl-2"/>
      </object_component>
      <object_component id="oc-1aa">
         <name>.debug_info</name>
         <load_address>0x1cdd</load_address>
         <run_address>0x1cdd</run_address>
         <size>0x791</size>
         <input_file_ref idref="fl-2"/>
      </object_component>
      <object_component id="oc-b5">
         <name>.debug_info</name>
         <load_address>0x246e</load_address>
         <run_address>0x246e</run_address>
         <size>0x157</size>
         <input_file_ref idref="fl-2"/>
      </object_component>
      <object_component id="oc-234">
         <name>.debug_info</name>
         <load_address>0x25c5</load_address>
         <run_address>0x25c5</run_address>
         <size>0x106</size>
         <input_file_ref idref="fl-2"/>
      </object_component>
      <object_component id="oc-12a">
         <name>.debug_info</name>
         <load_address>0x26cb</load_address>
         <run_address>0x26cb</run_address>
         <size>0x8b</size>
         <input_file_ref idref="fl-2"/>
      </object_component>
      <object_component id="oc-19d">
         <name>.debug_info</name>
         <load_address>0x2756</load_address>
         <run_address>0x2756</run_address>
         <size>0x18b</size>
         <input_file_ref idref="fl-2"/>
      </object_component>
      <object_component id="oc-ca">
         <name>.debug_info</name>
         <load_address>0x28e1</load_address>
         <run_address>0x28e1</run_address>
         <size>0x86</size>
         <input_file_ref idref="fl-2"/>
      </object_component>
      <object_component id="oc-262">
         <name>.debug_info</name>
         <load_address>0x2967</load_address>
         <run_address>0x2967</run_address>
         <size>0x38f</size>
         <input_file_ref idref="fl-2"/>
      </object_component>
      <object_component id="oc-1b9">
         <name>.debug_info</name>
         <load_address>0x2cf6</load_address>
         <run_address>0x2cf6</run_address>
         <size>0x437</size>
         <input_file_ref idref="fl-2"/>
      </object_component>
      <object_component id="oc-1ff">
         <name>.debug_info</name>
         <load_address>0x312d</load_address>
         <run_address>0x312d</run_address>
         <size>0x15f</size>
         <input_file_ref idref="fl-2"/>
      </object_component>
      <object_component id="oc-184">
         <name>.debug_info</name>
         <load_address>0x328c</load_address>
         <run_address>0x328c</run_address>
         <size>0x1f9</size>
         <input_file_ref idref="fl-2"/>
      </object_component>
      <object_component id="oc-2a3">
         <name>.debug_info</name>
         <load_address>0x3485</load_address>
         <run_address>0x3485</run_address>
         <size>0x12a</size>
         <input_file_ref idref="fl-2"/>
      </object_component>
      <object_component id="oc-13f">
         <name>.debug_info</name>
         <load_address>0x35af</load_address>
         <run_address>0x35af</run_address>
         <size>0x22e</size>
         <input_file_ref idref="fl-3"/>
      </object_component>
      <object_component id="oc-1a3">
         <name>.debug_info</name>
         <load_address>0x37dd</load_address>
         <run_address>0x37dd</run_address>
         <size>0x19d</size>
         <input_file_ref idref="fl-4"/>
      </object_component>
      <object_component id="oc-208">
         <name>.debug_info</name>
         <load_address>0x397a</load_address>
         <run_address>0x397a</run_address>
         <size>0xe0</size>
         <input_file_ref idref="fl-4"/>
      </object_component>
      <object_component id="oc-205">
         <name>.debug_info</name>
         <load_address>0x3a5a</load_address>
         <run_address>0x3a5a</run_address>
         <size>0xe5</size>
         <input_file_ref idref="fl-4"/>
      </object_component>
      <object_component id="oc-112">
         <name>.debug_info</name>
         <load_address>0x3b3f</load_address>
         <run_address>0x3b3f</run_address>
         <size>0xb5d</size>
         <input_file_ref idref="fl-4"/>
      </object_component>
      <object_component id="oc-26">
         <name>.debug_info</name>
         <load_address>0x469c</load_address>
         <run_address>0x469c</run_address>
         <size>0x141</size>
         <input_file_ref idref="fl-4"/>
      </object_component>
      <object_component id="oc-c5">
         <name>.debug_info</name>
         <load_address>0x47dd</load_address>
         <run_address>0x47dd</run_address>
         <size>0x18c</size>
         <input_file_ref idref="fl-4"/>
      </object_component>
      <object_component id="oc-193">
         <name>.debug_info</name>
         <load_address>0x4969</load_address>
         <run_address>0x4969</run_address>
         <size>0x2d0</size>
         <input_file_ref idref="fl-4"/>
      </object_component>
      <object_component id="oc-1fe">
         <name>.debug_info</name>
         <load_address>0x4c39</load_address>
         <run_address>0x4c39</run_address>
         <size>0x235</size>
         <input_file_ref idref="fl-5"/>
      </object_component>
      <object_component id="oc-1fb">
         <name>.debug_info</name>
         <load_address>0x4e6e</load_address>
         <run_address>0x4e6e</run_address>
         <size>0xe6</size>
         <input_file_ref idref="fl-5"/>
      </object_component>
      <object_component id="oc-10c">
         <name>.debug_info</name>
         <load_address>0x4f54</load_address>
         <run_address>0x4f54</run_address>
         <size>0x1469</size>
         <input_file_ref idref="fl-5"/>
      </object_component>
      <object_component id="oc-2f">
         <name>.debug_info</name>
         <load_address>0x63bd</load_address>
         <run_address>0x63bd</run_address>
         <size>0x1b9</size>
         <input_file_ref idref="fl-5"/>
      </object_component>
      <object_component id="oc-be">
         <name>.debug_info</name>
         <load_address>0x6576</load_address>
         <run_address>0x6576</run_address>
         <size>0x100</size>
         <input_file_ref idref="fl-6"/>
      </object_component>
      <object_component id="oc-fc">
         <name>.debug_info</name>
         <load_address>0x6676</load_address>
         <run_address>0x6676</run_address>
         <size>0x168</size>
         <input_file_ref idref="fl-7"/>
      </object_component>
      <object_component id="oc-92">
         <name>.debug_info</name>
         <load_address>0x67de</load_address>
         <run_address>0x67de</run_address>
         <size>0xb29</size>
         <input_file_ref idref="fl-7"/>
      </object_component>
      <object_component id="oc-35">
         <name>.debug_info</name>
         <load_address>0x7307</load_address>
         <run_address>0x7307</run_address>
         <size>0x189</size>
         <input_file_ref idref="fl-7"/>
      </object_component>
      <object_component id="oc-17a">
         <name>.debug_info</name>
         <load_address>0x7490</load_address>
         <run_address>0x7490</run_address>
         <size>0x1de</size>
         <input_file_ref idref="fl-7"/>
      </object_component>
      <object_component id="oc-f7">
         <name>.debug_info</name>
         <load_address>0x766e</load_address>
         <run_address>0x766e</run_address>
         <size>0x129</size>
         <input_file_ref idref="fl-7"/>
      </object_component>
      <object_component id="oc-21e">
         <name>.debug_info</name>
         <load_address>0x7797</load_address>
         <run_address>0x7797</run_address>
         <size>0x120</size>
         <input_file_ref idref="fl-8"/>
      </object_component>
      <object_component id="oc-124">
         <name>.debug_info</name>
         <load_address>0x78b7</load_address>
         <run_address>0x78b7</run_address>
         <size>0x6e1</size>
         <input_file_ref idref="fl-8"/>
      </object_component>
      <object_component id="oc-3b">
         <name>.debug_info</name>
         <load_address>0x7f98</load_address>
         <run_address>0x7f98</run_address>
         <size>0x21e</size>
         <input_file_ref idref="fl-8"/>
      </object_component>
      <object_component id="oc-172">
         <name>.debug_info</name>
         <load_address>0x81b6</load_address>
         <run_address>0x81b6</run_address>
         <size>0x922</size>
         <input_file_ref idref="fl-9"/>
      </object_component>
      <object_component id="oc-14e">
         <name>.debug_info</name>
         <load_address>0x8ad8</load_address>
         <run_address>0x8ad8</run_address>
         <size>0x198</size>
         <input_file_ref idref="fl-9"/>
      </object_component>
      <object_component id="oc-ab">
         <name>.debug_info</name>
         <load_address>0x8c70</load_address>
         <run_address>0x8c70</run_address>
         <size>0xfb2</size>
         <input_file_ref idref="fl-9"/>
      </object_component>
      <object_component id="oc-1af">
         <name>.debug_info</name>
         <load_address>0x9c22</load_address>
         <run_address>0x9c22</run_address>
         <size>0x4de</size>
         <input_file_ref idref="fl-9"/>
      </object_component>
      <object_component id="oc-1b4">
         <name>.debug_info</name>
         <load_address>0xa100</load_address>
         <run_address>0xa100</run_address>
         <size>0x3ce</size>
         <input_file_ref idref="fl-9"/>
      </object_component>
      <object_component id="oc-258">
         <name>.debug_info</name>
         <load_address>0xa4ce</load_address>
         <run_address>0xa4ce</run_address>
         <size>0x306</size>
         <input_file_ref idref="fl-9"/>
      </object_component>
      <object_component id="oc-25d">
         <name>.debug_info</name>
         <load_address>0xa7d4</load_address>
         <run_address>0xa7d4</run_address>
         <size>0x7cd</size>
         <input_file_ref idref="fl-9"/>
      </object_component>
      <object_component id="oc-173">
         <name>.debug_info</name>
         <load_address>0xafa1</load_address>
         <run_address>0xafa1</run_address>
         <size>0x673</size>
         <input_file_ref idref="fl-9"/>
      </object_component>
      <object_component id="oc-df">
         <name>.debug_info</name>
         <load_address>0xb614</load_address>
         <run_address>0xb614</run_address>
         <size>0x2c</size>
         <input_file_ref idref="fl-9"/>
      </object_component>
      <object_component id="oc-1e4">
         <name>.debug_info</name>
         <load_address>0xb640</load_address>
         <run_address>0xb640</run_address>
         <size>0x37b</size>
         <input_file_ref idref="fl-9"/>
      </object_component>
      <object_component id="oc-217">
         <name>.debug_info</name>
         <load_address>0xb9bb</load_address>
         <run_address>0xb9bb</run_address>
         <size>0x1d4</size>
         <input_file_ref idref="fl-9"/>
      </object_component>
      <object_component id="oc-1be">
         <name>.debug_info</name>
         <load_address>0xbb8f</load_address>
         <run_address>0xbb8f</run_address>
         <size>0x1ca</size>
         <input_file_ref idref="fl-9"/>
      </object_component>
      <object_component id="oc-17f">
         <name>.debug_info</name>
         <load_address>0xbd59</load_address>
         <run_address>0xbd59</run_address>
         <size>0x435</size>
         <input_file_ref idref="fl-9"/>
      </object_component>
      <object_component id="oc-1d7">
         <name>.debug_info</name>
         <load_address>0xc18e</load_address>
         <run_address>0xc18e</run_address>
         <size>0x554</size>
         <input_file_ref idref="fl-9"/>
      </object_component>
      <object_component id="oc-1c3">
         <name>.debug_info</name>
         <load_address>0xc6e2</load_address>
         <run_address>0xc6e2</run_address>
         <size>0x3d3</size>
         <input_file_ref idref="fl-9"/>
      </object_component>
      <object_component id="oc-1cd">
         <name>.debug_info</name>
         <load_address>0xcab5</load_address>
         <run_address>0xcab5</run_address>
         <size>0x1de</size>
         <input_file_ref idref="fl-9"/>
      </object_component>
      <object_component id="oc-267">
         <name>.debug_info</name>
         <load_address>0xcc93</load_address>
         <run_address>0xcc93</run_address>
         <size>0x243</size>
         <input_file_ref idref="fl-9"/>
      </object_component>
      <object_component id="oc-29a">
         <name>.debug_info</name>
         <load_address>0xced6</load_address>
         <run_address>0xced6</run_address>
         <size>0x18e</size>
         <input_file_ref idref="fl-9"/>
      </object_component>
      <object_component id="oc-1dc">
         <name>.debug_info</name>
         <load_address>0xd064</load_address>
         <run_address>0xd064</run_address>
         <size>0x17a</size>
         <input_file_ref idref="fl-9"/>
      </object_component>
      <object_component id="oc-189">
         <name>.debug_info</name>
         <load_address>0xd1de</load_address>
         <run_address>0xd1de</run_address>
         <size>0x6a6</size>
         <input_file_ref idref="fl-9"/>
      </object_component>
      <object_component id="oc-18e">
         <name>.debug_info</name>
         <load_address>0xd884</load_address>
         <run_address>0xd884</run_address>
         <size>0x13e</size>
         <input_file_ref idref="fl-9"/>
      </object_component>
      <object_component id="oc-1a7">
         <name>.debug_info</name>
         <load_address>0xd9c2</load_address>
         <run_address>0xd9c2</run_address>
         <size>0xd2</size>
         <input_file_ref idref="fl-a"/>
      </object_component>
      <object_component id="oc-e8">
         <name>.debug_info</name>
         <load_address>0xda94</load_address>
         <run_address>0xda94</run_address>
         <size>0x1e7</size>
         <input_file_ref idref="fl-a"/>
      </object_component>
      <object_component id="oc-1c8">
         <name>.debug_info</name>
         <load_address>0xdc7b</load_address>
         <run_address>0xdc7b</run_address>
         <size>0x508</size>
         <input_file_ref idref="fl-a"/>
      </object_component>
      <object_component id="oc-270">
         <name>.debug_info</name>
         <load_address>0xe183</load_address>
         <run_address>0xe183</run_address>
         <size>0x43c</size>
         <input_file_ref idref="fl-a"/>
      </object_component>
      <object_component id="oc-21c">
         <name>.debug_info</name>
         <load_address>0xe5bf</load_address>
         <run_address>0xe5bf</run_address>
         <size>0x13b</size>
         <input_file_ref idref="fl-b"/>
      </object_component>
      <object_component id="oc-11e">
         <name>.debug_info</name>
         <load_address>0xe6fa</load_address>
         <run_address>0xe6fa</run_address>
         <size>0xd25</size>
         <input_file_ref idref="fl-b"/>
      </object_component>
      <object_component id="oc-41">
         <name>.debug_info</name>
         <load_address>0xf41f</load_address>
         <run_address>0xf41f</run_address>
         <size>0x2c6</size>
         <input_file_ref idref="fl-b"/>
      </object_component>
      <object_component id="oc-215">
         <name>.debug_info</name>
         <load_address>0xf6e5</load_address>
         <run_address>0xf6e5</run_address>
         <size>0x187</size>
         <input_file_ref idref="fl-c"/>
      </object_component>
      <object_component id="oc-212">
         <name>.debug_info</name>
         <load_address>0xf86c</load_address>
         <run_address>0xf86c</run_address>
         <size>0xe8</size>
         <input_file_ref idref="fl-c"/>
      </object_component>
      <object_component id="oc-118">
         <name>.debug_info</name>
         <load_address>0xf954</load_address>
         <run_address>0xf954</run_address>
         <size>0xc38</size>
         <input_file_ref idref="fl-c"/>
      </object_component>
      <object_component id="oc-295">
         <name>.debug_info</name>
         <load_address>0x1058c</load_address>
         <run_address>0x1058c</run_address>
         <size>0x91</size>
         <input_file_ref idref="fl-c"/>
      </object_component>
      <object_component id="oc-81">
         <name>.debug_info</name>
         <load_address>0x1061d</load_address>
         <run_address>0x1061d</run_address>
         <size>0x7f5</size>
         <input_file_ref idref="fl-d"/>
      </object_component>
      <object_component id="oc-47">
         <name>.debug_info</name>
         <load_address>0x10e12</load_address>
         <run_address>0x10e12</run_address>
         <size>0x108</size>
         <input_file_ref idref="fl-f"/>
      </object_component>
      <object_component id="oc-9e">
         <name>.debug_info</name>
         <load_address>0x10f1a</load_address>
         <run_address>0x10f1a</run_address>
         <size>0x2a5</size>
         <input_file_ref idref="fl-10"/>
      </object_component>
      <object_component id="oc-275">
         <name>.debug_info</name>
         <load_address>0x111bf</load_address>
         <run_address>0x111bf</run_address>
         <size>0xf1</size>
         <input_file_ref idref="fl-12"/>
      </object_component>
      <object_component id="oc-2b1">
         <name>.debug_info</name>
         <load_address>0x112b0</load_address>
         <run_address>0x112b0</run_address>
         <size>0x242</size>
         <input_file_ref idref="fl-12"/>
      </object_component>
      <object_component id="oc-1d2">
         <name>.debug_info</name>
         <load_address>0x114f2</load_address>
         <run_address>0x114f2</run_address>
         <size>0x2af</size>
         <input_file_ref idref="fl-12"/>
      </object_component>
      <object_component id="oc-4c">
         <name>.debug_info</name>
         <load_address>0x117a1</load_address>
         <run_address>0x117a1</run_address>
         <size>0x13a</size>
         <input_file_ref idref="fl-13"/>
      </object_component>
      <object_component id="oc-f0">
         <name>.debug_info</name>
         <load_address>0x118db</load_address>
         <run_address>0x118db</run_address>
         <size>0x367</size>
         <input_file_ref idref="fl-15"/>
      </object_component>
      <object_component id="oc-f5">
         <name>.debug_info</name>
         <load_address>0x11c42</load_address>
         <run_address>0x11c42</run_address>
         <size>0x4c1</size>
         <input_file_ref idref="fl-16"/>
      </object_component>
      <object_component id="oc-8c">
         <name>.debug_info</name>
         <load_address>0x12103</load_address>
         <run_address>0x12103</run_address>
         <size>0x2e8c</size>
         <input_file_ref idref="fl-16"/>
      </object_component>
      <object_component id="oc-20">
         <name>.debug_info</name>
         <load_address>0x14f8f</load_address>
         <run_address>0x14f8f</run_address>
         <size>0x5a5</size>
         <input_file_ref idref="fl-17"/>
      </object_component>
      <object_component id="oc-b3">
         <name>.debug_info</name>
         <load_address>0x15534</load_address>
         <run_address>0x15534</run_address>
         <size>0x421</size>
         <input_file_ref idref="fl-18"/>
      </object_component>
      <object_component id="oc-2c">
         <name>.debug_info</name>
         <load_address>0x15955</load_address>
         <run_address>0x15955</run_address>
         <size>0xe2</size>
         <input_file_ref idref="fl-18"/>
      </object_component>
      <object_component id="oc-53">
         <name>.debug_info</name>
         <load_address>0x15a37</load_address>
         <run_address>0x15a37</run_address>
         <size>0x474</size>
         <input_file_ref idref="fl-18"/>
      </object_component>
      <object_component id="oc-58">
         <name>.debug_info</name>
         <load_address>0x15eab</load_address>
         <run_address>0x15eab</run_address>
         <size>0x1fd</size>
         <input_file_ref idref="fl-18"/>
      </object_component>
      <object_component id="oc-198">
         <name>.debug_info</name>
         <load_address>0x160a8</load_address>
         <run_address>0x160a8</run_address>
         <size>0x4f</size>
         <input_file_ref idref="fl-18"/>
      </object_component>
      <object_component id="oc-ee">
         <name>.debug_info</name>
         <load_address>0x160f7</load_address>
         <run_address>0x160f7</run_address>
         <size>0x36e</size>
         <input_file_ref idref="fl-19"/>
      </object_component>
      <object_component id="oc-86">
         <name>.debug_info</name>
         <load_address>0x16465</load_address>
         <run_address>0x16465</run_address>
         <size>0x733</size>
         <input_file_ref idref="fl-19"/>
      </object_component>
      <object_component id="oc-10a">
         <name>.debug_info</name>
         <load_address>0x16b98</load_address>
         <run_address>0x16b98</run_address>
         <size>0x2e9</size>
         <input_file_ref idref="fl-1e"/>
      </object_component>
      <object_component id="oc-98">
         <name>.debug_info</name>
         <load_address>0x16e81</load_address>
         <run_address>0x16e81</run_address>
         <size>0x190</size>
         <input_file_ref idref="fl-1e"/>
      </object_component>
      <object_component id="oc-63">
         <name>.debug_info</name>
         <load_address>0x17011</load_address>
         <run_address>0x17011</run_address>
         <size>0x84</size>
         <input_file_ref idref="fl-1e"/>
      </object_component>
      <object_component id="oc-1f0">
         <name>.debug_info</name>
         <load_address>0x17095</load_address>
         <run_address>0x17095</run_address>
         <size>0x39</size>
         <input_file_ref idref="fl-1e"/>
      </object_component>
      <object_component id="oc-27d">
         <name>.debug_info</name>
         <load_address>0x170ce</load_address>
         <run_address>0x170ce</run_address>
         <size>0x39</size>
         <input_file_ref idref="fl-1e"/>
      </object_component>
      <object_component id="oc-1f5">
         <name>.debug_info</name>
         <load_address>0x17107</load_address>
         <run_address>0x17107</run_address>
         <size>0xcd</size>
         <input_file_ref idref="fl-1e"/>
      </object_component>
      <object_component id="oc-d5">
         <name>.debug_info</name>
         <load_address>0x171d4</load_address>
         <run_address>0x171d4</run_address>
         <size>0xf9</size>
         <input_file_ref idref="fl-1f"/>
      </object_component>
      <object_component id="oc-10">
         <name>.debug_info</name>
         <load_address>0x172cd</load_address>
         <run_address>0x172cd</run_address>
         <size>0x245</size>
         <input_file_ref idref="fl-1f"/>
      </object_component>
      <object_component id="oc-5e">
         <name>.debug_info</name>
         <load_address>0x17512</load_address>
         <run_address>0x17512</run_address>
         <size>0x60</size>
         <input_file_ref idref="fl-1f"/>
      </object_component>
      <object_component id="oc-d0">
         <name>.debug_info</name>
         <load_address>0x17572</load_address>
         <run_address>0x17572</run_address>
         <size>0x46</size>
         <input_file_ref idref="fl-1f"/>
      </object_component>
      <object_component id="oc-73">
         <name>.debug_info</name>
         <load_address>0x175b8</load_address>
         <run_address>0x175b8</run_address>
         <size>0x13b</size>
         <input_file_ref idref="fl-20"/>
      </object_component>
      <object_component id="oc-14">
         <name>.debug_info</name>
         <load_address>0x176f3</load_address>
         <run_address>0x176f3</run_address>
         <size>0x1ca</size>
         <input_file_ref idref="fl-20"/>
      </object_component>
      <object_component id="oc-6e">
         <name>.debug_info</name>
         <load_address>0x178bd</load_address>
         <run_address>0x178bd</run_address>
         <size>0x46</size>
         <input_file_ref idref="fl-20"/>
      </object_component>
      <object_component id="oc-d7">
         <name>.debug_info</name>
         <load_address>0x17903</load_address>
         <run_address>0x17903</run_address>
         <size>0x2c</size>
         <input_file_ref idref="fl-20"/>
      </object_component>
      <object_component id="oc-7f">
         <name>.debug_info</name>
         <load_address>0x1792f</load_address>
         <run_address>0x1792f</run_address>
         <size>0x12f</size>
         <input_file_ref idref="fl-21"/>
      </object_component>
      <object_component id="oc-1a">
         <name>.debug_info</name>
         <load_address>0x17a5e</load_address>
         <run_address>0x17a5e</run_address>
         <size>0x1aa</size>
         <input_file_ref idref="fl-21"/>
      </object_component>
      <object_component id="oc-7a">
         <name>.debug_info</name>
         <load_address>0x17c08</load_address>
         <run_address>0x17c08</run_address>
         <size>0x46</size>
         <input_file_ref idref="fl-21"/>
      </object_component>
      <object_component id="oc-1ec">
         <name>.debug_info</name>
         <load_address>0x17c4e</load_address>
         <run_address>0x17c4e</run_address>
         <size>0x1e0</size>
         <input_file_ref idref="fl-22"/>
      </object_component>
      <object_component id="oc-ff">
         <name>.debug_info</name>
         <load_address>0x17e2e</load_address>
         <run_address>0x17e2e</run_address>
         <size>0x183</size>
         <input_file_ref idref="fl-22"/>
      </object_component>
      <object_component id="oc-278">
         <name>.debug_info</name>
         <load_address>0x17fb1</load_address>
         <run_address>0x17fb1</run_address>
         <size>0x2c</size>
         <input_file_ref idref="fl-22"/>
      </object_component>
      <object_component id="oc-136">
         <name>.debug_info</name>
         <load_address>0x17fdd</load_address>
         <run_address>0x17fdd</run_address>
         <size>0x234</size>
         <input_file_ref idref="fl-23"/>
      </object_component>
      <object_component id="oc-130">
         <name>.debug_info</name>
         <load_address>0x18211</load_address>
         <run_address>0x18211</run_address>
         <size>0x185</size>
         <input_file_ref idref="fl-23"/>
      </object_component>
      <object_component id="oc-a4">
         <name>.debug_info</name>
         <load_address>0x18396</load_address>
         <run_address>0x18396</run_address>
         <size>0x214</size>
         <input_file_ref idref="fl-23"/>
      </object_component>
      <object_component id="oc-69">
         <name>.debug_info</name>
         <load_address>0x185aa</load_address>
         <run_address>0x185aa</run_address>
         <size>0x111</size>
         <input_file_ref idref="fl-24"/>
      </object_component>
      <object_component id="oc-75">
         <name>.debug_info</name>
         <load_address>0x186bb</load_address>
         <run_address>0x186bb</run_address>
         <size>0x13f</size>
         <input_file_ref idref="fl-25"/>
      </object_component>
      <object_component id="oc-290">
         <name>.debug_info</name>
         <load_address>0x187fa</load_address>
         <run_address>0x187fa</run_address>
         <size>0x134</size>
         <input_file_ref idref="fl-26"/>
      </object_component>
      <object_component id="oc-20c">
         <name>.debug_info</name>
         <load_address>0x1892e</load_address>
         <run_address>0x1892e</run_address>
         <size>0x195</size>
         <input_file_ref idref="fl-26"/>
      </object_component>
      <object_component id="oc-28b">
         <name>.debug_info</name>
         <load_address>0x18ac3</load_address>
         <run_address>0x18ac3</run_address>
         <size>0x39</size>
         <input_file_ref idref="fl-26"/>
      </object_component>
      <object_component id="oc-104">
         <name>.debug_info</name>
         <load_address>0x18afc</load_address>
         <run_address>0x18afc</run_address>
         <size>0x145</size>
         <input_file_ref idref="fl-27"/>
      </object_component>
      <object_component id="oc-229">
         <name>.debug_info</name>
         <load_address>0x18c41</load_address>
         <run_address>0x18c41</run_address>
         <size>0x124</size>
         <input_file_ref idref="fl-28"/>
      </object_component>
      <object_component id="oc-133">
         <name>.debug_info</name>
         <load_address>0x18d65</load_address>
         <run_address>0x18d65</run_address>
         <size>0x113</size>
         <input_file_ref idref="fl-28"/>
      </object_component>
      <object_component id="oc-222">
         <name>.debug_info</name>
         <load_address>0x18e78</load_address>
         <run_address>0x18e78</run_address>
         <size>0x21f</size>
         <input_file_ref idref="fl-28"/>
      </object_component>
      <object_component id="oc-2d9">
         <name>.debug_info</name>
         <load_address>0x19097</load_address>
         <run_address>0x19097</run_address>
         <size>0xa7</size>
      </object_component>
      <object_component id="oc-2ae">
         <name>.debug_line</name>
         <load_address>0x0</load_address>
         <run_address>0x0</run_address>
         <size>0x138</size>
         <input_file_ref idref="fl-2"/>
      </object_component>
      <object_component id="oc-23a">
         <name>.debug_line</name>
         <load_address>0x138</load_address>
         <run_address>0x138</run_address>
         <size>0x41</size>
         <input_file_ref idref="fl-2"/>
      </object_component>
      <object_component id="oc-241">
         <name>.debug_line</name>
         <load_address>0x179</load_address>
         <run_address>0x179</run_address>
         <size>0x41</size>
         <input_file_ref idref="fl-2"/>
      </object_component>
      <object_component id="oc-243">
         <name>.debug_line</name>
         <load_address>0x1ba</load_address>
         <run_address>0x1ba</run_address>
         <size>0x41</size>
         <input_file_ref idref="fl-2"/>
      </object_component>
      <object_component id="oc-245">
         <name>.debug_line</name>
         <load_address>0x1fb</load_address>
         <run_address>0x1fb</run_address>
         <size>0x41</size>
         <input_file_ref idref="fl-2"/>
      </object_component>
      <object_component id="oc-247">
         <name>.debug_line</name>
         <load_address>0x23c</load_address>
         <run_address>0x23c</run_address>
         <size>0x41</size>
         <input_file_ref idref="fl-2"/>
      </object_component>
      <object_component id="oc-249">
         <name>.debug_line</name>
         <load_address>0x27d</load_address>
         <run_address>0x27d</run_address>
         <size>0x41</size>
         <input_file_ref idref="fl-2"/>
      </object_component>
      <object_component id="oc-24b">
         <name>.debug_line</name>
         <load_address>0x2be</load_address>
         <run_address>0x2be</run_address>
         <size>0x41</size>
         <input_file_ref idref="fl-2"/>
      </object_component>
      <object_component id="oc-24d">
         <name>.debug_line</name>
         <load_address>0x2ff</load_address>
         <run_address>0x2ff</run_address>
         <size>0x41</size>
         <input_file_ref idref="fl-2"/>
      </object_component>
      <object_component id="oc-24f">
         <name>.debug_line</name>
         <load_address>0x340</load_address>
         <run_address>0x340</run_address>
         <size>0x41</size>
         <input_file_ref idref="fl-2"/>
      </object_component>
      <object_component id="oc-251">
         <name>.debug_line</name>
         <load_address>0x381</load_address>
         <run_address>0x381</run_address>
         <size>0x41</size>
         <input_file_ref idref="fl-2"/>
      </object_component>
      <object_component id="oc-253">
         <name>.debug_line</name>
         <load_address>0x3c2</load_address>
         <run_address>0x3c2</run_address>
         <size>0x41</size>
         <input_file_ref idref="fl-2"/>
      </object_component>
      <object_component id="oc-255">
         <name>.debug_line</name>
         <load_address>0x403</load_address>
         <run_address>0x403</run_address>
         <size>0x41</size>
         <input_file_ref idref="fl-2"/>
      </object_component>
      <object_component id="oc-233">
         <name>.debug_line</name>
         <load_address>0x444</load_address>
         <run_address>0x444</run_address>
         <size>0x41</size>
         <input_file_ref idref="fl-2"/>
      </object_component>
      <object_component id="oc-23d">
         <name>.debug_line</name>
         <load_address>0x485</load_address>
         <run_address>0x485</run_address>
         <size>0x41</size>
         <input_file_ref idref="fl-2"/>
      </object_component>
      <object_component id="oc-2ac">
         <name>.debug_line</name>
         <load_address>0x4c6</load_address>
         <run_address>0x4c6</run_address>
         <size>0x41</size>
         <input_file_ref idref="fl-2"/>
      </object_component>
      <object_component id="oc-13c">
         <name>.debug_line</name>
         <load_address>0x507</load_address>
         <run_address>0x507</run_address>
         <size>0x222</size>
         <input_file_ref idref="fl-2"/>
      </object_component>
      <object_component id="oc-1ad">
         <name>.debug_line</name>
         <load_address>0x729</load_address>
         <run_address>0x729</run_address>
         <size>0x66</size>
         <input_file_ref idref="fl-2"/>
      </object_component>
      <object_component id="oc-b8">
         <name>.debug_line</name>
         <load_address>0x78f</load_address>
         <run_address>0x78f</run_address>
         <size>0x6b</size>
         <input_file_ref idref="fl-2"/>
      </object_component>
      <object_component id="oc-237">
         <name>.debug_line</name>
         <load_address>0x7fa</load_address>
         <run_address>0x7fa</run_address>
         <size>0x70</size>
         <input_file_ref idref="fl-2"/>
      </object_component>
      <object_component id="oc-12d">
         <name>.debug_line</name>
         <load_address>0x86a</load_address>
         <run_address>0x86a</run_address>
         <size>0x20</size>
         <input_file_ref idref="fl-2"/>
      </object_component>
      <object_component id="oc-1a0">
         <name>.debug_line</name>
         <load_address>0x88a</load_address>
         <run_address>0x88a</run_address>
         <size>0x6b</size>
         <input_file_ref idref="fl-2"/>
      </object_component>
      <object_component id="oc-cd">
         <name>.debug_line</name>
         <load_address>0x8f5</load_address>
         <run_address>0x8f5</run_address>
         <size>0x69</size>
         <input_file_ref idref="fl-2"/>
      </object_component>
      <object_component id="oc-265">
         <name>.debug_line</name>
         <load_address>0x95e</load_address>
         <run_address>0x95e</run_address>
         <size>0x62</size>
         <input_file_ref idref="fl-2"/>
      </object_component>
      <object_component id="oc-1bc">
         <name>.debug_line</name>
         <load_address>0x9c0</load_address>
         <run_address>0x9c0</run_address>
         <size>0x66</size>
         <input_file_ref idref="fl-2"/>
      </object_component>
      <object_component id="oc-202">
         <name>.debug_line</name>
         <load_address>0xa26</load_address>
         <run_address>0xa26</run_address>
         <size>0x62</size>
         <input_file_ref idref="fl-2"/>
      </object_component>
      <object_component id="oc-187">
         <name>.debug_line</name>
         <load_address>0xa88</load_address>
         <run_address>0xa88</run_address>
         <size>0x66</size>
         <input_file_ref idref="fl-2"/>
      </object_component>
      <object_component id="oc-2a6">
         <name>.debug_line</name>
         <load_address>0xaee</load_address>
         <run_address>0xaee</run_address>
         <size>0x62</size>
         <input_file_ref idref="fl-2"/>
      </object_component>
      <object_component id="oc-142">
         <name>.debug_line</name>
         <load_address>0xb50</load_address>
         <run_address>0xb50</run_address>
         <size>0x70</size>
         <input_file_ref idref="fl-3"/>
      </object_component>
      <object_component id="oc-26d">
         <name>.debug_line</name>
         <load_address>0xbc0</load_address>
         <run_address>0xbc0</run_address>
         <size>0x62</size>
         <input_file_ref idref="fl-4"/>
      </object_component>
      <object_component id="oc-289">
         <name>.debug_line</name>
         <load_address>0xc22</load_address>
         <run_address>0xc22</run_address>
         <size>0x33</size>
         <input_file_ref idref="fl-4"/>
      </object_component>
      <object_component id="oc-287">
         <name>.debug_line</name>
         <load_address>0xc55</load_address>
         <run_address>0xc55</run_address>
         <size>0x33</size>
         <input_file_ref idref="fl-4"/>
      </object_component>
      <object_component id="oc-115">
         <name>.debug_line</name>
         <load_address>0xc88</load_address>
         <run_address>0xc88</run_address>
         <size>0x2dd</size>
         <input_file_ref idref="fl-4"/>
      </object_component>
      <object_component id="oc-29">
         <name>.debug_line</name>
         <load_address>0xf65</load_address>
         <run_address>0xf65</run_address>
         <size>0x4c</size>
         <input_file_ref idref="fl-4"/>
      </object_component>
      <object_component id="oc-c8">
         <name>.debug_line</name>
         <load_address>0xfb1</load_address>
         <run_address>0xfb1</run_address>
         <size>0x66</size>
         <input_file_ref idref="fl-4"/>
      </object_component>
      <object_component id="oc-196">
         <name>.debug_line</name>
         <load_address>0x1017</load_address>
         <run_address>0x1017</run_address>
         <size>0x66</size>
         <input_file_ref idref="fl-4"/>
      </object_component>
      <object_component id="oc-285">
         <name>.debug_line</name>
         <load_address>0x107d</load_address>
         <run_address>0x107d</run_address>
         <size>0x62</size>
         <input_file_ref idref="fl-5"/>
      </object_component>
      <object_component id="oc-283">
         <name>.debug_line</name>
         <load_address>0x10df</load_address>
         <run_address>0x10df</run_address>
         <size>0x33</size>
         <input_file_ref idref="fl-5"/>
      </object_component>
      <object_component id="oc-10f">
         <name>.debug_line</name>
         <load_address>0x1112</load_address>
         <run_address>0x1112</run_address>
         <size>0x457</size>
         <input_file_ref idref="fl-5"/>
      </object_component>
      <object_component id="oc-32">
         <name>.debug_line</name>
         <load_address>0x1569</load_address>
         <run_address>0x1569</run_address>
         <size>0x6d</size>
         <input_file_ref idref="fl-5"/>
      </object_component>
      <object_component id="oc-c1">
         <name>.debug_line</name>
         <load_address>0x15d6</load_address>
         <run_address>0x15d6</run_address>
         <size>0x78</size>
         <input_file_ref idref="fl-6"/>
      </object_component>
      <object_component id="oc-1ea">
         <name>.debug_line</name>
         <load_address>0x164e</load_address>
         <run_address>0x164e</run_address>
         <size>0x62</size>
         <input_file_ref idref="fl-7"/>
      </object_component>
      <object_component id="oc-95">
         <name>.debug_line</name>
         <load_address>0x16b0</load_address>
         <run_address>0x16b0</run_address>
         <size>0x289</size>
         <input_file_ref idref="fl-7"/>
      </object_component>
      <object_component id="oc-38">
         <name>.debug_line</name>
         <load_address>0x1939</load_address>
         <run_address>0x1939</run_address>
         <size>0x6e</size>
         <input_file_ref idref="fl-7"/>
      </object_component>
      <object_component id="oc-17d">
         <name>.debug_line</name>
         <load_address>0x19a7</load_address>
         <run_address>0x19a7</run_address>
         <size>0x66</size>
         <input_file_ref idref="fl-7"/>
      </object_component>
      <object_component id="oc-fa">
         <name>.debug_line</name>
         <load_address>0x1a0d</load_address>
         <run_address>0x1a0d</run_address>
         <size>0x62</size>
         <input_file_ref idref="fl-7"/>
      </object_component>
      <object_component id="oc-2a2">
         <name>.debug_line</name>
         <load_address>0x1a6f</load_address>
         <run_address>0x1a6f</run_address>
         <size>0x62</size>
         <input_file_ref idref="fl-8"/>
      </object_component>
      <object_component id="oc-127">
         <name>.debug_line</name>
         <load_address>0x1ad1</load_address>
         <run_address>0x1ad1</run_address>
         <size>0x196</size>
         <input_file_ref idref="fl-8"/>
      </object_component>
      <object_component id="oc-3e">
         <name>.debug_line</name>
         <load_address>0x1c67</load_address>
         <run_address>0x1c67</run_address>
         <size>0x86</size>
         <input_file_ref idref="fl-8"/>
      </object_component>
      <object_component id="oc-257">
         <name>.debug_line</name>
         <load_address>0x1ced</load_address>
         <run_address>0x1ced</run_address>
         <size>0x188</size>
         <input_file_ref idref="fl-9"/>
      </object_component>
      <object_component id="oc-23f">
         <name>.debug_line</name>
         <load_address>0x1e75</load_address>
         <run_address>0x1e75</run_address>
         <size>0x3c</size>
         <input_file_ref idref="fl-9"/>
      </object_component>
      <object_component id="oc-ae">
         <name>.debug_line</name>
         <load_address>0x1eb1</load_address>
         <run_address>0x1eb1</run_address>
         <size>0x21b</size>
         <input_file_ref idref="fl-9"/>
      </object_component>
      <object_component id="oc-1b2">
         <name>.debug_line</name>
         <load_address>0x20cc</load_address>
         <run_address>0x20cc</run_address>
         <size>0x69</size>
         <input_file_ref idref="fl-9"/>
      </object_component>
      <object_component id="oc-1b7">
         <name>.debug_line</name>
         <load_address>0x2135</load_address>
         <run_address>0x2135</run_address>
         <size>0x66</size>
         <input_file_ref idref="fl-9"/>
      </object_component>
      <object_component id="oc-25b">
         <name>.debug_line</name>
         <load_address>0x219b</load_address>
         <run_address>0x219b</run_address>
         <size>0x66</size>
         <input_file_ref idref="fl-9"/>
      </object_component>
      <object_component id="oc-260">
         <name>.debug_line</name>
         <load_address>0x2201</load_address>
         <run_address>0x2201</run_address>
         <size>0x66</size>
         <input_file_ref idref="fl-9"/>
      </object_component>
      <object_component id="oc-176">
         <name>.debug_line</name>
         <load_address>0x2267</load_address>
         <run_address>0x2267</run_address>
         <size>0x66</size>
         <input_file_ref idref="fl-9"/>
      </object_component>
      <object_component id="oc-e2">
         <name>.debug_line</name>
         <load_address>0x22cd</load_address>
         <run_address>0x22cd</run_address>
         <size>0x6b</size>
         <input_file_ref idref="fl-9"/>
      </object_component>
      <object_component id="oc-1e7">
         <name>.debug_line</name>
         <load_address>0x2338</load_address>
         <run_address>0x2338</run_address>
         <size>0x6b</size>
         <input_file_ref idref="fl-9"/>
      </object_component>
      <object_component id="oc-21a">
         <name>.debug_line</name>
         <load_address>0x23a3</load_address>
         <run_address>0x23a3</run_address>
         <size>0x62</size>
         <input_file_ref idref="fl-9"/>
      </object_component>
      <object_component id="oc-1c1">
         <name>.debug_line</name>
         <load_address>0x2405</load_address>
         <run_address>0x2405</run_address>
         <size>0x66</size>
         <input_file_ref idref="fl-9"/>
      </object_component>
      <object_component id="oc-182">
         <name>.debug_line</name>
         <load_address>0x246b</load_address>
         <run_address>0x246b</run_address>
         <size>0x68</size>
         <input_file_ref idref="fl-9"/>
      </object_component>
      <object_component id="oc-1da">
         <name>.debug_line</name>
         <load_address>0x24d3</load_address>
         <run_address>0x24d3</run_address>
         <size>0x65</size>
         <input_file_ref idref="fl-9"/>
      </object_component>
      <object_component id="oc-1c6">
         <name>.debug_line</name>
         <load_address>0x2538</load_address>
         <run_address>0x2538</run_address>
         <size>0x66</size>
         <input_file_ref idref="fl-9"/>
      </object_component>
      <object_component id="oc-1d0">
         <name>.debug_line</name>
         <load_address>0x259e</load_address>
         <run_address>0x259e</run_address>
         <size>0x68</size>
         <input_file_ref idref="fl-9"/>
      </object_component>
      <object_component id="oc-26a">
         <name>.debug_line</name>
         <load_address>0x2606</load_address>
         <run_address>0x2606</run_address>
         <size>0x66</size>
         <input_file_ref idref="fl-9"/>
      </object_component>
      <object_component id="oc-29d">
         <name>.debug_line</name>
         <load_address>0x266c</load_address>
         <run_address>0x266c</run_address>
         <size>0x62</size>
         <input_file_ref idref="fl-9"/>
      </object_component>
      <object_component id="oc-1df">
         <name>.debug_line</name>
         <load_address>0x26ce</load_address>
         <run_address>0x26ce</run_address>
         <size>0x66</size>
         <input_file_ref idref="fl-9"/>
      </object_component>
      <object_component id="oc-18c">
         <name>.debug_line</name>
         <load_address>0x2734</load_address>
         <run_address>0x2734</run_address>
         <size>0x69</size>
         <input_file_ref idref="fl-9"/>
      </object_component>
      <object_component id="oc-191">
         <name>.debug_line</name>
         <load_address>0x279d</load_address>
         <run_address>0x279d</run_address>
         <size>0x68</size>
         <input_file_ref idref="fl-9"/>
      </object_component>
      <object_component id="oc-26f">
         <name>.debug_line</name>
         <load_address>0x2805</load_address>
         <run_address>0x2805</run_address>
         <size>0x20</size>
         <input_file_ref idref="fl-a"/>
      </object_component>
      <object_component id="oc-eb">
         <name>.debug_line</name>
         <load_address>0x2825</load_address>
         <run_address>0x2825</run_address>
         <size>0xd7</size>
         <input_file_ref idref="fl-a"/>
      </object_component>
      <object_component id="oc-1cb">
         <name>.debug_line</name>
         <load_address>0x28fc</load_address>
         <run_address>0x28fc</run_address>
         <size>0x69</size>
         <input_file_ref idref="fl-a"/>
      </object_component>
      <object_component id="oc-273">
         <name>.debug_line</name>
         <load_address>0x2965</load_address>
         <run_address>0x2965</run_address>
         <size>0x65</size>
         <input_file_ref idref="fl-a"/>
      </object_component>
      <object_component id="oc-2a0">
         <name>.debug_line</name>
         <load_address>0x29ca</load_address>
         <run_address>0x29ca</run_address>
         <size>0x62</size>
         <input_file_ref idref="fl-b"/>
      </object_component>
      <object_component id="oc-121">
         <name>.debug_line</name>
         <load_address>0x2a2c</load_address>
         <run_address>0x2a2c</run_address>
         <size>0x2f2</size>
         <input_file_ref idref="fl-b"/>
      </object_component>
      <object_component id="oc-44">
         <name>.debug_line</name>
         <load_address>0x2d1e</load_address>
         <run_address>0x2d1e</run_address>
         <size>0xa0</size>
         <input_file_ref idref="fl-b"/>
      </object_component>
      <object_component id="oc-294">
         <name>.debug_line</name>
         <load_address>0x2dbe</load_address>
         <run_address>0x2dbe</run_address>
         <size>0x69</size>
         <input_file_ref idref="fl-c"/>
      </object_component>
      <object_component id="oc-292">
         <name>.debug_line</name>
         <load_address>0x2e27</load_address>
         <run_address>0x2e27</run_address>
         <size>0x33</size>
         <input_file_ref idref="fl-c"/>
      </object_component>
      <object_component id="oc-11b">
         <name>.debug_line</name>
         <load_address>0x2e5a</load_address>
         <run_address>0x2e5a</run_address>
         <size>0x2b9</size>
         <input_file_ref idref="fl-c"/>
      </object_component>
      <object_component id="oc-298">
         <name>.debug_line</name>
         <load_address>0x3113</load_address>
         <run_address>0x3113</run_address>
         <size>0x33</size>
         <input_file_ref idref="fl-c"/>
      </object_component>
      <object_component id="oc-84">
         <name>.debug_line</name>
         <load_address>0x3146</load_address>
         <run_address>0x3146</run_address>
         <size>0x2e4</size>
         <input_file_ref idref="fl-d"/>
      </object_component>
      <object_component id="oc-4a">
         <name>.debug_line</name>
         <load_address>0x342a</load_address>
         <run_address>0x342a</run_address>
         <size>0x4f</size>
         <input_file_ref idref="fl-f"/>
      </object_component>
      <object_component id="oc-a1">
         <name>.debug_line</name>
         <load_address>0x3479</load_address>
         <run_address>0x3479</run_address>
         <size>0x7a</size>
         <input_file_ref idref="fl-10"/>
      </object_component>
      <object_component id="oc-2b0">
         <name>.debug_line</name>
         <load_address>0x34f3</load_address>
         <run_address>0x34f3</run_address>
         <size>0x20</size>
         <input_file_ref idref="fl-12"/>
      </object_component>
      <object_component id="oc-2b4">
         <name>.debug_line</name>
         <load_address>0x3513</load_address>
         <run_address>0x3513</run_address>
         <size>0x66</size>
         <input_file_ref idref="fl-12"/>
      </object_component>
      <object_component id="oc-1d5">
         <name>.debug_line</name>
         <load_address>0x3579</load_address>
         <run_address>0x3579</run_address>
         <size>0x66</size>
         <input_file_ref idref="fl-12"/>
      </object_component>
      <object_component id="oc-4f">
         <name>.debug_line</name>
         <load_address>0x35df</load_address>
         <run_address>0x35df</run_address>
         <size>0x4b</size>
         <input_file_ref idref="fl-13"/>
      </object_component>
      <object_component id="oc-f3">
         <name>.debug_line</name>
         <load_address>0x362a</load_address>
         <run_address>0x362a</run_address>
         <size>0x125</size>
         <input_file_ref idref="fl-15"/>
      </object_component>
      <object_component id="oc-1e3">
         <name>.debug_line</name>
         <load_address>0x374f</load_address>
         <run_address>0x374f</run_address>
         <size>0xf8</size>
         <input_file_ref idref="fl-16"/>
      </object_component>
      <object_component id="oc-8f">
         <name>.debug_line</name>
         <load_address>0x3847</load_address>
         <run_address>0x3847</run_address>
         <size>0xd30</size>
         <input_file_ref idref="fl-16"/>
      </object_component>
      <object_component id="oc-23">
         <name>.debug_line</name>
         <load_address>0x4577</load_address>
         <run_address>0x4577</run_address>
[...]
         <object_component_ref idref="oc-80"/>
      </symbol>
      <symbol id="sm-572">
         <name>_esmCcmErrorsClear_</name>
         <value>0x8c18</value>
         <object_component_ref idref="oc-80"/>
      </symbol>
      <symbol id="sm-573">
         <name>_gotoCPUIdle_</name>
         <value>0x8adc</value>
         <object_component_ref idref="oc-80"/>
      </symbol>
      <symbol id="sm-574">
         <name>_coreEnableIrqVicOffset_</name>
         <value>0x8b70</value>
         <object_component_ref idref="oc-80"/>
      </symbol>
      <symbol id="sm-575">
         <name>_coreGetInstructionFault_</name>
         <value>0x8b94</value>
         <object_component_ref idref="oc-80"/>
      </symbol>
      <symbol id="sm-576">
         <name>_coreEnableVfp_</name>
         <value>0x8af4</value>
         <object_component_ref idref="oc-80"/>
      </symbol>
      <symbol id="sm-577">
         <name>_coreClearAuxiliaryDataFault_</name>
         <value>0x8bd8</value>
         <object_component_ref idref="oc-80"/>
      </symbol>
      <symbol id="sm-578">
         <name>_coreEnableEventBusExport_</name>
         <value>0x8b0c</value>
         <object_component_ref idref="oc-80"/>
      </symbol>
      <symbol id="sm-585">
         <name>resetEntry</name>
         <value>0x0</value>
         <object_component_ref idref="oc-46"/>
      </symbol>
      <symbol id="sm-593">
         <name>main</name>
         <value>0x99b4</value>
         <object_component_ref idref="oc-9d"/>
      </symbol>
      <symbol id="sm-594">
         <name>init</name>
         <value>0x99c0</value>
         <object_component_ref idref="oc-9d"/>
      </symbol>
      <symbol id="sm-5ad">
         <name>phantomInterrupt</name>
         <value>0x9cf8</value>
         <object_component_ref idref="oc-4b"/>
      </symbol>
      <symbol id="sm-5b7">
         <name>_pmuResetCounters_</name>
         <value>0x98c4</value>
         <object_component_ref idref="oc-ef"/>
      </symbol>
      <symbol id="sm-5b8">
         <name>_pmuGetEventCount_</name>
         <value>0x98f8</value>
         <object_component_ref idref="oc-ef"/>
      </symbol>
      <symbol id="sm-5b9">
         <name>_pmuResetEventCounters_</name>
         <value>0x98b4</value>
         <object_component_ref idref="oc-ef"/>
      </symbol>
      <symbol id="sm-5ba">
         <name>_pmuStopCounters_</name>
         <value>0x98dc</value>
         <object_component_ref idref="oc-ef"/>
      </symbol>
      <symbol id="sm-5bb">
         <name>_pmuInit_</name>
         <value>0x9838</value>
         <object_component_ref idref="oc-ef"/>
      </symbol>
      <symbol id="sm-5bc">
         <name>_pmuGetOverflow_</name>
         <value>0x9904</value>
         <object_component_ref idref="oc-ef"/>
      </symbol>
      <symbol id="sm-5bd">
         <name>_pmuResetCycleCounter_</name>
         <value>0x98a4</value>
         <object_component_ref idref="oc-ef"/>
      </symbol>
      <symbol id="sm-5be">
         <name>_pmuSetCountEvent_</name>
         <value>0x98e4</value>
         <object_component_ref idref="oc-ef"/>
      </symbol>
      <symbol id="sm-5bf">
         <name>_pmuGetCycleCount_</name>
         <value>0x98f0</value>
         <object_component_ref idref="oc-ef"/>
      </symbol>
      <symbol id="sm-5c0">
         <name>_pmuEnableCountersGlobal_</name>
         <value>0x9884</value>
         <object_component_ref idref="oc-ef"/>
      </symbol>
      <symbol id="sm-5c1">
         <name>_pmuDisableCountersGlobal_</name>
         <value>0x9894</value>
         <object_component_ref idref="oc-ef"/>
      </symbol>
      <symbol id="sm-5c2">
         <name>_pmuStartCounters_</name>
         <value>0x98d4</value>
         <object_component_ref idref="oc-ef"/>
      </symbol>
      <symbol id="sm-782">
         <name>pbistSelfCheck</name>
         <value>0x2cc</value>
         <object_component_ref idref="oc-8b"/>
      </symbol>
      <symbol id="sm-783">
         <name>fmcBus1ParityCheck</name>
         <value>0x22c4</value>
         <object_component_ref idref="oc-8b"/>
      </symbol>
      <symbol id="sm-784">
         <name>can1ParityCheck</name>
         <value>0x1410</value>
         <object_component_ref idref="oc-8b"/>
      </symbol>
      <symbol id="sm-785">
         <name>enableParity</name>
         <value>0x2ad0</value>
         <object_component_ref idref="oc-8b"/>
      </symbol>
      <symbol id="sm-786">
         <name>dmaParityCheck</name>
         <value>0xeac</value>
         <object_component_ref idref="oc-8b"/>
      </symbol>
      <symbol id="sm-787">
         <name>custom_dabort</name>
         <value>0xdf4</value>
         <object_component_ref idref="oc-8b"/>
      </symbol>
      <symbol id="sm-788">
         <name>memoryInit</name>
         <value>0x174</value>
         <object_component_ref idref="oc-8b"/>
      </symbol>
      <symbol id="sm-789">
         <name>stcSelfCheck</name>
         <value>0x1b8</value>
         <object_component_ref idref="oc-8b"/>
      </symbol>
      <symbol id="sm-78a">
         <name>efcGetConfigValue</name>
         <value>0x2660</value>
         <object_component_ref idref="oc-8b"/>
      </symbol>
      <symbol id="sm-78b">
         <name>can2ParityCheck</name>
         <value>0x14e8</value>
         <object_component_ref idref="oc-8b"/>
      </symbol>
      <symbol id="sm-78c">
         <name>het1ParityCheck</name>
         <value>0xf58</value>
         <object_component_ref idref="oc-8b"/>
      </symbol>
      <symbol id="sm-78d">
         <name>adc1ParityCheck</name>
         <value>0x126c</value>
         <object_component_ref idref="oc-8b"/>
      </symbol>
      <symbol id="sm-78e">
         <name>checkefcSelfTest</name>
         <value>0x7bc</value>
         <object_component_ref idref="oc-8b"/>
      </symbol>
      <symbol id="sm-78f">
         <name>checkRAMECC</name>
         <value>0x19d0</value>
         <object_component_ref idref="oc-8b"/>
      </symbol>
      <symbol id="sm-790">
         <name>stcSelfCheckFail</name>
         <value>0xdf8</value>
         <object_component_ref idref="oc-8b"/>
      </symbol>
      <symbol id="sm-791">
         <name>ccmSelfCheck</name>
         <value>0x30</value>
         <object_component_ref idref="oc-8b"/>
      </symbol>
      <symbol id="sm-792">
         <name>efcCheck</name>
         <value>0x660</value>
         <object_component_ref idref="oc-8b"/>
      </symbol>
      <symbol id="sm-793">
         <name>het2ParityCheck</name>
         <value>0x10c0</value>
         <object_component_ref idref="oc-8b"/>
      </symbol>
      <symbol id="sm-794">
         <name>adc2ParityCheck</name>
         <value>0x1358</value>
         <object_component_ref idref="oc-8b"/>
      </symbol>
      <symbol id="sm-795">
         <name>cpuSelfTest</name>
         <value>0x234</value>
         <object_component_ref idref="oc-8b"/>
      </symbol>
      <symbol id="sm-796">
         <name>htu1ParityCheck</name>
         <value>0x1004</value>
         <object_component_ref idref="oc-8b"/>
      </symbol>
      <symbol id="sm-797">
         <name>checkFlashECC</name>
         <value>0xd18</value>
         <object_component_ref idref="oc-8b"/>
      </symbol>
      <symbol id="sm-798">
         <name>cpuSelfTestFail</name>
         <value>0xdfc</value>
         <object_component_ref idref="oc-8b"/>
      </symbol>
      <symbol id="sm-799">
         <name>checkPLL1Slip</name>
         <value>0x1e8c</value>
         <object_component_ref idref="oc-8b"/>
      </symbol>
      <symbol id="sm-79a">
         <name>mibspi1ParityCheck</name>
         <value>0x1684</value>
         <object_component_ref idref="oc-8b"/>
      </symbol>
      <symbol id="sm-79b">
         <name>ccmr4GetConfigValue</name>
         <value>0x26fc</value>
         <object_component_ref idref="oc-8b"/>
      </symbol>
      <symbol id="sm-79c">
         <name>htu2ParityCheck</name>
         <value>0x11bc</value>
         <object_component_ref idref="oc-8b"/>
      </symbol>
      <symbol id="sm-79d">
         <name>pbistPortTestStatus</name>
         <value>0x608</value>
         <object_component_ref idref="oc-8b"/>
      </symbol>
      <symbol id="sm-79e">
         <name>checkFlashEEPROMECC</name>
         <value>0x1cf4</value>
         <object_component_ref idref="oc-8b"/>
      </symbol>
      <symbol id="sm-79f">
         <name>pbistGetConfigValue</name>
         <value>0x2470</value>
         <object_component_ref idref="oc-8b"/>
      </symbol>
      <symbol id="sm-7a0">
         <name>vimParityCheck</name>
         <value>0xe00</value>
         <object_component_ref idref="oc-8b"/>
      </symbol>
      <symbol id="sm-7a1">
         <name>pbistIsTestCompleted</name>
         <value>0x5a8</value>
         <object_component_ref idref="oc-8b"/>
      </symbol>
      <symbol id="sm-7a2">
         <name>disableParity</name>
         <value>0x2b58</value>
         <object_component_ref idref="oc-8b"/>
      </symbol>
      <symbol id="sm-7a3">
         <name>pbistRun</name>
         <value>0x4ac</value>
         <object_component_ref idref="oc-8b"/>
      </symbol>
      <symbol id="sm-7a4">
         <name>pbistFail</name>
         <value>0x23ec</value>
         <object_component_ref idref="oc-8b"/>
      </symbol>
      <symbol id="sm-7a5">
         <name>selftestFailNotification</name>
         <value>0x20</value>
         <object_component_ref idref="oc-8b"/>
      </symbol>
      <symbol id="sm-7a6">
         <name>errata_PBIST_4</name>
         <value>0x276c</value>
         <object_component_ref idref="oc-8b"/>
      </symbol>
      <symbol id="sm-7a7">
         <name>mibspi3ParityCheck</name>
         <value>0x178c</value>
         <object_component_ref idref="oc-8b"/>
      </symbol>
      <symbol id="sm-7a8">
         <name>efcSelfTest</name>
         <value>0x794</value>
         <object_component_ref idref="oc-8b"/>
      </symbol>
      <symbol id="sm-7a9">
         <name>checkB1RAMECC</name>
         <value>0xb28</value>
         <object_component_ref idref="oc-8b"/>
      </symbol>
      <symbol id="sm-7aa">
         <name>pbistStop</name>
         <value>0x578</value>
         <object_component_ref idref="oc-8b"/>
      </symbol>
      <symbol id="sm-7ab">
         <name>can3ParityCheck</name>
         <value>0x15b0</value>
         <object_component_ref idref="oc-8b"/>
      </symbol>
      <symbol id="sm-7ac">
         <name>checkRAMAddrParity</name>
         <value>0x2050</value>
         <object_component_ref idref="oc-8b"/>
      </symbol>
      <symbol id="sm-7ad">
         <name>mibspi5ParityCheck</name>
         <value>0x18b0</value>
         <object_component_ref idref="oc-8b"/>
      </symbol>
      <symbol id="sm-7ae">
         <name>checkB0RAMECC</name>
         <value>0x938</value>
         <object_component_ref idref="oc-8b"/>
      </symbol>
      <symbol id="sm-7af">
         <name>stcGetConfigValue</name>
         <value>0x25bc</value>
         <object_component_ref idref="oc-8b"/>
      </symbol>
      <symbol id="sm-7b0">
         <name>pbistIsTestPassed</name>
         <value>0x5d4</value>
         <object_component_ref idref="oc-8b"/>
      </symbol>
      <symbol id="sm-7b1">
         <name>checkClockMonitor</name>
         <value>0x1c18</value>
         <object_component_ref idref="oc-8b"/>
      </symbol>
      <symbol id="sm-7b2">
         <name>fmcECCcheck</name>
         <value>0x898</value>
         <object_component_ref idref="oc-8b"/>
      </symbol>
      <symbol id="sm-7b3">
         <name>fmcBus2Check</name>
         <value>0x85c</value>
         <object_component_ref idref="oc-8b"/>
      </symbol>
      <symbol id="sm-7b4">
         <name>checkRAMUERRTest</name>
         <value>0x215c</value>
         <object_component_ref idref="oc-8b"/>
      </symbol>
      <symbol id="sm-7b5">
         <name>efcStuckZeroTest</name>
         <value>0x6e8</value>
         <object_component_ref idref="oc-8b"/>
      </symbol>
      <symbol id="sm-7b6">
         <name>checkPLL2Slip</name>
         <value>0x1f8c</value>
         <object_component_ref idref="oc-8b"/>
      </symbol>
      <symbol id="sm-7de">
         <name>_c_int00</name>
         <value>0x8f94</value>
         <object_component_ref idref="oc-1f"/>
      </symbol>
      <symbol id="sm-88e">
         <name>vimChannelMap</name>
         <value>0x5270</value>
         <object_component_ref idref="oc-52"/>
      </symbol>
      <symbol id="sm-88f">
         <name>vimInit</name>
         <value>0x519c</value>
         <object_component_ref idref="oc-52"/>
      </symbol>
      <symbol id="sm-890">
         <name>vimEnableInterrupt</name>
         <value>0x5314</value>
         <object_component_ref idref="oc-52"/>
      </symbol>
      <symbol id="sm-891">
         <name>vimDisableInterrupt</name>
         <value>0x54dc</value>
         <object_component_ref idref="oc-52"/>
      </symbol>
      <symbol id="sm-892">
         <name>vimGetConfigValue</name>
         <value>0x5588</value>
         <object_component_ref idref="oc-52"/>
      </symbol>
      <symbol id="sm-893">
         <name>vimParityErrorHandler</name>
         <value>0x8cc8</value>
         <object_component_ref idref="oc-51"/>
      </symbol>
      <symbol id="sm-8ed">
         <name>systemGetConfigValue</name>
         <value>0x3ee8</value>
         <object_component_ref idref="oc-85"/>
      </symbol>
      <symbol id="sm-8ee">
         <name>trimLPO</name>
         <value>0x3be8</value>
         <object_component_ref idref="oc-85"/>
      </symbol>
      <symbol id="sm-8ef">
         <name>systemInit</name>
         <value>0x3dec</value>
         <object_component_ref idref="oc-85"/>
      </symbol>
      <symbol id="sm-8f0">
         <name>tcmflashGetConfigValue</name>
         <value>0x42fc</value>
         <object_component_ref idref="oc-85"/>
      </symbol>
      <symbol id="sm-8f1">
         <name>sramGetConfigValue</name>
         <value>0x44a8</value>
         <object_component_ref idref="oc-85"/>
      </symbol>
      <symbol id="sm-8f2">
         <name>periphInit</name>
         <value>0x3c70</value>
         <object_component_ref idref="oc-85"/>
      </symbol>
      <symbol id="sm-8f3">
         <name>setupFlash</name>
         <value>0x3c30</value>
         <object_component_ref idref="oc-85"/>
      </symbol>
      <symbol id="sm-8f4">
         <name>setupPLL</name>
         <value>0x3b88</value>
         <object_component_ref idref="oc-85"/>
      </symbol>
      <symbol id="sm-8f5">
         <name>mapClocks</name>
         <value>0x3cc4</value>
         <object_component_ref idref="oc-85"/>
      </symbol>
      <symbol id="sm-8f6">
         <name>systemPowerDown</name>
         <value>0x3eb8</value>
         <object_component_ref idref="oc-85"/>
      </symbol>
      <symbol id="sm-925">
         <name>__TI_auto_init</name>
         <value>0x9ab1</value>
         <object_component_ref idref="oc-97"/>
      </symbol>
      <symbol id="sm-943">
         <name>__TI_decompress_lzss</name>
         <value>0x9b21</value>
         <object_component_ref idref="oc-d"/>
      </symbol>
      <symbol id="sm-95a">
         <name>__TI_decompress_none</name>
         <value>0x9cdd</value>
         <object_component_ref idref="oc-13"/>
      </symbol>
      <symbol id="sm-96c">
         <name>__TI_zero_init</name>
         <value>0x9ceb</value>
         <object_component_ref idref="oc-19"/>
      </symbol>
      <symbol id="sm-986">
         <name>copy_in</name>
         <value>0x9c7d</value>
         <object_component_ref idref="oc-fd"/>
      </symbol>
      <symbol id="sm-9a7">
         <name>C$$EXIT</name>
         <value>0x9be1</value>
         <object_component_ref idref="oc-a3"/>
      </symbol>
      <symbol id="sm-9a8">
         <name>abort</name>
         <value>0x9be5</value>
         <object_component_ref idref="oc-a3"/>
      </symbol>
      <symbol id="sm-9a9">
         <name>exit</name>
         <value>0x9bed</value>
         <object_component_ref idref="oc-a3"/>
      </symbol>
      <symbol id="sm-9aa">
         <name>__TI_dtors_ptr</name>
         <value>0x8001544</value>
         <object_component_ref idref="oc-12f"/>
      </symbol>
      <symbol id="sm-9ab">
         <name>__TI_cleanup_ptr</name>
         <value>0x8001540</value>
         <object_component_ref idref="oc-12f"/>
      </symbol>
      <symbol id="sm-9ac">
         <name>__TI_enable_exit_profile_output</name>
         <value>0x8001548</value>
         <object_component_ref idref="oc-12f"/>
      </symbol>
      <symbol id="sm-9c7">
         <name>memcpy</name>
         <value>0x9919</value>
         <object_component_ref idref="oc-68"/>
      </symbol>
      <symbol id="sm-9c8">
         <name>__aeabi_memcpy</name>
         <value>0x9919</value>
         <object_component_ref idref="oc-68"/>
      </symbol>
      <symbol id="sm-9c9">
         <name>__aeabi_memcpy8</name>
         <value>0x9919</value>
         <object_component_ref idref="oc-68"/>
      </symbol>
      <symbol id="sm-9ca">
         <name>__aeabi_memcpy4</name>
         <value>0x9919</value>
         <object_component_ref idref="oc-68"/>
      </symbol>
      <symbol id="sm-9d9">
         <name>__aeabi_memset</name>
         <value>0x9a37</value>
         <object_component_ref idref="oc-74"/>
      </symbol>
      <symbol id="sm-9da">
         <name>memset</name>
         <value>0x9a3d</value>
         <object_component_ref idref="oc-74"/>
      </symbol>
      <symbol id="sm-9db">
         <name>__aeabi_memset8</name>
         <value>0x9a37</value>
         <object_component_ref idref="oc-74"/>
      </symbol>
      <symbol id="sm-9dc">
         <name>__aeabi_memset4</name>
         <value>0x9a37</value>
         <object_component_ref idref="oc-74"/>
      </symbol>
      <symbol id="sm-9dd">
         <name>__aeabi_memclr8</name>
         <value>0x9a35</value>
         <object_component_ref idref="oc-74"/>
      </symbol>
      <symbol id="sm-9de">
         <name>__aeabi_memclr4</name>
         <value>0x9a35</value>
         <object_component_ref idref="oc-74"/>
      </symbol>
      <symbol id="sm-9df">
         <name>__aeabi_memclr</name>
         <value>0x9a35</value>
         <object_component_ref idref="oc-74"/>
      </symbol>
      <symbol id="sm-a00">
         <name>floorl</name>
         <value>0x9759</value>
         <object_component_ref idref="oc-20b"/>
      </symbol>
      <symbol id="sm-a01">
         <name>floor</name>
         <value>0x9759</value>
         <object_component_ref idref="oc-20b"/>
      </symbol>
      <symbol id="sm-a0b">
         <name>_system_post_cinit</name>
         <value>0x9aaf</value>
         <object_component_ref idref="oc-103"/>
      </symbol>
      <symbol id="sm-a24">
         <name>_nop</name>
         <value>0x9cd7</value>
         <object_component_ref idref="oc-221"/>
      </symbol>
      <symbol id="sm-a25">
         <name>_lock</name>
         <value>0x80015d0</value>
         <object_component_ref idref="oc-132"/>
      </symbol>
      <symbol id="sm-a26">
         <name>_unlock</name>
         <value>0x80015d4</value>
         <object_component_ref idref="oc-132"/>
      </symbol>
      <symbol id="sm-a27">
         <name>_register_lock</name>
         <value>0x9ccf</value>
         <object_component_ref idref="oc-221"/>
      </symbol>
      <symbol id="sm-a28">
         <name>_register_unlock</name>
         <value>0x9cc9</value>
         <object_component_ref idref="oc-221"/>
      </symbol>
      <symbol id="sm-a29">
         <name>__TI_static_base__</name>
         <value>0x0</value>
      </symbol>
      <symbol id="sm-a2c">
         <name>SHT$$INIT_ARRAY$$Base</name>
         <value>0x0</value>
      </symbol>
      <symbol id="sm-a2d">
         <name>SHT$$INIT_ARRAY$$Limit</name>
         <value>0x0</value>
      </symbol>
   </symbol_table>
   <title>Link successful</title>
</link_info>
