******************************************************************************
                  TI ARM Linker Unix v16.9.1                   
******************************************************************************
>> Linked Wed Jul 26 06:29:47 2017

OUTPUT FILE NAME:   <Comprehensive_Test_Receive.out>
ENTRY POINT SYMBOL: "_c_int00"  address: 000093cc


MEMORY CONFIGURATION

         name            origin    length      used     unused   attr    fill
----------------------  --------  ---------  --------  --------  ----  --------
  VECTORS               00000000   00000020  00000020  00000000     X
  FLASH0                00000020   0013ffe0  0000a448  00135b98  R  X
  STACKS                08000000   00001500  00000000  00001500  RW  
  RAM                   08001500   0002eb00  00000101  0002e9ff  RW  
  AJSM                  f0000000   00000010  00000000  00000010  R  X


SEGMENT ALLOCATION MAP

run origin  load origin   length   init length attrs members
----------  ----------- ---------- ----------- ----- -------
00000000    00000000    0000a468   0000a468    r-x
  00000000    00000000    00000020   00000020    r-x .intvecs
  00000020    00000020    0000a1a0   0000a1a0    r-x .text
  0000a1c0    0000a1c0    00000250   00000250    r-- .const
  0000a410    0000a410    00000058   00000058    r-- .cinit
08001500    08001500    00000101   00000000    rw-
  08001500    08001500    000000d8   00000000    rw- .data
  080015d8    080015d8    00000029   00000000    rw- .bss


SECTION ALLOCATION MAP

 output                                  attributes/
section   page    origin      length       input sections
--------  ----  ----------  ----------   ----------------
.intvecs   0    00000000    00000020     
                  00000000    00000020     sys_intvecs.obj (.intvecs)

.text      0    00000020    0000a1a0     
                  00000020    00002cdc     sys_selftest.obj (.text)
                  00002cfc    00000e40     can.obj (.text)
                  00003b3c    00000b28     system.obj (.text)
                  00004664    00000aec     adc.obj (.text)
                  00005150    00000ae4     notification.obj (.text)
                  00005c34    00000a58     sys_vim.obj (.text)
                  0000668c    000008b4     pinmux.obj (.text)
                  00006f40    000007b8     sci.obj (.text)
                  000076f8    0000063c     rti.obj (.text)
                  00007d34    00000614     A_control_methods.obj (.text)
                  00008348    000005d8     esm.obj (.text)
                  00008920    00000494     gio.obj (.text)
                  00008db4    0000034c     sys_core.obj (.text)
                  00009100    000002cc     sys_vim.obj (.text:retain)
                  000093cc    0000027c     sys_startup.obj (.text:retain)
                  00009648    0000019c     can.obj (.text:retain)
                  000097e4    00000128     gio.obj (.text:retain)
                  0000990c    00000114     esm.obj (.text:retain)
                  00009a20    000000e8     dabort.obj (.text)
                  00009b08    000000e0     rtsv7R4_T_be_v3D16_eabi.lib : s_floor.obj (.text)
                  00009be8    000000e0     sys_pmu.obj (.text)
                  00009cc8    000000dc     rti.obj (.text:retain)
                  00009da4    0000009c     rtsv7R4_T_be_v3D16_eabi.lib : memcpy_t2.obj (.text)
                  00009e40    00000094     A_exception_handler.obj (.text)
                  00009ed4    0000007a     rtsv7R4_T_be_v3D16_eabi.lib : memset_t2.obj (.text)
                  00009f4e    00000002                                 : startup.obj (.text)
                  00009f50    00000078     sys_main.obj (.text)
                  00009fc8    00000070     rtsv7R4_T_be_v3D16_eabi.lib : autoinit.obj (.text)
                  0000a038    0000006c                                 : copy_decompress_lzss.obj (.text:decompress:lzss)
                  0000a0a4    00000050                                 : exit.obj (.text)
                  0000a0f4    0000004c                                 : cpy_tbl.obj (.text)
                  0000a140    0000004a                                 : fs_toull_t2.obj (.text)
                  0000a18a    00000002     --HOLE-- [fill = 0]
                  0000a18c    00000014                                 : _lock.obj (.text)
                  0000a1a0    0000000e                                 : copy_decompress_none.obj (.text:decompress:none)
                  0000a1ae    0000000c                                 : copy_zero_init.obj (.text:decompress:ZI)
                  0000a1ba    00000002     --HOLE-- [fill = 0]
                  0000a1bc    00000004     sys_phantom.obj (.text:retain)

.const     0    0000a1c0    00000250     
                  0000a1c0    00000200     sys_vim.obj (.const:s_vim_init)
                  0000a3c0    00000020     can.obj (.const:s_canByteOrder)
                  0000a3e0    00000018     adc.obj (.const:s_adcFiFoSize)
                  0000a3f8    00000018     adc.obj (.const:s_adcSelect)

.cinit     0    0000a410    00000058     
                  0000a410    00000032     (.cinit..data.load) [load image, compression = lzss]
                  0000a442    00000002     --HOLE-- [fill = 0]
                  0000a444    0000000c     (__TI_handler_table)
                  0000a450    00000008     (.cinit..bss.load) [load image, compression = zero_init]
                  0000a458    00000010     (__TI_cinit_table)

.data      0    08001500    000000d8     UNINITIALIZED
                  08001500    00000018     A_control_methods.obj (.data:adc_data)
                  08001518    00000016     A_control_methods.obj (.data)
                  0800152e    00000002     notification.obj (.data)
                  08001530    0000000c     rtsv7R4_T_be_v3D16_eabi.lib : exit.obj (.data:$O1$$)
                  0800153c    0000000c     A_control_methods.obj (.data:a_ac_motor)
                  08001548    0000000c     A_control_methods.obj (.data:a_battery)
                  08001554    0000000c     A_control_methods.obj (.data:speed_vihecle)
                  08001560    0000000c     A_control_methods.obj (.data:t_heatSink)
                  0800156c    0000000c     A_control_methods.obj (.data:t_motor)
                  08001578    0000000c     A_control_methods.obj (.data:t_ptc)
                  08001584    0000000c     A_control_methods.obj (.data:torque_motor)
                  08001590    0000000c     A_control_methods.obj (.data:v_ac_motor)
                  0800159c    0000000c     A_control_methods.obj (.data:v_battery)
                  080015a8    0000000c     A_control_methods.obj (.data:v_cap)
                  080015b4    0000000c     A_control_methods.obj (.data:v_throttle)
                  080015c0    00000008     rtsv7R4_T_be_v3D16_eabi.lib : _lock.obj (.data:$O1$$)
                  080015c8    00000008     A_control_methods.obj (.data:rx_data)
                  080015d0    00000008     A_control_methods.obj (.data:tx_data)

.bss       0    080015d8    00000029     UNINITIALIZED
                  080015d8    00000028     sci.obj (.bss:g_sciTransfer_t)
                  08001600    00000001     notification.obj (.bss)

MODULE SUMMARY

       Module                     code    ro data   rw data
       ------                     ----    -------   -------
    ./source/
       sys_selftest.obj           11484   0         0      
       can.obj                    4060    32        0      
       sys_vim.obj                3364    512       0      
       system.obj                 2856    0         0      
       adc.obj                    2796    48        0      
       notification.obj           2788    0         3      
       pinmux.obj                 2228    0         0      
       sci.obj                    1976    0         40     
       rti.obj                    1816    0         0      
       esm.obj                    1772    0         0      
       A_control_methods.obj      1556    0         194    
       gio.obj                    1468    0         0      
       sys_core.obj               844     0         0      
       sys_startup.obj            636     0         0      
       dabort.obj                 232     0         0      
       sys_pmu.obj                224     0         0      
       A_exception_handler.obj    148     0         0      
       sys_main.obj               120     0         0      
       sys_intvecs.obj            32      0         0      
       sys_phantom.obj            4       0         0      
    +--+--------------------------+-------+---------+---------+
       Total:                     40404   592       237    
                                                           
    /home/gx/ti/ccsv7/tools/compiler/ti-cgt-arm_16.9.1.LTS/lib/rtsv7R4_T_be_v3D16_eabi.lib
       s_floor.obj                224     0         0      
       memcpy_t2.obj              156     0         0      
       memset_t2.obj              122     0         0      
       autoinit.obj               112     0         0      
       copy_decompress_lzss.obj   108     0         0      
       exit.obj                   80      0         12     
       cpy_tbl.obj                76      0         0      
       fs_toull_t2.obj            74      0         0      
       _lock.obj                  20      0         8      
       copy_decompress_none.obj   14      0         0      
       copy_zero_init.obj         12      0         0      
       startup.obj                2       0         0      
    +--+--------------------------+-------+---------+---------+
       Total:                     1000    0         20     
                                                           
       Linker Generated:          0       86        0      
    +--+--------------------------+-------+---------+---------+
       Grand Total:               41404   678       257    


LINKER GENERATED COPY TABLES

__TI_cinit_table @ 0000a458 records: 2, size/record: 8, table size: 16
	.data: load addr=0000a410, load size=00000032 bytes, run addr=08001500, run size=000000d8 bytes, compression=lzss
	.bss: load addr=0000a450, load size=00000008 bytes, run addr=080015d8, run size=00000029 bytes, compression=zero_init


LINKER GENERATED HANDLER TABLE

__TI_handler_table @ 0000a444 records: 3, size/record: 4, table size: 12
	index: 0, handler: __TI_zero_init
	index: 1, handler: __TI_decompress_lzss
	index: 2, handler: __TI_decompress_none


GLOBAL SYMBOLS: SORTED ALPHABETICALLY BY Name 

address   name                                
-------   ----                                
0000a0a5  C$$EXIT                             
00007a64  IsdwdKeySequenceCorrect             
UNDEFED   SHT$$INIT_ARRAY$$Base               
UNDEFED   SHT$$INIT_ARRAY$$Limit              
0000a458  __TI_CINIT_Base                     
0000a468  __TI_CINIT_Limit                    
0000a444  __TI_Handler_Table_Base             
0000a450  __TI_Handler_Table_Limit            
000090f8  __TI_PINIT_Base                     
000090fc  __TI_PINIT_Limit                    
00009fc9  __TI_auto_init                      
08001530  __TI_cleanup_ptr                    
0000a039  __TI_decompress_lzss                
0000a1a1  __TI_decompress_none                
08001534  __TI_dtors_ptr                      
08001538  __TI_enable_exit_profile_output     
ffffffff  __TI_pprof_out_hndl                 
ffffffff  __TI_prof_data_size                 
ffffffff  __TI_prof_data_start                
00000000  __TI_static_base__                  
0000a1af  __TI_zero_init                      
0000a141  __aeabi_f2ulz                       
00009ed5  __aeabi_memclr                      
00009ed5  __aeabi_memclr4                     
00009ed5  __aeabi_memclr8                     
00009da5  __aeabi_memcpy                      
00009da5  __aeabi_memcpy4                     
00009da5  __aeabi_memcpy8                     
00009ed7  __aeabi_memset                      
00009ed7  __aeabi_memset4                     
00009ed7  __aeabi_memset8                     
ffffffff  __binit__                           
ffffffff  __c_args__                          
000093cc  _c_int00                            
00009010  _coreClearAuxiliaryDataFault_       
00009024  _coreClearAuxiliaryInstructionFault_
00008fe8  _coreClearDataFaultAddress_         
00008fc0  _coreClearDataFault_                
00008ffc  _coreClearInstructionFaultAddress_  
00008fd4  _coreClearInstructionFault_         
00008f54  _coreDisableEventBusExport_         
00008f98  _coreDisableFlashEcc_               
00008f74  _coreDisableRamEcc_                 
00008f44  _coreEnableEventBusExport_          
00008f84  _coreEnableFlashEcc_                
00008fa8  _coreEnableIrqVicOffset_            
00008f64  _coreEnableRamEcc_                  
00008f2c  _coreEnableVfp_                     
00009008  _coreGetAuxiliaryDataFault_         
0000901c  _coreGetAuxiliaryInstructionFault_  
00008fe0  _coreGetDataFaultAddress_           
00008fb8  _coreGetDataFault_                  
00008ff4  _coreGetInstructionFaultAddress_    
00008fcc  _coreGetInstructionFault_           
00008db4  _coreInitRegisters_                 
00008ec0  _coreInitStackPointer_              
00009a20  _dabort                             
00009038  _disable_FIQ_interrupt_             
00009040  _disable_IRQ_interrupt_             
00009030  _disable_interrupt_                 
00009048  _enable_interrupt_                  
000090d8  _errata_CORTEXR4_57_                
000090e8  _errata_CORTEXR4_66_                
00009050  _esmCcmErrorsClear_                 
00008f0c  _getCPSRValue_                      
00008f14  _gotoCPUIdle_                       
080015c0  _lock                               
0000a19b  _nop                                
00009c44  _pmuDisableCountersGlobal_          
00009c34  _pmuEnableCountersGlobal_           
00009ca0  _pmuGetCycleCount_                  
00009ca8  _pmuGetEventCount_                  
00009cb4  _pmuGetOverflow_                    
00009be8  _pmuInit_                           
00009c74  _pmuResetCounters_                  
00009c54  _pmuResetCycleCounter_              
00009c64  _pmuResetEventCounters_             
00009c94  _pmuSetCountEvent_                  
00009c84  _pmuStartCounters_                  
00009c8c  _pmuStopCounters_                   
0000a193  _register_lock                      
0000a18d  _register_unlock                    
00009f4f  _system_post_cinit                  
080015c4  _unlock                             
0800153c  a_ac_motor                          
08001548  a_battery                           
0000a0a9  abort                               
00004ee0  adc1GetConfigValue                  
0000126c  adc1ParityCheck                     
00001358  adc2ParityCheck                     
00004abc  adcCalibration                      
00004e80  adcDisableNotification              
00004e30  adcEnableNotification               
00004894  adcGetData                          
00004ec8  adcGetEVTPin                        
00004664  adcInit                             
00004a8c  adcIsConversionComplete             
00004a5c  adcIsFifoFull                       
00004c94  adcMidPointCalibration              
000055e8  adcNotification                     
0000486c  adcResetFiFo                        
00004ea8  adcSetEVTPin                        
000047c0  adcStartConversion                  
00004844  adcStopConversion                   
000058e8  adcUpdateData                       
08001500  adc_data                            
ffffffff  binit                               
000037c8  can1GetConfigValue                  
00009648  can1HighLevelInterrupt              
00009730  can1LowLevelInterrupt               
00001410  can1ParityCheck                     
00003920  can2GetConfigValue                  
000014e8  can2ParityCheck                     
000015b0  can3ParityCheck                     
00003668  canDisableErrorNotification         
00003648  canDisableStatusChangeNotification  
000036c0  canDisableloopback                  
00003608  canEnableErrorNotification          
00003628  canEnableStatusChangeNotification   
00003688  canEnableloopback                   
000055fc  canErrorNotification                
000033b0  canFillMessageObjectData            
000030d8  canGetData                          
000035e4  canGetErrorLevel                    
00003230  canGetID                            
000035c0  canGetLastError                     
00002cfc  canInit                             
000037ac  canIoRxGetBit                       
000036f0  canIoSetDirection                   
00003740  canIoSetPort                        
00003790  canIoTxGetBit                       
00003564  canIsMessageBoxValid                
00003508  canIsRxMessageArrived               
000034ac  canIsTxMessagePending               
00005624  canMessageNotification              
00003310  canSendRemoteFrame                  
00005610  canStatusChangeNotification         
00002fdc  canTransmit                         
00005980  canUpdateData                       
00003298  canUpdateID                         
00000030  ccmSelfCheck                        
000026fc  ccmr4GetConfigValue                 
00000938  checkB0RAMECC                       
00000b28  checkB1RAMECC                       
00001c18  checkClockMonitor                   
00000d18  checkFlashECC                       
00001cf4  checkFlashEEPROMECC                 
00001e8c  checkPLL1Slip                       
00001f8c  checkPLL2Slip                       
00002050  checkRAMAddrParity                  
000019d0  checkRAMECC                         
0000215c  checkRAMUERRTest                    
000058a8  check_enable_switch1_connectivity   
000058c0  check_enable_switch2_connectivity   
000007bc  checkefcSelfTest                    
00007edc  connect_enable_switch1              
00007f08  connect_enable_switch2              
0000a0f5  copy_in                             
00000234  cpuSelfTest                         
00000dfc  cpuSelfTestFail                     
08001518  curr_gear                           
0800152a  current_battery_ampere              
08001528  current_battery_voltage             
00000df4  custom_dabort                       
00002b58  disableParity                       
00005894  dmaGroupANotification               
00000eac  dmaParityCheck                      
00007acc  dwdClearFlag                        
00007a00  dwdCounterEnable                    
00007a48  dwdGenerateSysReset                 
00007a98  dwdGetStatus                        
00007adc  dwdGetViolationStatus               
00007984  dwdInit                             
00007a2c  dwdReset                            
00007a10  dwdSetPreload                       
000079f4  dwwdGetCurrentDownCounter           
000079ac  dwwdInit                            
00000660  efcCheck                            
00002660  efcGetConfigValue                   
00000794  efcSelfTest                         
000006e8  efcStuckZeroTest                    
00002ad0  enableParity                        
0000276c  errata_PBIST_4                      
000084d4  esmActivateNormalOperation          
000085b8  esmClearStatus                      
000085fc  esmClearStatusBuffer                
00008498  esmDisableError                     
00008510  esmDisableInterrupt                 
0000846c  esmEnableError                      
000084e4  esmEnableInterrupt                  
000086f4  esmEnterSelfTest                    
00008450  esmError                            
000087cc  esmGetConfigValue                   
00008638  esmGetStatus                        
000086bc  esmGetStatusBuffer                  
00005150  esmGroup1Notification               
00005160  esmGroup2Notification               
0000990c  esmHighInterrupt                    
00008348  esmInit                             
0000877c  esmSelfTestStatus                   
00008618  esmSetCounterPreloadValue           
0000853c  esmSetInterruptLevel                
000084c4  esmTriggerErrorPinReset             
0000a0b1  exit                                
00009b09  floor                               
00009b09  floorl                              
000022c4  fmcBus1ParityCheck                  
0000085c  fmcBus2Check                        
00000898  fmcECCcheck                         
00008b90  gioDisableNotification              
00008b28  gioEnableNotification               
00008a90  gioGetBit                           
00008bf8  gioGetConfigValue                   
00008ab8  gioGetPort                          
000097e4  gioHighLevelInterrupt               
00008920  gioInit                             
00009870  gioLowLevelInterrupt                
0000564c  gioNotification                     
00008a20  gioSetBit                           
00008a00  gioSetDirection                     
00008a70  gioSetPort                          
00008ad0  gioToggleBit                        
00000f58  het1ParityCheck                     
000010c0  het2ParityCheck                     
00001004  htu1ParityCheck                     
000011bc  htu2ParityCheck                     
00009f5c  init                                
00008210  lock                                
00008280  loop_delay                          
00009f50  main                                
00003c78  mapClocks                           
00009da5  memcpy                              
00000174  memoryInit                          
00005170  memoryPort0TestFailNotification     
0000518c  memoryPort1TestFailNotification     
00009edd  memset                              
00001684  mibspi1ParityCheck                  
0000178c  mibspi3ParityCheck                  
000018b0  mibspi5ParityCheck                  
00007f34  msg_force_update                    
0000668c  muxInit                             
000023ec  pbistFail                           
00002470  pbistGetConfigValue                 
000005a8  pbistIsTestCompleted                
000005d4  pbistIsTestPassed                   
00000608  pbistPortTestStatus                 
000004ac  pbistRun                            
000002cc  pbistSelfCheck                      
00000578  pbistStop                           
00003c24  periphInit                          
0000a1bc  phantomInterrupt                    
00006b2c  pinmuxGetConfigValue                
00007e6c  post_highVoltageStateCheck          
00007e34  post_prechargeStateCheck            
00007ea4  post_runningStateCheck              
00007e04  post_standbyStateCheck              
00007d94  pre_highVoltageStateCheck           
00007d64  pre_prechargeStateCheck             
00007dcc  pre_runningStateCheck               
00007d34  pre_standbyStateCheck               
00005b68  private_used_loop_delay             
0800152e  reg_connection_flags                
000058e0  regular_safety_check                
00000000  resetEntry                          
00009cc8  rtiCompare0Interrupt                
00009d10  rtiCompare2Interrupt                
00009d58  rtiCompare3Interrupt                
00007b8c  rtiDisableNotification              
00007b64  rtiEnableNotification               
00007ba8  rtiGetConfigValue                   
000078f8  rtiGetCurrentTick                   
000078d0  rtiGetPeriod                        
000076f8  rtiInit                             
000051a8  rtiNotification                     
00007844  rtiResetCounter                     
000078a8  rtiSetPeriod                        
000077ec  rtiStartCounter                     
00007818  rtiStopCounter                      
000058d8  running_safety_check                
080015c8  rx_data                             
00007408  sciDisableLoopback                  
00007494  sciDisableNotification              
000073d4  sciEnableLoopback                   
0000742c  sciEnableNotification               
000074fc  sciEnterResetState                  
0000751c  sciExitResetState                   
00006f40  sciInit                             
00007284  sciIsIdleDetected                   
00007268  sciIsRxReady                        
000070e8  sciIsTxReady                        
00005878  sciNotification                     
000072fc  sciReceive                          
000072d0  sciReceiveByte                      
000072a0  sciRxError                          
00007134  sciSend                             
00007104  sciSendByte                         
0000704c  sciSetBaudrate                      
0000702c  sciSetFunctional                    
0000753c  scilinGetConfigValue                
00000020  selftestFailNotification            
00009e40  setError                            
00009ea4  setWarnning                         
00003be4  setupFlash                          
00003b3c  setupPLL                            
0800152c  speed                               
08001554  speed_vihecle                       
0000445c  sramGetConfigValue                  
08001519  stat                                
000025bc  stcGetConfigValue                   
000001b8  stcSelfCheck                        
00000df8  stcSelfCheckFail                    
00003e9c  systemGetConfigValue                
00003da0  systemInit                          
00003e6c  systemPowerDown                     
08001560  t_heatSink                          
0800156c  t_motor                             
08001578  t_ptc                               
000042b0  tcmflashGetConfigValue              
08001520  timer                               
00008258  timer_delay                         
08001584  torque_motor                        
00003b9c  trimLPO                             
080015d0  tx_data                             
08001590  v_ac_motor                          
0800159c  v_battery                           
080015a8  v_cap                               
080015b4  v_throttle                          
00005d08  vimChannelMap                       
00005f74  vimDisableInterrupt                 
00005dac  vimEnableInterrupt                  
00006020  vimGetConfigValue                   
00005c34  vimInit                             
00000e00  vimParityCheck                      
00009100  vimParityErrorHandler               


GLOBAL SYMBOLS: SORTED BY Symbol Address 

address   name                                
-------   ----                                
00000000  __TI_static_base__                  
00000000  resetEntry                          
00000020  selftestFailNotification            
00000030  ccmSelfCheck                        
00000174  memoryInit                          
000001b8  stcSelfCheck                        
00000234  cpuSelfTest                         
000002cc  pbistSelfCheck                      
000004ac  pbistRun                            
00000578  pbistStop                           
000005a8  pbistIsTestCompleted                
000005d4  pbistIsTestPassed                   
00000608  pbistPortTestStatus                 
00000660  efcCheck                            
000006e8  efcStuckZeroTest                    
00000794  efcSelfTest                         
000007bc  checkefcSelfTest                    
0000085c  fmcBus2Check                        
00000898  fmcECCcheck                         
00000938  checkB0RAMECC                       
00000b28  checkB1RAMECC                       
00000d18  checkFlashECC                       
00000df4  custom_dabort                       
00000df8  stcSelfCheckFail                    
00000dfc  cpuSelfTestFail                     
00000e00  vimParityCheck                      
00000eac  dmaParityCheck                      
00000f58  het1ParityCheck                     
00001004  htu1ParityCheck                     
000010c0  het2ParityCheck                     
000011bc  htu2ParityCheck                     
0000126c  adc1ParityCheck                     
00001358  adc2ParityCheck                     
00001410  can1ParityCheck                     
000014e8  can2ParityCheck                     
000015b0  can3ParityCheck                     
00001684  mibspi1ParityCheck                  
0000178c  mibspi3ParityCheck                  
000018b0  mibspi5ParityCheck                  
000019d0  checkRAMECC                         
00001c18  checkClockMonitor                   
00001cf4  checkFlashEEPROMECC                 
00001e8c  checkPLL1Slip                       
00001f8c  checkPLL2Slip                       
00002050  checkRAMAddrParity                  
0000215c  checkRAMUERRTest                    
000022c4  fmcBus1ParityCheck                  
000023ec  pbistFail                           
00002470  pbistGetConfigValue                 
000025bc  stcGetConfigValue                   
00002660  efcGetConfigValue                   
000026fc  ccmr4GetConfigValue                 
0000276c  errata_PBIST_4                      
00002ad0  enableParity                        
00002b58  disableParity                       
00002cfc  canInit                             
00002fdc  canTransmit                         
000030d8  canGetData                          
00003230  canGetID                            
00003298  canUpdateID                         
00003310  canSendRemoteFrame                  
000033b0  canFillMessageObjectData            
000034ac  canIsTxMessagePending               
00003508  canIsRxMessageArrived               
00003564  canIsMessageBoxValid                
000035c0  canGetLastError                     
000035e4  canGetErrorLevel                    
00003608  canEnableErrorNotification          
00003628  canEnableStatusChangeNotification   
00003648  canDisableStatusChangeNotification  
00003668  canDisableErrorNotification         
00003688  canEnableloopback                   
000036c0  canDisableloopback                  
000036f0  canIoSetDirection                   
00003740  canIoSetPort                        
00003790  canIoTxGetBit                       
000037ac  canIoRxGetBit                       
000037c8  can1GetConfigValue                  
00003920  can2GetConfigValue                  
00003b3c  setupPLL                            
00003b9c  trimLPO                             
00003be4  setupFlash                          
00003c24  periphInit                          
00003c78  mapClocks                           
00003da0  systemInit                          
00003e6c  systemPowerDown                     
00003e9c  systemGetConfigValue                
000042b0  tcmflashGetConfigValue              
0000445c  sramGetConfigValue                  
00004664  adcInit                             
000047c0  adcStartConversion                  
00004844  adcStopConversion                   
0000486c  adcResetFiFo                        
00004894  adcGetData                          
00004a5c  adcIsFifoFull                       
00004a8c  adcIsConversionComplete             
00004abc  adcCalibration                      
00004c94  adcMidPointCalibration              
00004e30  adcEnableNotification               
00004e80  adcDisableNotification              
00004ea8  adcSetEVTPin                        
00004ec8  adcGetEVTPin                        
00004ee0  adc1GetConfigValue                  
00005150  esmGroup1Notification               
00005160  esmGroup2Notification               
00005170  memoryPort0TestFailNotification     
0000518c  memoryPort1TestFailNotification     
000051a8  rtiNotification                     
000055e8  adcNotification                     
000055fc  canErrorNotification                
00005610  canStatusChangeNotification         
00005624  canMessageNotification              
0000564c  gioNotification                     
00005878  sciNotification                     
00005894  dmaGroupANotification               
000058a8  check_enable_switch1_connectivity   
000058c0  check_enable_switch2_connectivity   
000058d8  running_safety_check                
000058e0  regular_safety_check                
000058e8  adcUpdateData                       
00005980  canUpdateData                       
00005b68  private_used_loop_delay             
00005c34  vimInit                             
00005d08  vimChannelMap                       
00005dac  vimEnableInterrupt                  
00005f74  vimDisableInterrupt                 
00006020  vimGetConfigValue                   
0000668c  muxInit                             
00006b2c  pinmuxGetConfigValue                
00006f40  sciInit                             
0000702c  sciSetFunctional                    
0000704c  sciSetBaudrate                      
000070e8  sciIsTxReady                        
00007104  sciSendByte                         
00007134  sciSend                             
00007268  sciIsRxReady                        
00007284  sciIsIdleDetected                   
000072a0  sciRxError                          
000072d0  sciReceiveByte                      
000072fc  sciReceive                          
000073d4  sciEnableLoopback                   
00007408  sciDisableLoopback                  
0000742c  sciEnableNotification               
00007494  sciDisableNotification              
000074fc  sciEnterResetState                  
0000751c  sciExitResetState                   
0000753c  scilinGetConfigValue                
000076f8  rtiInit                             
000077ec  rtiStartCounter                     
00007818  rtiStopCounter                      
00007844  rtiResetCounter                     
000078a8  rtiSetPeriod                        
000078d0  rtiGetPeriod                        
000078f8  rtiGetCurrentTick                   
00007984  dwdInit                             
000079ac  dwwdInit                            
000079f4  dwwdGetCurrentDownCounter           
00007a00  dwdCounterEnable                    
00007a10  dwdSetPreload                       
00007a2c  dwdReset                            
00007a48  dwdGenerateSysReset                 
00007a64  IsdwdKeySequenceCorrect             
00007a98  dwdGetStatus                        
00007acc  dwdClearFlag                        
00007adc  dwdGetViolationStatus               
00007b64  rtiEnableNotification               
00007b8c  rtiDisableNotification              
00007ba8  rtiGetConfigValue                   
00007d34  pre_standbyStateCheck               
00007d64  pre_prechargeStateCheck             
00007d94  pre_highVoltageStateCheck           
00007dcc  pre_runningStateCheck               
00007e04  post_standbyStateCheck              
00007e34  post_prechargeStateCheck            
00007e6c  post_highVoltageStateCheck          
00007ea4  post_runningStateCheck              
00007edc  connect_enable_switch1              
00007f08  connect_enable_switch2              
00007f34  msg_force_update                    
00008210  lock                                
00008258  timer_delay                         
00008280  loop_delay                          
00008348  esmInit                             
00008450  esmError                            
0000846c  esmEnableError                      
00008498  esmDisableError                     
000084c4  esmTriggerErrorPinReset             
000084d4  esmActivateNormalOperation          
000084e4  esmEnableInterrupt                  
00008510  esmDisableInterrupt                 
0000853c  esmSetInterruptLevel                
000085b8  esmClearStatus                      
000085fc  esmClearStatusBuffer                
00008618  esmSetCounterPreloadValue           
00008638  esmGetStatus                        
000086bc  esmGetStatusBuffer                  
000086f4  esmEnterSelfTest                    
0000877c  esmSelfTestStatus                   
000087cc  esmGetConfigValue                   
00008920  gioInit                             
00008a00  gioSetDirection                     
00008a20  gioSetBit                           
00008a70  gioSetPort                          
00008a90  gioGetBit                           
00008ab8  gioGetPort                          
00008ad0  gioToggleBit                        
00008b28  gioEnableNotification               
00008b90  gioDisableNotification              
00008bf8  gioGetConfigValue                   
00008db4  _coreInitRegisters_                 
00008ec0  _coreInitStackPointer_              
00008f0c  _getCPSRValue_                      
00008f14  _gotoCPUIdle_                       
00008f2c  _coreEnableVfp_                     
00008f44  _coreEnableEventBusExport_          
00008f54  _coreDisableEventBusExport_         
00008f64  _coreEnableRamEcc_                  
00008f74  _coreDisableRamEcc_                 
00008f84  _coreEnableFlashEcc_                
00008f98  _coreDisableFlashEcc_               
00008fa8  _coreEnableIrqVicOffset_            
00008fb8  _coreGetDataFault_                  
00008fc0  _coreClearDataFault_                
00008fcc  _coreGetInstructionFault_           
00008fd4  _coreClearInstructionFault_         
00008fe0  _coreGetDataFaultAddress_           
00008fe8  _coreClearDataFaultAddress_         
00008ff4  _coreGetInstructionFaultAddress_    
00008ffc  _coreClearInstructionFaultAddress_  
00009008  _coreGetAuxiliaryDataFault_         
00009010  _coreClearAuxiliaryDataFault_       
0000901c  _coreGetAuxiliaryInstructionFault_  
00009024  _coreClearAuxiliaryInstructionFault_
00009030  _disable_interrupt_                 
00009038  _disable_FIQ_interrupt_             
00009040  _disable_IRQ_interrupt_             
00009048  _enable_interrupt_                  
00009050  _esmCcmErrorsClear_                 
000090d8  _errata_CORTEXR4_57_                
000090e8  _errata_CORTEXR4_66_                
000090f8  __TI_PINIT_Base                     
000090fc  __TI_PINIT_Limit                    
00009100  vimParityErrorHandler               
000093cc  _c_int00                            
00009648  can1HighLevelInterrupt              
00009730  can1LowLevelInterrupt               
000097e4  gioHighLevelInterrupt               
00009870  gioLowLevelInterrupt                
0000990c  esmHighInterrupt                    
00009a20  _dabort                             
00009b09  floor                               
00009b09  floorl                              
00009be8  _pmuInit_                           
00009c34  _pmuEnableCountersGlobal_           
00009c44  _pmuDisableCountersGlobal_          
00009c54  _pmuResetCycleCounter_              
00009c64  _pmuResetEventCounters_             
00009c74  _pmuResetCounters_                  
00009c84  _pmuStartCounters_                  
00009c8c  _pmuStopCounters_                   
00009c94  _pmuSetCountEvent_                  
00009ca0  _pmuGetCycleCount_                  
00009ca8  _pmuGetEventCount_                  
00009cb4  _pmuGetOverflow_                    
00009cc8  rtiCompare0Interrupt                
00009d10  rtiCompare2Interrupt                
00009d58  rtiCompare3Interrupt                
00009da5  __aeabi_memcpy                      
00009da5  __aeabi_memcpy4                     
00009da5  __aeabi_memcpy8                     
00009da5  memcpy                              
00009e40  setError                            
00009ea4  setWarnning                         
00009ed5  __aeabi_memclr                      
00009ed5  __aeabi_memclr4                     
00009ed5  __aeabi_memclr8                     
00009ed7  __aeabi_memset                      
00009ed7  __aeabi_memset4                     
00009ed7  __aeabi_memset8                     
00009edd  memset                              
00009f4f  _system_post_cinit                  
00009f50  main                                
00009f5c  init                                
00009fc9  __TI_auto_init                      
0000a039  __TI_decompress_lzss                
0000a0a5  C$$EXIT                             
0000a0a9  abort                               
0000a0b1  exit                                
0000a0f5  copy_in                             
0000a141  __aeabi_f2ulz                       
0000a18d  _register_unlock                    
0000a193  _register_lock                      
0000a19b  _nop                                
0000a1a1  __TI_decompress_none                
0000a1af  __TI_zero_init                      
0000a1bc  phantomInterrupt                    
0000a444  __TI_Handler_Table_Base             
0000a450  __TI_Handler_Table_Limit            
0000a458  __TI_CINIT_Base                     
0000a468  __TI_CINIT_Limit                    
08001500  adc_data                            
08001518  curr_gear                           
08001519  stat                                
08001520  timer                               
08001528  current_battery_voltage             
0800152a  current_battery_ampere              
0800152c  speed                               
0800152e  reg_connection_flags                
08001530  __TI_cleanup_ptr                    
08001534  __TI_dtors_ptr                      
08001538  __TI_enable_exit_profile_output     
0800153c  a_ac_motor                          
08001548  a_battery                           
08001554  speed_vihecle                       
08001560  t_heatSink                          
0800156c  t_motor                             
08001578  t_ptc                               
08001584  torque_motor                        
08001590  v_ac_motor                          
0800159c  v_battery                           
080015a8  v_cap                               
080015b4  v_throttle                          
080015c0  _lock                               
080015c4  _unlock                             
080015c8  rx_data                             
080015d0  tx_data                             
ffffffff  __TI_pprof_out_hndl                 
ffffffff  __TI_prof_data_size                 
ffffffff  __TI_prof_data_start                
ffffffff  __binit__                           
ffffffff  __c_args__                          
ffffffff  binit                               
UNDEFED   SHT$$INIT_ARRAY$$Base               
UNDEFED   SHT$$INIT_ARRAY$$Limit              

[334 symbols]
