******************************************************************************
                  TI ARM Linker Unix v16.9.1                   
******************************************************************************
>> Linked Wed Jun 28 20:13:14 2017

OUTPUT FILE NAME:   <Comprehensive_Test_Receive.out>
ENTRY POINT SYMBOL: "_c_int00"  address: 00008f94


MEMORY CONFIGURATION

         name            origin    length      used     unused   attr    fill
----------------------  --------  ---------  --------  --------  ----  --------
  VECTORS               00000000   00000020  00000020  00000000     X
  FLASH0                00000020   0013ffe0  00009f8c  00136054  R  X
  STACKS                08000000   00001500  00000000  00001500  RW  
  RAM                   08001500   0002eb00  00000110  0002e9f0  RW  
  AJSM                  f0000000   00000010  00000000  00000010  R  X


SEGMENT ALLOCATION MAP

run origin  load origin   length   init length attrs members
----------  ----------- ---------- ----------- ----- -------
00000000    00000000    00009fb0   00009fb0    r-x
  00000000    00000000    00000020   00000020    r-x .intvecs
  00000020    00000020    00009cdc   00009cdc    r-x .text
  00009cfc    00009cfc    00000250   00000250    r-- .const
  00009f50    00009f50    00000060   00000060    r-- .cinit
08001500    08001500    00000110   00000000    rw-
  08001500    08001500    000000e8   00000000    rw- .data
  080015e8    080015e8    00000028   00000000    rw- .bss


SECTION ALLOCATION MAP

 output                                  attributes/
section   page    origin      length       input sections
--------  ----  ----------  ----------   ----------------
.intvecs   0    00000000    00000020     
                  00000000    00000020     sys_intvecs.obj (.intvecs)

.text      0    00000020    00009cdc     
                  00000020    00002cdc     sys_selftest.obj (.text)
                  00002cfc    00000e8c     can.obj (.text)
                  00003b88    00000b28     system.obj (.text)
                  000046b0    00000aec     adc.obj (.text)
                  0000519c    00000a58     sys_vim.obj (.text)
                  00005bf4    000008b4     pinmux.obj (.text)
                  000064a8    000007c8     notification.obj (.text)
                  00006c70    000007b8     sci.obj (.text)
                  00007428    0000063c     rti.obj (.text)
                  00007a64    000005d8     esm.obj (.text)
                  0000803c    000004bc     A_control_methods.obj (.text)
                  000084f8    00000484     gio.obj (.text)
                  0000897c    0000034c     sys_core.obj (.text)
                  00008cc8    000002cc     sys_vim.obj (.text:retain)
                  00008f94    0000027c     sys_startup.obj (.text:retain)
                  00009210    00000128     gio.obj (.text:retain)
                  00009338    00000124     rti.obj (.text:retain)
                  0000945c    00000114     esm.obj (.text:retain)
                  00009570    00000100     can.obj (.text:retain)
                  00009670    000000e8     dabort.obj (.text)
                  00009758    000000e0     rtsv7R4_T_be_v3D16_eabi.lib : s_floor.obj (.text)
                  00009838    000000e0     sys_pmu.obj (.text)
                  00009918    0000009c     rtsv7R4_T_be_v3D16_eabi.lib : memcpy_t2.obj (.text)
                  000099b4    00000080     sys_main.obj (.text)
                  00009a34    0000007a     rtsv7R4_T_be_v3D16_eabi.lib : memset_t2.obj (.text)
                  00009aae    00000002                                 : startup.obj (.text)
                  00009ab0    00000070                                 : autoinit.obj (.text)
                  00009b20    0000006c                                 : copy_decompress_lzss.obj (.text:decompress:lzss)
                  00009b8c    00000054     adc.obj (.text:retain)
                  00009be0    00000050     rtsv7R4_T_be_v3D16_eabi.lib : exit.obj (.text)
                  00009c30    0000004c     A_exception_handler.obj (.text)
                  00009c7c    0000004c     rtsv7R4_T_be_v3D16_eabi.lib : cpy_tbl.obj (.text)
                  00009cc8    00000014                                 : _lock.obj (.text)
                  00009cdc    0000000e                                 : copy_decompress_none.obj (.text:decompress:none)
                  00009cea    0000000c                                 : copy_zero_init.obj (.text:decompress:ZI)
                  00009cf6    00000002     --HOLE-- [fill = 0]
                  00009cf8    00000004     sys_phantom.obj (.text:retain)

.const     0    00009cfc    00000250     
                  00009cfc    00000200     sys_vim.obj (.const:s_vim_init)
                  00009efc    00000020     can.obj (.const:s_canByteOrder)
                  00009f1c    00000018     adc.obj (.const:s_adcFiFoSize)
                  00009f34    00000018     adc.obj (.const:s_adcSelect)

.cinit     0    00009f50    00000060     
                  00009f50    00000035     (.cinit..data.load) [load image, compression = lzss]
                  00009f85    00000003     --HOLE-- [fill = 0]
                  00009f88    0000000c     (__TI_handler_table)
                  00009f94    00000004     --HOLE-- [fill = 0]
                  00009f98    00000008     (.cinit..bss.load) [load image, compression = zero_init]
                  00009fa0    00000010     (__TI_cinit_table)

.data      0    08001500    000000e8     UNINITIALIZED
                  08001500    00000018     A_control_methods.obj (.data:adc_data)
                  08001518    00000016     A_control_methods.obj (.data)
                  0800152e    00000002     --HOLE--
                  08001530    00000010     notification.obj (.data)
                  08001540    0000000c     rtsv7R4_T_be_v3D16_eabi.lib : exit.obj (.data:$O1$$)
                  0800154c    0000000c     A_control_methods.obj (.data:a_ac_motor)
                  08001558    0000000c     A_control_methods.obj (.data:a_battery)
                  08001564    0000000c     A_control_methods.obj (.data:speed_vihecle)
                  08001570    0000000c     A_control_methods.obj (.data:t_heatSink)
                  0800157c    0000000c     A_control_methods.obj (.data:t_motor)
                  08001588    0000000c     A_control_methods.obj (.data:t_ptc)
                  08001594    0000000c     A_control_methods.obj (.data:torque_motor)
                  080015a0    0000000c     A_control_methods.obj (.data:v_ac_motor)
                  080015ac    0000000c     A_control_methods.obj (.data:v_battery)
                  080015b8    0000000c     A_control_methods.obj (.data:v_cap)
                  080015c4    0000000c     A_control_methods.obj (.data:v_throttle)
                  080015d0    00000008     rtsv7R4_T_be_v3D16_eabi.lib : _lock.obj (.data:$O1$$)
                  080015d8    00000008     A_control_methods.obj (.data:rx_data)
                  080015e0    00000008     A_control_methods.obj (.data:tx_data)

.bss       0    080015e8    00000028     UNINITIALIZED
                  080015e8    00000028     sci.obj (.bss:g_sciTransfer_t)

MODULE SUMMARY

       Module                     code    ro data   rw data
       ------                     ----    -------   -------
    ./source/
       sys_selftest.obj           11484   0         0      
       can.obj                    3980    32        0      
       sys_vim.obj                3364    512       0      
       adc.obj                    2880    48        0      
       system.obj                 2856    0         0      
       pinmux.obj                 2228    0         0      
       sci.obj                    1976    0         40     
       notification.obj           1992    0         16     
       rti.obj                    1888    0         0      
       esm.obj                    1772    0         0      
       gio.obj                    1452    0         0      
       A_control_methods.obj      1212    0         194    
       sys_core.obj               844     0         0      
       sys_startup.obj            636     0         0      
       dabort.obj                 232     0         0      
       sys_pmu.obj                224     0         0      
       sys_main.obj               128     0         0      
       A_exception_handler.obj    76      0         0      
       sys_intvecs.obj            32      0         0      
       sys_phantom.obj            4       0         0      
    +--+--------------------------+-------+---------+---------+
       Total:                     39260   592       250    
                                                           
    /home/gx/ti/ccsv7/tools/compiler/ti-cgt-arm_16.9.1.LTS/lib/rtsv7R4_T_be_v3D16_eabi.lib
       s_floor.obj                224     0         0      
       memcpy_t2.obj              156     0         0      
       memset_t2.obj              122     0         0      
       autoinit.obj               112     0         0      
       copy_decompress_lzss.obj   108     0         0      
       exit.obj                   80      0         12     
       cpy_tbl.obj                76      0         0      
       _lock.obj                  20      0         8      
       copy_decompress_none.obj   14      0         0      
       copy_zero_init.obj         12      0         0      
       startup.obj                2       0         0      
    +--+--------------------------+-------+---------+---------+
       Total:                     926     0         20     
                                                           
       Linker Generated:          0       89        0      
    +--+--------------------------+-------+---------+---------+
       Grand Total:               40186   681       270    


LINKER GENERATED COPY TABLES

__TI_cinit_table @ 00009fa0 records: 2, size/record: 8, table size: 16
	.data: load addr=00009f50, load size=00000035 bytes, run addr=08001500, run size=000000e8 bytes, compression=lzss
	.bss: load addr=00009f98, load size=00000008 bytes, run addr=080015e8, run size=00000028 bytes, compression=zero_init


LINKER GENERATED HANDLER TABLE

__TI_handler_table @ 00009f88 records: 3, size/record: 4, table size: 12
	index: 0, handler: __TI_zero_init
	index: 1, handler: __TI_decompress_lzss
	index: 2, handler: __TI_decompress_none


GLOBAL SYMBOLS: SORTED ALPHABETICALLY BY Name 

address   name                                
-------   ----                                
00009be1  C$$EXIT                             
00007794  IsdwdKeySequenceCorrect             
UNDEFED   SHT$$INIT_ARRAY$$Base               
UNDEFED   SHT$$INIT_ARRAY$$Limit              
00009fa0  __TI_CINIT_Base                     
00009fb0  __TI_CINIT_Limit                    
00009f88  __TI_Handler_Table_Base             
00009f94  __TI_Handler_Table_Limit            
00008cc0  __TI_PINIT_Base                     
00008cc4  __TI_PINIT_Limit                    
00009ab1  __TI_auto_init                      
08001540  __TI_cleanup_ptr                    
00009b21  __TI_decompress_lzss                
00009cdd  __TI_decompress_none                
08001544  __TI_dtors_ptr                      
08001548  __TI_enable_exit_profile_output     
ffffffff  __TI_pprof_out_hndl                 
ffffffff  __TI_prof_data_size                 
ffffffff  __TI_prof_data_start                
00000000  __TI_static_base__                  
00009ceb  __TI_zero_init                      
00009a35  __aeabi_memclr                      
00009a35  __aeabi_memclr4                     
00009a35  __aeabi_memclr8                     
00009919  __aeabi_memcpy                      
00009919  __aeabi_memcpy4                     
00009919  __aeabi_memcpy8                     
00009a37  __aeabi_memset                      
00009a37  __aeabi_memset4                     
00009a37  __aeabi_memset8                     
ffffffff  __binit__                           
ffffffff  __c_args__                          
00008f94  _c_int00                            
00008bd8  _coreClearAuxiliaryDataFault_       
00008bec  _coreClearAuxiliaryInstructionFault_
00008bb0  _coreClearDataFaultAddress_         
00008b88  _coreClearDataFault_                
00008bc4  _coreClearInstructionFaultAddress_  
00008b9c  _coreClearInstructionFault_         
00008b1c  _coreDisableEventBusExport_         
00008b60  _coreDisableFlashEcc_               
00008b3c  _coreDisableRamEcc_                 
00008b0c  _coreEnableEventBusExport_          
00008b4c  _coreEnableFlashEcc_                
00008b70  _coreEnableIrqVicOffset_            
00008b2c  _coreEnableRamEcc_                  
00008af4  _coreEnableVfp_                     
00008bd0  _coreGetAuxiliaryDataFault_         
00008be4  _coreGetAuxiliaryInstructionFault_  
00008ba8  _coreGetDataFaultAddress_           
00008b80  _coreGetDataFault_                  
00008bbc  _coreGetInstructionFaultAddress_    
00008b94  _coreGetInstructionFault_           
0000897c  _coreInitRegisters_                 
00008a88  _coreInitStackPointer_              
00009670  _dabort                             
00008c00  _disable_FIQ_interrupt_             
00008c08  _disable_IRQ_interrupt_             
00008bf8  _disable_interrupt_                 
00008c10  _enable_interrupt_                  
00008ca0  _errata_CORTEXR4_57_                
00008cb0  _errata_CORTEXR4_66_                
00008c18  _esmCcmErrorsClear_                 
00008ad4  _getCPSRValue_                      
00008adc  _gotoCPUIdle_                       
080015d0  _lock                               
00009cd7  _nop                                
00009894  _pmuDisableCountersGlobal_          
00009884  _pmuEnableCountersGlobal_           
000098f0  _pmuGetCycleCount_                  
000098f8  _pmuGetEventCount_                  
00009904  _pmuGetOverflow_                    
00009838  _pmuInit_                           
000098c4  _pmuResetCounters_                  
000098a4  _pmuResetCycleCounter_              
000098b4  _pmuResetEventCounters_             
000098e4  _pmuSetCountEvent_                  
000098d4  _pmuStartCounters_                  
000098dc  _pmuStopCounters_                   
00009ccf  _register_lock                      
00009cc9  _register_unlock                    
00009aaf  _system_post_cinit                  
080015d4  _unlock                             
0800154c  a_ac_motor                          
08001558  a_battery                           
00009be5  abort                               
00004f2c  adc1GetConfigValue                  
00009b8c  adc1Group1Interrupt                 
0000126c  adc1ParityCheck                     
00001358  adc2ParityCheck                     
00004b08  adcCalibration                      
00004ecc  adcDisableNotification              
00004e7c  adcEnableNotification               
000048e0  adcGetData                          
00004f14  adcGetEVTPin                        
000046b0  adcInit                             
00004ad8  adcIsConversionComplete             
00004aa8  adcIsFifoFull                       
00004ce0  adcMidPointCalibration              
0000693c  adcNotification                     
000048b8  adcResetFiFo                        
00004ef4  adcSetEVTPin                        
0000480c  adcStartConversion                  
00004890  adcStopConversion                   
000080dc  adcUpdateData                       
08001500  adc_data                            
ffffffff  binit                               
00003814  can1GetConfigValue                  
00009570  can1HighLevelInterrupt              
00001410  can1ParityCheck                     
0000396c  can2GetConfigValue                  
000014e8  can2ParityCheck                     
000015b0  can3ParityCheck                     
000036b4  canDisableErrorNotification         
00003694  canDisableStatusChangeNotification  
0000370c  canDisableloopback                  
00003654  canEnableErrorNotification          
00003674  canEnableStatusChangeNotification   
000036d4  canEnableloopback                   
00006950  canErrorNotification                
000033fc  canFillMessageObjectData            
00003124  canGetData                          
00003630  canGetErrorLevel                    
0000327c  canGetID                            
0000360c  canGetLastError                     
00002cfc  canInit                             
000037f8  canIoRxGetBit                       
0000373c  canIoSetDirection                   
0000378c  canIoSetPort                        
000037dc  canIoTxGetBit                       
000035b0  canIsMessageBoxValid                
00003554  canIsRxMessageArrived               
000034f8  canIsTxMessagePending               
00006978  canMessageNotification              
000082c0  canNewMessageReceived               
0000335c  canSendRemoteFrame                  
00006964  canStatusChangeNotification         
00003028  canTransmit                         
00008148  canUpdateData                       
000032e4  canUpdateID                         
00000030  ccmSelfCheck                        
000026fc  ccmr4GetConfigValue                 
00000938  checkB0RAMECC                       
00000b28  checkB1RAMECC                       
00001c18  checkClockMonitor                   
00000d18  checkFlashECC                       
00001cf4  checkFlashEEPROMECC                 
00001e8c  checkPLL1Slip                       
00001f8c  checkPLL2Slip                       
00002050  checkRAMAddrParity                  
000019d0  checkRAMECC                         
0000215c  checkRAMUERRTest                    
00008054  check_enable_switch1_connectivity   
0000806c  check_enable_switch2_connectivity   
000007bc  checkefcSelfTest                    
00008084  connect_enable_switch1              
000080b0  connect_enable_switch2              
00009c7d  copy_in                             
00000234  cpuSelfTest                         
00000dfc  cpuSelfTestFail                     
08001518  curr_gear                           
0800152a  current_battery_ampere              
08001528  current_battery_voltage             
00000df4  custom_dabort                       
00002b58  disableParity                       
00006bf4  dmaGroupANotification               
00000eac  dmaParityCheck                      
000077fc  dwdClearFlag                        
00007730  dwdCounterEnable                    
00007778  dwdGenerateSysReset                 
000077c8  dwdGetStatus                        
0000780c  dwdGetViolationStatus               
000076b4  dwdInit                             
0000775c  dwdReset                            
00007740  dwdSetPreload                       
00007724  dwwdGetCurrentDownCounter           
000076dc  dwwdInit                            
00000660  efcCheck                            
00002660  efcGetConfigValue                   
00000794  efcSelfTest                         
000006e8  efcStuckZeroTest                    
00002ad0  enableParity                        
0000276c  errata_PBIST_4                      
00007bf0  esmActivateNormalOperation          
00007cd4  esmClearStatus                      
00007d18  esmClearStatusBuffer                
00007bb4  esmDisableError                     
00007c2c  esmDisableInterrupt                 
00007b88  esmEnableError                      
00007c00  esmEnableInterrupt                  
00007e10  esmEnterSelfTest                    
00007b6c  esmError                            
00007ee8  esmGetConfigValue                   
00007d54  esmGetStatus                        
00007dd8  esmGetStatusBuffer                  
000064a8  esmGroup1Notification               
000064b8  esmGroup2Notification               
0000945c  esmHighInterrupt                    
00007a64  esmInit                             
00007e98  esmSelfTestStatus                   
00007d34  esmSetCounterPreloadValue           
00007c58  esmSetInterruptLevel                
00007be0  esmTriggerErrorPinReset             
00009bed  exit                                
00009759  floor                               
00009759  floorl                              
000022c4  fmcBus1ParityCheck                  
0000085c  fmcBus2Check                        
00000898  fmcECCcheck                         
00008758  gioDisableNotification              
000086f0  gioEnableNotification               
00008658  gioGetBit                           
000087c0  gioGetConfigValue                   
00008680  gioGetPort                          
00009210  gioHighLevelInterrupt               
000084f8  gioInit                             
0000929c  gioLowLevelInterrupt                
00006a3c  gioNotification                     
000085e8  gioSetBit                           
000085c8  gioSetDirection                     
00008638  gioSetPort                          
00008698  gioToggleBit                        
00000f58  het1ParityCheck                     
000010c0  het2ParityCheck                     
00008044  highVoltageStateCheck               
00001004  htu1ParityCheck                     
000011bc  htu2ParityCheck                     
000099c0  init                                
000069d8  isModuleSignalReceived              
0000698c  isStandbySignalReceived             
00008398  lock                                
00008444  loop_delay                          
000083e0  loop_runOutOfTime                   
000099b4  main                                
00003cc4  mapClocks                           
00009919  memcpy                              
00000174  memoryInit                          
000064c8  memoryPort0TestFailNotification     
000064e4  memoryPort1TestFailNotification     
00009a3d  memset                              
00001684  mibspi1ParityCheck                  
0000178c  mibspi3ParityCheck                  
000018b0  mibspi5ParityCheck                  
00005bf4  muxInit                             
000023ec  pbistFail                           
00002470  pbistGetConfigValue                 
000005a8  pbistIsTestCompleted                
000005d4  pbistIsTestPassed                   
00000608  pbistPortTestStatus                 
000004ac  pbistRun                            
000002cc  pbistSelfCheck                      
00000578  pbistStop                           
00003c70  periphInit                          
00009cf8  phantomInterrupt                    
00006094  pinmuxGetConfigValue                
0000803c  prechargeStateCheck                 
00000000  resetEntry                          
00009338  rtiCompare0Interrupt                
00009380  rtiCompare1Interrupt                
000093c8  rtiCompare2Interrupt                
00009410  rtiCompare3Interrupt                
000078bc  rtiDisableNotification              
00007894  rtiEnableNotification               
000078d8  rtiGetConfigValue                   
00007628  rtiGetCurrentTick                   
00007600  rtiGetPeriod                        
00007428  rtiInit                             
00006500  rtiNotification                     
00007574  rtiResetCounter                     
000075d8  rtiSetPeriod                        
0000751c  rtiStartCounter                     
00007548  rtiStopCounter                      
080015d8  rx_data                             
0000804c  safety_check                        
00007138  sciDisableLoopback                  
000071c4  sciDisableNotification              
00007104  sciEnableLoopback                   
0000715c  sciEnableNotification               
0000722c  sciEnterResetState                  
0000724c  sciExitResetState                   
00006c70  sciInit                             
00006fb4  sciIsIdleDetected                   
00006f98  sciIsRxReady                        
00006e18  sciIsTxReady                        
00006be0  sciNotification                     
0000702c  sciReceive                          
00007000  sciReceiveByte                      
00006fd0  sciRxError                          
00006e64  sciSend                             
00006e34  sciSendByte                         
00006d7c  sciSetBaudrate                      
00006d5c  sciSetFunctional                    
0000726c  scilinGetConfigValue                
00000020  selftestFailNotification            
00009c30  setError                            
00009c64  setWarnning                         
00003c30  setupFlash                          
00003b88  setupPLL                            
0800152c  speed                               
08001564  speed_vihecle                       
000044a8  sramGetConfigValue                  
08001519  stat                                
000025bc  stcGetConfigValue                   
000001b8  stcSelfCheck                        
00000df8  stcSelfCheckFail                    
00003ee8  systemGetConfigValue                
00003dec  systemInit                          
00003eb8  systemPowerDown                     
08001570  t_heatSink                          
0800157c  t_motor                             
08001588  t_ptc                               
000042fc  tcmflashGetConfigValue              
08001520  timer                               
00008428  timer_delay                         
08001594  torque_motor                        
00003be8  trimLPO                             
080015e0  tx_data                             
00008370  update_speed_canData                
080015a0  v_ac_motor                          
080015ac  v_battery                           
080015b8  v_cap                               
080015c4  v_throttle                          
00005270  vimChannelMap                       
000054dc  vimDisableInterrupt                 
00005314  vimEnableInterrupt                  
00005588  vimGetConfigValue                   
0000519c  vimInit                             
00000e00  vimParityCheck                      
00008cc8  vimParityErrorHandler               


GLOBAL SYMBOLS: SORTED BY Symbol Address 

address   name                                
-------   ----                                
00000000  __TI_static_base__                  
00000000  resetEntry                          
00000020  selftestFailNotification            
00000030  ccmSelfCheck                        
00000174  memoryInit                          
000001b8  stcSelfCheck                        
00000234  cpuSelfTest                         
000002cc  pbistSelfCheck                      
000004ac  pbistRun                            
00000578  pbistStop                           
000005a8  pbistIsTestCompleted                
000005d4  pbistIsTestPassed                   
00000608  pbistPortTestStatus                 
00000660  efcCheck                            
000006e8  efcStuckZeroTest                    
00000794  efcSelfTest                         
000007bc  checkefcSelfTest                    
0000085c  fmcBus2Check                        
00000898  fmcECCcheck                         
00000938  checkB0RAMECC                       
00000b28  checkB1RAMECC                       
00000d18  checkFlashECC                       
00000df4  custom_dabort                       
00000df8  stcSelfCheckFail                    
00000dfc  cpuSelfTestFail                     
00000e00  vimParityCheck                      
00000eac  dmaParityCheck                      
00000f58  het1ParityCheck                     
00001004  htu1ParityCheck                     
000010c0  het2ParityCheck                     
000011bc  htu2ParityCheck                     
0000126c  adc1ParityCheck                     
00001358  adc2ParityCheck                     
00001410  can1ParityCheck                     
000014e8  can2ParityCheck                     
000015b0  can3ParityCheck                     
00001684  mibspi1ParityCheck                  
0000178c  mibspi3ParityCheck                  
000018b0  mibspi5ParityCheck                  
000019d0  checkRAMECC                         
00001c18  checkClockMonitor                   
00001cf4  checkFlashEEPROMECC                 
00001e8c  checkPLL1Slip                       
00001f8c  checkPLL2Slip                       
00002050  checkRAMAddrParity                  
0000215c  checkRAMUERRTest                    
000022c4  fmcBus1ParityCheck                  
000023ec  pbistFail                           
00002470  pbistGetConfigValue                 
000025bc  stcGetConfigValue                   
00002660  efcGetConfigValue                   
000026fc  ccmr4GetConfigValue                 
0000276c  errata_PBIST_4                      
00002ad0  enableParity                        
00002b58  disableParity                       
00002cfc  canInit                             
00003028  canTransmit                         
00003124  canGetData                          
0000327c  canGetID                            
000032e4  canUpdateID                         
0000335c  canSendRemoteFrame                  
000033fc  canFillMessageObjectData            
000034f8  canIsTxMessagePending               
00003554  canIsRxMessageArrived               
000035b0  canIsMessageBoxValid                
0000360c  canGetLastError                     
00003630  canGetErrorLevel                    
00003654  canEnableErrorNotification          
00003674  canEnableStatusChangeNotification   
00003694  canDisableStatusChangeNotification  
000036b4  canDisableErrorNotification         
000036d4  canEnableloopback                   
0000370c  canDisableloopback                  
0000373c  canIoSetDirection                   
0000378c  canIoSetPort                        
000037dc  canIoTxGetBit                       
000037f8  canIoRxGetBit                       
00003814  can1GetConfigValue                  
0000396c  can2GetConfigValue                  
00003b88  setupPLL                            
00003be8  trimLPO                             
00003c30  setupFlash                          
00003c70  periphInit                          
00003cc4  mapClocks                           
00003dec  systemInit                          
00003eb8  systemPowerDown                     
00003ee8  systemGetConfigValue                
000042fc  tcmflashGetConfigValue              
000044a8  sramGetConfigValue                  
000046b0  adcInit                             
0000480c  adcStartConversion                  
00004890  adcStopConversion                   
000048b8  adcResetFiFo                        
000048e0  adcGetData                          
00004aa8  adcIsFifoFull                       
00004ad8  adcIsConversionComplete             
00004b08  adcCalibration                      
00004ce0  adcMidPointCalibration              
00004e7c  adcEnableNotification               
00004ecc  adcDisableNotification              
00004ef4  adcSetEVTPin                        
00004f14  adcGetEVTPin                        
00004f2c  adc1GetConfigValue                  
0000519c  vimInit                             
00005270  vimChannelMap                       
00005314  vimEnableInterrupt                  
000054dc  vimDisableInterrupt                 
00005588  vimGetConfigValue                   
00005bf4  muxInit                             
00006094  pinmuxGetConfigValue                
000064a8  esmGroup1Notification               
000064b8  esmGroup2Notification               
000064c8  memoryPort0TestFailNotification     
000064e4  memoryPort1TestFailNotification     
00006500  rtiNotification                     
0000693c  adcNotification                     
00006950  canErrorNotification                
00006964  canStatusChangeNotification         
00006978  canMessageNotification              
0000698c  isStandbySignalReceived             
000069d8  isModuleSignalReceived              
00006a3c  gioNotification                     
00006be0  sciNotification                     
00006bf4  dmaGroupANotification               
00006c70  sciInit                             
00006d5c  sciSetFunctional                    
00006d7c  sciSetBaudrate                      
00006e18  sciIsTxReady                        
00006e34  sciSendByte                         
00006e64  sciSend                             
00006f98  sciIsRxReady                        
00006fb4  sciIsIdleDetected                   
00006fd0  sciRxError                          
00007000  sciReceiveByte                      
0000702c  sciReceive                          
00007104  sciEnableLoopback                   
00007138  sciDisableLoopback                  
0000715c  sciEnableNotification               
000071c4  sciDisableNotification              
0000722c  sciEnterResetState                  
0000724c  sciExitResetState                   
0000726c  scilinGetConfigValue                
00007428  rtiInit                             
0000751c  rtiStartCounter                     
00007548  rtiStopCounter                      
00007574  rtiResetCounter                     
000075d8  rtiSetPeriod                        
00007600  rtiGetPeriod                        
00007628  rtiGetCurrentTick                   
000076b4  dwdInit                             
000076dc  dwwdInit                            
00007724  dwwdGetCurrentDownCounter           
00007730  dwdCounterEnable                    
00007740  dwdSetPreload                       
0000775c  dwdReset                            
00007778  dwdGenerateSysReset                 
00007794  IsdwdKeySequenceCorrect             
000077c8  dwdGetStatus                        
000077fc  dwdClearFlag                        
0000780c  dwdGetViolationStatus               
00007894  rtiEnableNotification               
000078bc  rtiDisableNotification              
000078d8  rtiGetConfigValue                   
00007a64  esmInit                             
00007b6c  esmError                            
00007b88  esmEnableError                      
00007bb4  esmDisableError                     
00007be0  esmTriggerErrorPinReset             
00007bf0  esmActivateNormalOperation          
00007c00  esmEnableInterrupt                  
00007c2c  esmDisableInterrupt                 
00007c58  esmSetInterruptLevel                
00007cd4  esmClearStatus                      
00007d18  esmClearStatusBuffer                
00007d34  esmSetCounterPreloadValue           
00007d54  esmGetStatus                        
00007dd8  esmGetStatusBuffer                  
00007e10  esmEnterSelfTest                    
00007e98  esmSelfTestStatus                   
00007ee8  esmGetConfigValue                   
0000803c  prechargeStateCheck                 
00008044  highVoltageStateCheck               
0000804c  safety_check                        
00008054  check_enable_switch1_connectivity   
0000806c  check_enable_switch2_connectivity   
00008084  connect_enable_switch1              
000080b0  connect_enable_switch2              
000080dc  adcUpdateData                       
00008148  canUpdateData                       
000082c0  canNewMessageReceived               
00008370  update_speed_canData                
00008398  lock                                
000083e0  loop_runOutOfTime                   
00008428  timer_delay                         
00008444  loop_delay                          
000084f8  gioInit                             
000085c8  gioSetDirection                     
000085e8  gioSetBit                           
00008638  gioSetPort                          
00008658  gioGetBit                           
00008680  gioGetPort                          
00008698  gioToggleBit                        
000086f0  gioEnableNotification               
00008758  gioDisableNotification              
000087c0  gioGetConfigValue                   
0000897c  _coreInitRegisters_                 
00008a88  _coreInitStackPointer_              
00008ad4  _getCPSRValue_                      
00008adc  _gotoCPUIdle_                       
00008af4  _coreEnableVfp_                     
00008b0c  _coreEnableEventBusExport_          
00008b1c  _coreDisableEventBusExport_         
00008b2c  _coreEnableRamEcc_                  
00008b3c  _coreDisableRamEcc_                 
00008b4c  _coreEnableFlashEcc_                
00008b60  _coreDisableFlashEcc_               
00008b70  _coreEnableIrqVicOffset_            
00008b80  _coreGetDataFault_                  
00008b88  _coreClearDataFault_                
00008b94  _coreGetInstructionFault_           
00008b9c  _coreClearInstructionFault_         
00008ba8  _coreGetDataFaultAddress_           
00008bb0  _coreClearDataFaultAddress_         
00008bbc  _coreGetInstructionFaultAddress_    
00008bc4  _coreClearInstructionFaultAddress_  
00008bd0  _coreGetAuxiliaryDataFault_         
00008bd8  _coreClearAuxiliaryDataFault_       
00008be4  _coreGetAuxiliaryInstructionFault_  
00008bec  _coreClearAuxiliaryInstructionFault_
00008bf8  _disable_interrupt_                 
00008c00  _disable_FIQ_interrupt_             
00008c08  _disable_IRQ_interrupt_             
00008c10  _enable_interrupt_                  
00008c18  _esmCcmErrorsClear_                 
00008ca0  _errata_CORTEXR4_57_                
00008cb0  _errata_CORTEXR4_66_                
00008cc0  __TI_PINIT_Base                     
00008cc4  __TI_PINIT_Limit                    
00008cc8  vimParityErrorHandler               
00008f94  _c_int00                            
00009210  gioHighLevelInterrupt               
0000929c  gioLowLevelInterrupt                
00009338  rtiCompare0Interrupt                
00009380  rtiCompare1Interrupt                
000093c8  rtiCompare2Interrupt                
00009410  rtiCompare3Interrupt                
0000945c  esmHighInterrupt                    
00009570  can1HighLevelInterrupt              
00009670  _dabort                             
00009759  floor                               
00009759  floorl                              
00009838  _pmuInit_                           
00009884  _pmuEnableCountersGlobal_           
00009894  _pmuDisableCountersGlobal_          
000098a4  _pmuResetCycleCounter_              
000098b4  _pmuResetEventCounters_             
000098c4  _pmuResetCounters_                  
000098d4  _pmuStartCounters_                  
000098dc  _pmuStopCounters_                   
000098e4  _pmuSetCountEvent_                  
000098f0  _pmuGetCycleCount_                  
000098f8  _pmuGetEventCount_                  
00009904  _pmuGetOverflow_                    
00009919  __aeabi_memcpy                      
00009919  __aeabi_memcpy4                     
00009919  __aeabi_memcpy8                     
00009919  memcpy                              
000099b4  main                                
000099c0  init                                
00009a35  __aeabi_memclr                      
00009a35  __aeabi_memclr4                     
00009a35  __aeabi_memclr8                     
00009a37  __aeabi_memset                      
00009a37  __aeabi_memset4                     
00009a37  __aeabi_memset8                     
00009a3d  memset                              
00009aaf  _system_post_cinit                  
00009ab1  __TI_auto_init                      
00009b21  __TI_decompress_lzss                
00009b8c  adc1Group1Interrupt                 
00009be1  C$$EXIT                             
00009be5  abort                               
00009bed  exit                                
00009c30  setError                            
00009c64  setWarnning                         
00009c7d  copy_in                             
00009cc9  _register_unlock                    
00009ccf  _register_lock                      
00009cd7  _nop                                
00009cdd  __TI_decompress_none                
00009ceb  __TI_zero_init                      
00009cf8  phantomInterrupt                    
00009f88  __TI_Handler_Table_Base             
00009f94  __TI_Handler_Table_Limit            
00009fa0  __TI_CINIT_Base                     
00009fb0  __TI_CINIT_Limit                    
08001500  adc_data                            
08001518  curr_gear                           
08001519  stat                                
08001520  timer                               
08001528  current_battery_voltage             
0800152a  current_battery_ampere              
0800152c  speed                               
08001540  __TI_cleanup_ptr                    
08001544  __TI_dtors_ptr                      
08001548  __TI_enable_exit_profile_output     
0800154c  a_ac_motor                          
08001558  a_battery                           
08001564  speed_vihecle                       
08001570  t_heatSink                          
0800157c  t_motor                             
08001588  t_ptc                               
08001594  torque_motor                        
080015a0  v_ac_motor                          
080015ac  v_battery                           
080015b8  v_cap                               
080015c4  v_throttle                          
080015d0  _lock                               
080015d4  _unlock                             
080015d8  rx_data                             
080015e0  tx_data                             
ffffffff  __TI_pprof_out_hndl                 
ffffffff  __TI_prof_data_size                 
ffffffff  __TI_prof_data_start                
ffffffff  __binit__                           
ffffffff  __c_args__                          
ffffffff  binit                               
UNDEFED   SHT$$INIT_ARRAY$$Base               
UNDEFED   SHT$$INIT_ARRAY$$Limit              

[329 symbols]
