<?xml version="1.0"?>
<link_info>
   <banner>TI ARM Linker Unix v16.9.1.LTS</banner>
   <copyright>Copyright (c) 1996-2015 Texas Instruments Incorporated</copyright>
   <link_time>0x598623db</link_time>
   <link_errors>0x0</link_errors>
   <output_file>Comprehensive_Test_Receive.out</output_file>
   <entry_point>
      <name>_c_int00</name>
      <address>0x9408</address>
   </entry_point>
   <input_file_list>
      <input_file id="fl-2">
         <path>./source/</path>
         <kind>object</kind>
         <file>A_PID.obj</file>
         <name>A_PID.obj</name>
      </input_file>
      <input_file id="fl-3">
         <path>./source/</path>
         <kind>object</kind>
         <file>A_control_methods.obj</file>
         <name>A_control_methods.obj</name>
      </input_file>
      <input_file id="fl-4">
         <path>./source/</path>
         <kind>object</kind>
         <file>A_exception_handler.obj</file>
         <name>A_exception_handler.obj</name>
      </input_file>
      <input_file id="fl-5">
         <path>./source/</path>
         <kind>object</kind>
         <file>adc.obj</file>
         <name>adc.obj</name>
      </input_file>
      <input_file id="fl-6">
         <path>./source/</path>
         <kind>object</kind>
         <file>can.obj</file>
         <name>can.obj</name>
      </input_file>
      <input_file id="fl-7">
         <path>./source/</path>
         <kind>object</kind>
         <file>dabort.obj</file>
         <name>dabort.obj</name>
      </input_file>
      <input_file id="fl-8">
         <path>./source/</path>
         <kind>object</kind>
         <file>esm.obj</file>
         <name>esm.obj</name>
      </input_file>
      <input_file id="fl-9">
         <path>./source/</path>
         <kind>object</kind>
         <file>gio.obj</file>
         <name>gio.obj</name>
      </input_file>
      <input_file id="fl-a">
         <path>./source/</path>
         <kind>object</kind>
         <file>notification.obj</file>
         <name>notification.obj</name>
      </input_file>
      <input_file id="fl-b">
         <path>./source/</path>
         <kind>object</kind>
         <file>pinmux.obj</file>
         <name>pinmux.obj</name>
      </input_file>
      <input_file id="fl-c">
         <path>./source/</path>
         <kind>object</kind>
         <file>rti.obj</file>
         <name>rti.obj</name>
      </input_file>
      <input_file id="fl-d">
         <path>./source/</path>
         <kind>object</kind>
         <file>sci.obj</file>
         <name>sci.obj</name>
      </input_file>
      <input_file id="fl-e">
         <path>./source/</path>
         <kind>object</kind>
         <file>sys_core.obj</file>
         <name>sys_core.obj</name>
      </input_file>
      <input_file id="fl-f">
         <path>./source/</path>
         <kind>object</kind>
         <file>sys_dma.obj</file>
         <name>sys_dma.obj</name>
      </input_file>
      <input_file id="fl-10">
         <path>./source/</path>
         <kind>object</kind>
         <file>sys_intvecs.obj</file>
         <name>sys_intvecs.obj</name>
      </input_file>
      <input_file id="fl-11">
         <path>./source/</path>
         <kind>object</kind>
         <file>sys_main.obj</file>
         <name>sys_main.obj</name>
      </input_file>
      <input_file id="fl-12">
         <path>./source/</path>
         <kind>object</kind>
         <file>sys_mpu.obj</file>
         <name>sys_mpu.obj</name>
      </input_file>
      <input_file id="fl-13">
         <path>./source/</path>
         <kind>object</kind>
         <file>sys_pcr.obj</file>
         <name>sys_pcr.obj</name>
      </input_file>
      <input_file id="fl-14">
         <path>./source/</path>
         <kind>object</kind>
         <file>sys_phantom.obj</file>
         <name>sys_phantom.obj</name>
      </input_file>
      <input_file id="fl-15">
         <path>./source/</path>
         <kind>object</kind>
         <file>sys_pmm.obj</file>
         <name>sys_pmm.obj</name>
      </input_file>
      <input_file id="fl-16">
         <path>./source/</path>
         <kind>object</kind>
         <file>sys_pmu.obj</file>
         <name>sys_pmu.obj</name>
      </input_file>
      <input_file id="fl-17">
         <path>./source/</path>
         <kind>object</kind>
         <file>sys_selftest.obj</file>
         <name>sys_selftest.obj</name>
      </input_file>
      <input_file id="fl-18">
         <path>./source/</path>
         <kind>object</kind>
         <file>sys_startup.obj</file>
         <name>sys_startup.obj</name>
      </input_file>
      <input_file id="fl-19">
         <path>./source/</path>
         <kind>object</kind>
         <file>sys_vim.obj</file>
         <name>sys_vim.obj</name>
      </input_file>
      <input_file id="fl-1a">
         <path>./source/</path>
         <kind>object</kind>
         <file>system.obj</file>
         <name>system.obj</name>
      </input_file>
      <input_file id="fl-1f">
         <path>/home/gx/ti/ccsv7/tools/compiler/ti-cgt-arm_16.9.1.LTS/lib/</path>
         <kind>archive</kind>
         <file>rtsv7R4_T_be_v3D16_eabi.lib</file>
         <name>autoinit.obj</name>
      </input_file>
      <input_file id="fl-20">
         <path>/home/gx/ti/ccsv7/tools/compiler/ti-cgt-arm_16.9.1.LTS/lib/</path>
         <kind>archive</kind>
         <file>rtsv7R4_T_be_v3D16_eabi.lib</file>
         <name>copy_decompress_lzss.obj</name>
      </input_file>
      <input_file id="fl-21">
         <path>/home/gx/ti/ccsv7/tools/compiler/ti-cgt-arm_16.9.1.LTS/lib/</path>
         <kind>archive</kind>
         <file>rtsv7R4_T_be_v3D16_eabi.lib</file>
         <name>copy_decompress_none.obj</name>
      </input_file>
      <input_file id="fl-22">
         <path>/home/gx/ti/ccsv7/tools/compiler/ti-cgt-arm_16.9.1.LTS/lib/</path>
         <kind>archive</kind>
         <file>rtsv7R4_T_be_v3D16_eabi.lib</file>
         <name>copy_zero_init.obj</name>
      </input_file>
      <input_file id="fl-23">
         <path>/home/gx/ti/ccsv7/tools/compiler/ti-cgt-arm_16.9.1.LTS/lib/</path>
         <kind>archive</kind>
         <file>rtsv7R4_T_be_v3D16_eabi.lib</file>
         <name>cpy_tbl.obj</name>
      </input_file>
      <input_file id="fl-24">
         <path>/home/gx/ti/ccsv7/tools/compiler/ti-cgt-arm_16.9.1.LTS/lib/</path>
         <kind>archive</kind>
         <file>rtsv7R4_T_be_v3D16_eabi.lib</file>
         <name>exit.obj</name>
      </input_file>
      <input_file id="fl-25">
         <path>/home/gx/ti/ccsv7/tools/compiler/ti-cgt-arm_16.9.1.LTS/lib/</path>
         <kind>archive</kind>
         <file>rtsv7R4_T_be_v3D16_eabi.lib</file>
         <name>fs_toull_t2.obj</name>
      </input_file>
      <input_file id="fl-26">
         <path>/home/gx/ti/ccsv7/tools/compiler/ti-cgt-arm_16.9.1.LTS/lib/</path>
         <kind>archive</kind>
         <file>rtsv7R4_T_be_v3D16_eabi.lib</file>
         <name>memcpy_t2.obj</name>
      </input_file>
      <input_file id="fl-27">
         <path>/home/gx/ti/ccsv7/tools/compiler/ti-cgt-arm_16.9.1.LTS/lib/</path>
         <kind>archive</kind>
         <file>rtsv7R4_T_be_v3D16_eabi.lib</file>
         <name>memset_t2.obj</name>
      </input_file>
      <input_file id="fl-28">
         <path>/home/gx/ti/ccsv7/tools/compiler/ti-cgt-arm_16.9.1.LTS/lib/</path>
         <kind>archive</kind>
         <file>rtsv7R4_T_be_v3D16_eabi.lib</file>
         <name>s_floor.obj</name>
      </input_file>
      <input_file id="fl-29">
         <path>/home/gx/ti/ccsv7/tools/compiler/ti-cgt-arm_16.9.1.LTS/lib/</path>
         <kind>archive</kind>
         <file>rtsv7R4_T_be_v3D16_eabi.lib</file>
         <name>startup.obj</name>
      </input_file>
      <input_file id="fl-2a">
         <path>/home/gx/ti/ccsv7/tools/compiler/ti-cgt-arm_16.9.1.LTS/lib/</path>
         <kind>archive</kind>
         <file>rtsv7R4_T_be_v3D16_eabi.lib</file>
         <name>_lock.obj</name>
      </input_file>
   </input_file_list>
   <object_component_list>
      <object_component id="oc-40">
         <name>.intvecs</name>
         <load_address>0x0</load_address>
         <run_address>0x0</run_address>
         <size>0x20</size>
         <input_file_ref idref="fl-10"/>
      </object_component>
      <object_component id="oc-85">
         <name>.text</name>
         <load_address>0x20</load_address>
         <run_address>0x20</run_address>
         <size>0x2cdc</size>
         <input_file_ref idref="fl-17"/>
      </object_component>
      <object_component id="oc-104">
         <name>.text</name>
         <load_address>0x2cfc</load_address>
         <run_address>0x2cfc</run_address>
         <size>0xe90</size>
         <input_file_ref idref="fl-6"/>
      </object_component>
      <object_component id="oc-7f">
         <name>.text</name>
         <load_address>0x3b8c</load_address>
         <run_address>0x3b8c</run_address>
         <size>0xb28</size>
         <input_file_ref idref="fl-1a"/>
      </object_component>
      <object_component id="oc-a4">
         <name>.text</name>
         <load_address>0x46b4</load_address>
         <run_address>0x46b4</run_address>
         <size>0xb1c</size>
         <input_file_ref idref="fl-a"/>
      </object_component>
      <object_component id="oc-10a">
         <name>.text</name>
         <load_address>0x51d0</load_address>
         <run_address>0x51d0</run_address>
         <size>0xaec</size>
         <input_file_ref idref="fl-5"/>
      </object_component>
      <object_component id="oc-4c">
         <name>.text</name>
         <load_address>0x5cbc</load_address>
         <run_address>0x5cbc</run_address>
         <size>0xa58</size>
         <input_file_ref idref="fl-19"/>
      </object_component>
      <object_component id="oc-e0">
         <name>.text</name>
         <load_address>0x6714</load_address>
         <run_address>0x6714</run_address>
         <size>0x8b4</size>
         <input_file_ref idref="fl-b"/>
      </object_component>
      <object_component id="oc-110">
         <name>.text</name>
         <load_address>0x6fc8</load_address>
         <run_address>0x6fc8</run_address>
         <size>0x7b8</size>
         <input_file_ref idref="fl-d"/>
      </object_component>
      <object_component id="oc-116">
         <name>.text</name>
         <load_address>0x7780</load_address>
         <run_address>0x7780</run_address>
         <size>0x63c</size>
         <input_file_ref idref="fl-c"/>
      </object_component>
      <object_component id="oc-8b">
         <name>.text</name>
         <load_address>0x7dbc</load_address>
         <run_address>0x7dbc</run_address>
         <size>0x5d8</size>
         <input_file_ref idref="fl-8"/>
      </object_component>
      <object_component id="oc-137">
         <name>.text</name>
         <load_address>0x8394</load_address>
         <run_address>0x8394</run_address>
         <size>0x5c8</size>
         <input_file_ref idref="fl-3"/>
      </object_component>
      <object_component id="oc-11c">
         <name>.text</name>
         <load_address>0x895c</load_address>
         <run_address>0x895c</run_address>
         <size>0x494</size>
         <input_file_ref idref="fl-9"/>
      </object_component>
      <object_component id="oc-7a">
         <name>.text</name>
         <load_address>0x8df0</load_address>
         <run_address>0x8df0</run_address>
         <size>0x34c</size>
         <input_file_ref idref="fl-e"/>
      </object_component>
      <object_component id="oc-4b">
         <name>.text:retain</name>
         <load_address>0x913c</load_address>
         <run_address>0x913c</run_address>
         <size>0x2cc</size>
         <input_file_ref idref="fl-19"/>
      </object_component>
      <object_component id="oc-1f">
         <name>.text:retain</name>
         <load_address>0x9408</load_address>
         <run_address>0x9408</run_address>
         <size>0x27c</size>
         <input_file_ref idref="fl-18"/>
      </object_component>
      <object_component id="oc-25">
         <name>.text:retain</name>
         <load_address>0x9684</load_address>
         <run_address>0x9684</run_address>
         <size>0x19c</size>
         <input_file_ref idref="fl-6"/>
      </object_component>
      <object_component id="oc-34">
         <name>.text:retain</name>
         <load_address>0x9820</load_address>
         <run_address>0x9820</run_address>
         <size>0x128</size>
         <input_file_ref idref="fl-9"/>
      </object_component>
      <object_component id="oc-2e">
         <name>.text:retain</name>
         <load_address>0x9948</load_address>
         <run_address>0x9948</run_address>
         <size>0x114</size>
         <input_file_ref idref="fl-8"/>
      </object_component>
      <object_component id="oc-b6">
         <name>.text</name>
         <load_address>0x9a5c</load_address>
         <run_address>0x9a5c</run_address>
         <size>0xe8</size>
         <input_file_ref idref="fl-7"/>
      </object_component>
      <object_component id="oc-20a">
         <name>.text</name>
         <load_address>0x9b44</load_address>
         <run_address>0x9b44</run_address>
         <size>0xe0</size>
         <input_file_ref idref="fl-28"/>
      </object_component>
      <object_component id="oc-e8">
         <name>.text</name>
         <load_address>0x9c24</load_address>
         <run_address>0x9c24</run_address>
         <size>0xe0</size>
         <input_file_ref idref="fl-16"/>
      </object_component>
      <object_component id="oc-3a">
         <name>.text:retain</name>
         <load_address>0x9d04</load_address>
         <run_address>0x9d04</run_address>
         <size>0xdc</size>
         <input_file_ref idref="fl-c"/>
      </object_component>
      <object_component id="oc-62">
         <name>.text</name>
         <load_address>0x9de0</load_address>
         <run_address>0x9de0</run_address>
         <size>0x9c</size>
         <input_file_ref idref="fl-26"/>
      </object_component>
      <object_component id="oc-131">
         <name>.text</name>
         <load_address>0x9e7c</load_address>
         <run_address>0x9e7c</run_address>
         <size>0x80</size>
         <input_file_ref idref="fl-4"/>
      </object_component>
      <object_component id="oc-6e">
         <name>.text</name>
         <load_address>0x9efc</load_address>
         <run_address>0x9efc</run_address>
         <size>0x7a</size>
         <input_file_ref idref="fl-27"/>
      </object_component>
      <object_component id="oc-fc">
         <name>.text</name>
         <load_address>0x9f76</load_address>
         <run_address>0x9f76</run_address>
         <size>0x2</size>
         <input_file_ref idref="fl-29"/>
      </object_component>
      <object_component id="oc-97">
         <name>.text</name>
         <load_address>0x9f78</load_address>
         <run_address>0x9f78</run_address>
         <size>0x78</size>
         <input_file_ref idref="fl-11"/>
      </object_component>
      <object_component id="oc-91">
         <name>.text</name>
         <load_address>0x9ff0</load_address>
         <run_address>0x9ff0</run_address>
         <size>0x70</size>
         <input_file_ref idref="fl-1f"/>
      </object_component>
      <object_component id="oc-d">
         <name>.text:decompress:lzss</name>
         <load_address>0xa060</load_address>
         <run_address>0xa060</run_address>
         <size>0x6c</size>
         <input_file_ref idref="fl-20"/>
      </object_component>
      <object_component id="oc-9d">
         <name>.text</name>
         <load_address>0xa0cc</load_address>
         <run_address>0xa0cc</run_address>
         <size>0x50</size>
         <input_file_ref idref="fl-24"/>
      </object_component>
      <object_component id="oc-f6">
         <name>.text</name>
         <load_address>0xa11c</load_address>
         <run_address>0xa11c</run_address>
         <size>0x4c</size>
         <input_file_ref idref="fl-23"/>
      </object_component>
      <object_component id="oc-22d">
         <name>.text</name>
         <load_address>0xa168</load_address>
         <run_address>0xa168</run_address>
         <size>0x4a</size>
         <input_file_ref idref="fl-25"/>
      </object_component>
      <object_component id="oc-220">
         <name>.text</name>
         <load_address>0xa1b4</load_address>
         <run_address>0xa1b4</run_address>
         <size>0x14</size>
         <input_file_ref idref="fl-2a"/>
      </object_component>
      <object_component id="oc-13">
         <name>.text:decompress:none</name>
         <load_address>0xa1c8</load_address>
         <run_address>0xa1c8</run_address>
         <size>0xe</size>
         <input_file_ref idref="fl-21"/>
      </object_component>
      <object_component id="oc-19">
         <name>.text:decompress:ZI</name>
         <load_address>0xa1d6</load_address>
         <run_address>0xa1d6</run_address>
         <size>0xc</size>
         <input_file_ref idref="fl-22"/>
      </object_component>
      <object_component id="oc-45">
         <name>.text:retain</name>
         <load_address>0xa1e4</load_address>
         <run_address>0xa1e4</run_address>
         <size>0x4</size>
         <input_file_ref idref="fl-14"/>
      </object_component>
      <object_component id="oc-2b">
         <name>.const:s_vim_init</name>
         <load_address>0xa1e8</load_address>
         <run_address>0xa1e8</run_address>
         <size>0x200</size>
         <input_file_ref idref="fl-19"/>
      </object_component>
      <object_component id="oc-1f9">
         <name>.const:s_canByteOrder</name>
         <load_address>0xa3e8</load_address>
         <run_address>0xa3e8</run_address>
         <size>0x20</size>
         <input_file_ref idref="fl-6"/>
      </object_component>
      <object_component id="oc-203">
         <name>.const:s_adcFiFoSize</name>
         <load_address>0xa408</load_address>
         <run_address>0xa408</run_address>
         <size>0x18</size>
         <input_file_ref idref="fl-5"/>
      </object_component>
      <object_component id="oc-206">
         <name>.const:s_adcSelect</name>
         <load_address>0xa420</load_address>
         <run_address>0xa420</run_address>
         <size>0x18</size>
         <input_file_ref idref="fl-5"/>
      </object_component>
      <object_component id="oc-2dc">
         <name>.cinit..data.load</name>
         <load_address>0xa438</load_address>
         <run_address>0xa438</run_address>
         <size>0x32</size>
      </object_component>
      <object_component id="oc-2d9">
         <name>__TI_handler_table</name>
         <load_address>0xa46c</load_address>
         <run_address>0xa46c</run_address>
         <size>0xc</size>
      </object_component>
      <object_component id="oc-2db">
         <name>.cinit..bss.load</name>
         <load_address>0xa478</load_address>
         <run_address>0xa478</run_address>
         <size>0x8</size>
      </object_component>
      <object_component id="oc-2da">
         <name>__TI_cinit_table</name>
         <load_address>0xa480</load_address>
         <run_address>0xa480</run_address>
         <size>0x10</size>
      </object_component>
      <object_component id="oc-16a">
         <name>.bss</name>
         <uninitialized>true</uninitialized>
         <run_address>0x8001600</run_address>
         <size>0x1</size>
         <input_file_ref idref="fl-a"/>
      </object_component>
      <object_component id="oc-210">
         <name>.bss:g_sciTransfer_t</name>
         <uninitialized>true</uninitialized>
         <run_address>0x80015d8</run_address>
         <size>0x28</size>
         <input_file_ref idref="fl-d"/>
      </object_component>
      <object_component id="oc-143">
         <name>.data:adc_data</name>
         <load_address>0x8001500</load_address>
         <run_address>0x8001500</run_address>
         <size>0x18</size>
         <input_file_ref idref="fl-3"/>
      </object_component>
      <object_component id="oc-149">
         <name>.data:v_battery</name>
         <load_address>0x800159c</load_address>
         <run_address>0x800159c</run_address>
         <size>0xc</size>
         <input_file_ref idref="fl-3"/>
      </object_component>
      <object_component id="oc-14c">
         <name>.data:v_cap</name>
         <load_address>0x80015a8</load_address>
         <run_address>0x80015a8</run_address>
         <size>0xc</size>
         <input_file_ref idref="fl-3"/>
      </object_component>
      <object_component id="oc-14f">
         <name>.data:a_battery</name>
         <load_address>0x8001548</load_address>
         <run_address>0x8001548</run_address>
         <size>0xc</size>
         <input_file_ref idref="fl-3"/>
      </object_component>
      <object_component id="oc-152">
         <name>.data:v_throttle</name>
         <load_address>0x80015b4</load_address>
         <run_address>0x80015b4</run_address>
         <size>0xc</size>
         <input_file_ref idref="fl-3"/>
      </object_component>
      <object_component id="oc-155">
         <name>.data:t_heatSink</name>
         <load_address>0x8001560</load_address>
         <run_address>0x8001560</run_address>
         <size>0xc</size>
         <input_file_ref idref="fl-3"/>
      </object_component>
      <object_component id="oc-158">
         <name>.data:t_motor</name>
         <load_address>0x800156c</load_address>
         <run_address>0x800156c</run_address>
         <size>0xc</size>
         <input_file_ref idref="fl-3"/>
      </object_component>
      <object_component id="oc-15b">
         <name>.data:t_ptc</name>
         <load_address>0x8001578</load_address>
         <run_address>0x8001578</run_address>
         <size>0xc</size>
         <input_file_ref idref="fl-3"/>
      </object_component>
      <object_component id="oc-15e">
         <name>.data:a_ac_motor</name>
         <load_address>0x800153c</load_address>
         <run_address>0x800153c</run_address>
         <size>0xc</size>
         <input_file_ref idref="fl-3"/>
      </object_component>
      <object_component id="oc-161">
         <name>.data:v_ac_motor</name>
         <load_address>0x8001590</load_address>
         <run_address>0x8001590</run_address>
         <size>0xc</size>
         <input_file_ref idref="fl-3"/>
      </object_component>
      <object_component id="oc-164">
         <name>.data:torque_motor</name>
         <load_address>0x8001584</load_address>
         <run_address>0x8001584</run_address>
         <size>0xc</size>
         <input_file_ref idref="fl-3"/>
      </object_component>
      <object_component id="oc-167">
         <name>.data:speed_vihecle</name>
         <load_address>0x8001554</load_address>
         <run_address>0x8001554</run_address>
         <size>0xc</size>
         <input_file_ref idref="fl-3"/>
      </object_component>
      <object_component id="oc-140">
         <name>.data</name>
         <load_address>0x8001518</load_address>
         <run_address>0x8001518</run_address>
         <size>0x16</size>
         <input_file_ref idref="fl-3"/>
      </object_component>
      <object_component id="oc-146">
         <name>.data:tx_data</name>
         <load_address>0x80015d0</load_address>
         <run_address>0x80015d0</run_address>
         <size>0x8</size>
         <input_file_ref idref="fl-3"/>
      </object_component>
      <object_component id="oc-16d">
         <name>.data:rx_data</name>
         <load_address>0x80015c8</load_address>
         <run_address>0x80015c8</run_address>
         <size>0x8</size>
         <input_file_ref idref="fl-3"/>
      </object_component>
      <object_component id="oc-13d">
         <name>.data</name>
         <load_address>0x800152e</load_address>
         <run_address>0x800152e</run_address>
         <size>0x2</size>
         <input_file_ref idref="fl-a"/>
      </object_component>
      <object_component id="oc-128">
         <name>.data:$O1$$</name>
         <load_address>0x8001530</load_address>
         <run_address>0x8001530</run_address>
         <size>0xc</size>
         <input_file_ref idref="fl-24"/>
      </object_component>
      <object_component id="oc-12b">
         <name>.data:$O1$$</name>
         <load_address>0x80015c0</load_address>
         <run_address>0x80015c0</run_address>
         <size>0x8</size>
         <input_file_ref idref="fl-2a"/>
      </object_component>
      <object_component id="oc-23e">
         <name>.debug_info</name>
         <load_address>0x0</load_address>
         <run_address>0x0</run_address>
         <size>0x376</size>
         <input_file_ref idref="fl-3"/>
      </object_component>
      <object_component id="oc-144">
         <name>.debug_info</name>
         <load_address>0x376</load_address>
         <run_address>0x376</run_address>
         <size>0xe9</size>
         <input_file_ref idref="fl-3"/>
      </object_component>
      <object_component id="oc-14a">
         <name>.debug_info</name>
         <load_address>0x45f</load_address>
         <run_address>0x45f</run_address>
         <size>0xeb</size>
         <input_file_ref idref="fl-3"/>
      </object_component>
      <object_component id="oc-14d">
         <name>.debug_info</name>
         <load_address>0x54a</load_address>
         <run_address>0x54a</run_address>
         <size>0xe3</size>
         <input_file_ref idref="fl-3"/>
      </object_component>
      <object_component id="oc-150">
         <name>.debug_info</name>
         <load_address>0x62d</load_address>
         <run_address>0x62d</run_address>
         <size>0xeb</size>
         <input_file_ref idref="fl-3"/>
      </object_component>
      <object_component id="oc-153">
         <name>.debug_info</name>
         <load_address>0x718</load_address>
         <run_address>0x718</run_address>
         <size>0xed</size>
         <input_file_ref idref="fl-3"/>
      </object_component>
      <object_component id="oc-156">
         <name>.debug_info</name>
         <load_address>0x805</load_address>
         <run_address>0x805</run_address>
         <size>0xed</size>
         <input_file_ref idref="fl-3"/>
      </object_component>
      <object_component id="oc-159">
         <name>.debug_info</name>
         <load_address>0x8f2</load_address>
         <run_address>0x8f2</run_address>
         <size>0xe7</size>
         <input_file_ref idref="fl-3"/>
      </object_component>
      <object_component id="oc-15c">
         <name>.debug_info</name>
         <load_address>0x9d9</load_address>
         <run_address>0x9d9</run_address>
         <size>0xe3</size>
         <input_file_ref idref="fl-3"/>
      </object_component>
      <object_component id="oc-15f">
         <name>.debug_info</name>
         <load_address>0xabc</load_address>
         <run_address>0xabc</run_address>
         <size>0xed</size>
         <input_file_ref idref="fl-3"/>
      </object_component>
      <object_component id="oc-162">
         <name>.debug_info</name>
         <load_address>0xba9</load_address>
         <run_address>0xba9</run_address>
         <size>0xed</size>
         <input_file_ref idref="fl-3"/>
      </object_component>
      <object_component id="oc-165">
         <name>.debug_info</name>
         <load_address>0xc96</load_address>
         <run_address>0xc96</run_address>
         <size>0xf1</size>
         <input_file_ref idref="fl-3"/>
      </object_component>
      <object_component id="oc-168">
         <name>.debug_info</name>
         <load_address>0xd87</load_address>
         <run_address>0xd87</run_address>
         <size>0xf3</size>
         <input_file_ref idref="fl-3"/>
      </object_component>
      <object_component id="oc-141">
         <name>.debug_info</name>
         <load_address>0xe7a</load_address>
         <run_address>0xe7a</run_address>
         <size>0x1b6</size>
         <input_file_ref idref="fl-3"/>
      </object_component>
      <object_component id="oc-147">
         <name>.debug_info</name>
         <load_address>0x1030</load_address>
         <run_address>0x1030</run_address>
         <size>0xe7</size>
         <input_file_ref idref="fl-3"/>
      </object_component>
      <object_component id="oc-16e">
         <name>.debug_info</name>
         <load_address>0x1117</load_address>
         <run_address>0x1117</run_address>
         <size>0xe7</size>
         <input_file_ref idref="fl-3"/>
      </object_component>
      <object_component id="oc-138">
         <name>.debug_info</name>
         <load_address>0x11fe</load_address>
         <run_address>0x11fe</run_address>
         <size>0xbf3</size>
         <input_file_ref idref="fl-3"/>
      </object_component>
      <object_component id="oc-1a9">
         <name>.debug_info</name>
         <load_address>0x1df1</load_address>
         <run_address>0x1df1</run_address>
         <size>0x791</size>
         <input_file_ref idref="fl-3"/>
      </object_component>
      <object_component id="oc-ab">
         <name>.debug_info</name>
         <load_address>0x2582</load_address>
         <run_address>0x2582</run_address>
         <size>0x157</size>
         <input_file_ref idref="fl-3"/>
      </object_component>
      <object_component id="oc-237">
         <name>.debug_info</name>
         <load_address>0x26d9</load_address>
         <run_address>0x26d9</run_address>
         <size>0x106</size>
         <input_file_ref idref="fl-3"/>
      </object_component>
      <object_component id="oc-123">
         <name>.debug_info</name>
         <load_address>0x27df</load_address>
         <run_address>0x27df</run_address>
         <size>0x8b</size>
         <input_file_ref idref="fl-3"/>
      </object_component>
      <object_component id="oc-177">
         <name>.debug_info</name>
         <load_address>0x286a</load_address>
         <run_address>0x286a</run_address>
         <size>0x18b</size>
         <input_file_ref idref="fl-3"/>
      </object_component>
      <object_component id="oc-c3">
         <name>.debug_info</name>
         <load_address>0x29f5</load_address>
         <run_address>0x29f5</run_address>
         <size>0x86</size>
         <input_file_ref idref="fl-3"/>
      </object_component>
      <object_component id="oc-267">
         <name>.debug_info</name>
         <load_address>0x2a7b</load_address>
         <run_address>0x2a7b</run_address>
         <size>0x38f</size>
         <input_file_ref idref="fl-3"/>
      </object_component>
      <object_component id="oc-1b8">
         <name>.debug_info</name>
         <load_address>0x2e0a</load_address>
         <run_address>0x2e0a</run_address>
         <size>0x437</size>
         <input_file_ref idref="fl-3"/>
      </object_component>
      <object_component id="oc-1fe">
         <name>.debug_info</name>
         <load_address>0x3241</load_address>
         <run_address>0x3241</run_address>
         <size>0x15f</size>
         <input_file_ref idref="fl-3"/>
      </object_component>
      <object_component id="oc-188">
         <name>.debug_info</name>
         <load_address>0x33a0</load_address>
         <run_address>0x33a0</run_address>
         <size>0x1f9</size>
         <input_file_ref idref="fl-3"/>
      </object_component>
      <object_component id="oc-2a8">
         <name>.debug_info</name>
         <load_address>0x3599</load_address>
         <run_address>0x3599</run_address>
         <size>0x12a</size>
         <input_file_ref idref="fl-3"/>
      </object_component>
      <object_component id="oc-132">
         <name>.debug_info</name>
         <load_address>0x36c3</load_address>
         <run_address>0x36c3</run_address>
         <size>0x262</size>
         <input_file_ref idref="fl-4"/>
      </object_component>
      <object_component id="oc-1a2">
         <name>.debug_info</name>
         <load_address>0x3925</load_address>
         <run_address>0x3925</run_address>
         <size>0x167</size>
         <input_file_ref idref="fl-5"/>
      </object_component>
      <object_component id="oc-207">
         <name>.debug_info</name>
         <load_address>0x3a8c</load_address>
         <run_address>0x3a8c</run_address>
         <size>0xe0</size>
         <input_file_ref idref="fl-5"/>
      </object_component>
      <object_component id="oc-204">
         <name>.debug_info</name>
         <load_address>0x3b6c</load_address>
         <run_address>0x3b6c</run_address>
         <size>0xe5</size>
         <input_file_ref idref="fl-5"/>
      </object_component>
      <object_component id="oc-10b">
         <name>.debug_info</name>
         <load_address>0x3c51</load_address>
         <run_address>0x3c51</run_address>
         <size>0xb5d</size>
         <input_file_ref idref="fl-5"/>
      </object_component>
      <object_component id="oc-be">
         <name>.debug_info</name>
         <load_address>0x47ae</load_address>
         <run_address>0x47ae</run_address>
         <size>0x18c</size>
         <input_file_ref idref="fl-5"/>
      </object_component>
      <object_component id="oc-197">
         <name>.debug_info</name>
         <load_address>0x493a</load_address>
         <run_address>0x493a</run_address>
         <size>0x2d0</size>
         <input_file_ref idref="fl-5"/>
      </object_component>
      <object_component id="oc-1fd">
         <name>.debug_info</name>
         <load_address>0x4c0a</load_address>
         <run_address>0x4c0a</run_address>
         <size>0x235</size>
         <input_file_ref idref="fl-6"/>
      </object_component>
      <object_component id="oc-1fa">
         <name>.debug_info</name>
         <load_address>0x4e3f</load_address>
         <run_address>0x4e3f</run_address>
         <size>0xe6</size>
         <input_file_ref idref="fl-6"/>
      </object_component>
      <object_component id="oc-105">
         <name>.debug_info</name>
         <load_address>0x4f25</load_address>
         <run_address>0x4f25</run_address>
         <size>0x1469</size>
         <input_file_ref idref="fl-6"/>
      </object_component>
      <object_component id="oc-26">
         <name>.debug_info</name>
         <load_address>0x638e</load_address>
         <run_address>0x638e</run_address>
         <size>0x261</size>
         <input_file_ref idref="fl-6"/>
      </object_component>
      <object_component id="oc-b7">
         <name>.debug_info</name>
         <load_address>0x65ef</load_address>
         <run_address>0x65ef</run_address>
         <size>0x100</size>
         <input_file_ref idref="fl-7"/>
      </object_component>
      <object_component id="oc-f5">
         <name>.debug_info</name>
         <load_address>0x66ef</load_address>
         <run_address>0x66ef</run_address>
         <size>0x168</size>
         <input_file_ref idref="fl-8"/>
      </object_component>
      <object_component id="oc-8c">
         <name>.debug_info</name>
         <load_address>0x6857</load_address>
         <run_address>0x6857</run_address>
         <size>0xb29</size>
         <input_file_ref idref="fl-8"/>
      </object_component>
      <object_component id="oc-2f">
         <name>.debug_info</name>
         <load_address>0x7380</load_address>
         <run_address>0x7380</run_address>
         <size>0x189</size>
         <input_file_ref idref="fl-8"/>
      </object_component>
      <object_component id="oc-17e">
         <name>.debug_info</name>
         <load_address>0x7509</load_address>
         <run_address>0x7509</run_address>
         <size>0x1de</size>
         <input_file_ref idref="fl-8"/>
      </object_component>
      <object_component id="oc-f0">
         <name>.debug_info</name>
         <load_address>0x76e7</load_address>
         <run_address>0x76e7</run_address>
         <size>0x129</size>
         <input_file_ref idref="fl-8"/>
      </object_component>
      <object_component id="oc-21d">
         <name>.debug_info</name>
         <load_address>0x7810</load_address>
         <run_address>0x7810</run_address>
         <size>0x120</size>
         <input_file_ref idref="fl-9"/>
      </object_component>
      <object_component id="oc-11d">
         <name>.debug_info</name>
         <load_address>0x7930</load_address>
         <run_address>0x7930</run_address>
         <size>0x6e1</size>
         <input_file_ref idref="fl-9"/>
      </object_component>
      <object_component id="oc-35">
         <name>.debug_info</name>
         <load_address>0x8011</load_address>
         <run_address>0x8011</run_address>
         <size>0x21e</size>
         <input_file_ref idref="fl-9"/>
      </object_component>
      <object_component id="oc-171">
         <name>.debug_info</name>
         <load_address>0x822f</load_address>
         <run_address>0x822f</run_address>
         <size>0xa05</size>
         <input_file_ref idref="fl-a"/>
      </object_component>
      <object_component id="oc-13e">
         <name>.debug_info</name>
         <load_address>0x8c34</load_address>
         <run_address>0x8c34</run_address>
         <size>0x10a</size>
         <input_file_ref idref="fl-a"/>
      </object_component>
      <object_component id="oc-16b">
         <name>.debug_info</name>
         <load_address>0x8d3e</load_address>
         <run_address>0x8d3e</run_address>
         <size>0x103</size>
         <input_file_ref idref="fl-a"/>
      </object_component>
      <object_component id="oc-a5">
         <name>.debug_info</name>
         <load_address>0x8e41</load_address>
         <run_address>0x8e41</run_address>
         <size>0x1332</size>
         <input_file_ref idref="fl-a"/>
      </object_component>
      <object_component id="oc-1ae">
         <name>.debug_info</name>
         <load_address>0xa173</load_address>
         <run_address>0xa173</run_address>
         <size>0x4de</size>
         <input_file_ref idref="fl-a"/>
      </object_component>
      <object_component id="oc-1b3">
         <name>.debug_info</name>
         <load_address>0xa651</load_address>
         <run_address>0xa651</run_address>
         <size>0x3ce</size>
         <input_file_ref idref="fl-a"/>
      </object_component>
      <object_component id="oc-25d">
         <name>.debug_info</name>
         <load_address>0xaa1f</load_address>
         <run_address>0xaa1f</run_address>
         <size>0x306</size>
         <input_file_ref idref="fl-a"/>
      </object_component>
      <object_component id="oc-262">
         <name>.debug_info</name>
         <load_address>0xad25</load_address>
         <run_address>0xad25</run_address>
         <size>0x7cd</size>
         <input_file_ref idref="fl-a"/>
      </object_component>
      <object_component id="oc-172">
         <name>.debug_info</name>
         <load_address>0xb4f2</load_address>
         <run_address>0xb4f2</run_address>
         <size>0x673</size>
         <input_file_ref idref="fl-a"/>
      </object_component>
      <object_component id="oc-d8">
         <name>.debug_info</name>
         <load_address>0xbb65</load_address>
         <run_address>0xbb65</run_address>
         <size>0x2c</size>
         <input_file_ref idref="fl-a"/>
      </object_component>
      <object_component id="oc-1e3">
         <name>.debug_info</name>
         <load_address>0xbb91</load_address>
         <run_address>0xbb91</run_address>
         <size>0x37b</size>
         <input_file_ref idref="fl-a"/>
      </object_component>
      <object_component id="oc-216">
         <name>.debug_info</name>
         <load_address>0xbf0c</load_address>
         <run_address>0xbf0c</run_address>
         <size>0x1d4</size>
         <input_file_ref idref="fl-a"/>
      </object_component>
      <object_component id="oc-1bd">
         <name>.debug_info</name>
         <load_address>0xc0e0</load_address>
         <run_address>0xc0e0</run_address>
         <size>0x1ca</size>
         <input_file_ref idref="fl-a"/>
      </object_component>
      <object_component id="oc-183">
         <name>.debug_info</name>
         <load_address>0xc2aa</load_address>
         <run_address>0xc2aa</run_address>
         <size>0x435</size>
         <input_file_ref idref="fl-a"/>
      </object_component>
      <object_component id="oc-1d6">
         <name>.debug_info</name>
         <load_address>0xc6df</load_address>
         <run_address>0xc6df</run_address>
         <size>0x554</size>
         <input_file_ref idref="fl-a"/>
      </object_component>
      <object_component id="oc-1c2">
         <name>.debug_info</name>
         <load_address>0xcc33</load_address>
         <run_address>0xcc33</run_address>
         <size>0x3d3</size>
         <input_file_ref idref="fl-a"/>
      </object_component>
      <object_component id="oc-1cc">
         <name>.debug_info</name>
         <load_address>0xd006</load_address>
         <run_address>0xd006</run_address>
         <size>0x1de</size>
         <input_file_ref idref="fl-a"/>
      </object_component>
      <object_component id="oc-26c">
         <name>.debug_info</name>
         <load_address>0xd1e4</load_address>
         <run_address>0xd1e4</run_address>
         <size>0x243</size>
         <input_file_ref idref="fl-a"/>
      </object_component>
      <object_component id="oc-29f">
         <name>.debug_info</name>
         <load_address>0xd427</load_address>
         <run_address>0xd427</run_address>
         <size>0x18e</size>
         <input_file_ref idref="fl-a"/>
      </object_component>
      <object_component id="oc-1db">
         <name>.debug_info</name>
         <load_address>0xd5b5</load_address>
         <run_address>0xd5b5</run_address>
         <size>0x17a</size>
         <input_file_ref idref="fl-a"/>
      </object_component>
      <object_component id="oc-18d">
         <name>.debug_info</name>
         <load_address>0xd72f</load_address>
         <run_address>0xd72f</run_address>
         <size>0x6a6</size>
         <input_file_ref idref="fl-a"/>
      </object_component>
      <object_component id="oc-192">
         <name>.debug_info</name>
         <load_address>0xddd5</load_address>
         <run_address>0xddd5</run_address>
         <size>0x13e</size>
         <input_file_ref idref="fl-a"/>
      </object_component>
      <object_component id="oc-1a6">
         <name>.debug_info</name>
         <load_address>0xdf13</load_address>
         <run_address>0xdf13</run_address>
         <size>0xd2</size>
         <input_file_ref idref="fl-b"/>
      </object_component>
      <object_component id="oc-e1">
         <name>.debug_info</name>
         <load_address>0xdfe5</load_address>
         <run_address>0xdfe5</run_address>
         <size>0x1e7</size>
         <input_file_ref idref="fl-b"/>
      </object_component>
      <object_component id="oc-1c7">
         <name>.debug_info</name>
         <load_address>0xe1cc</load_address>
         <run_address>0xe1cc</run_address>
         <size>0x508</size>
         <input_file_ref idref="fl-b"/>
      </object_component>
      <object_component id="oc-275">
         <name>.debug_info</name>
         <load_address>0xe6d4</load_address>
         <run_address>0xe6d4</run_address>
         <size>0x43c</size>
         <input_file_ref idref="fl-b"/>
      </object_component>
      <object_component id="oc-21b">
         <name>.debug_info</name>
         <load_address>0xeb10</load_address>
         <run_address>0xeb10</run_address>
         <size>0x13b</size>
         <input_file_ref idref="fl-c"/>
      </object_component>
      <object_component id="oc-117">
         <name>.debug_info</name>
         <load_address>0xec4b</load_address>
         <run_address>0xec4b</run_address>
         <size>0xd25</size>
         <input_file_ref idref="fl-c"/>
      </object_component>
      <object_component id="oc-3b">
         <name>.debug_info</name>
         <load_address>0xf970</load_address>
         <run_address>0xf970</run_address>
         <size>0x245</size>
         <input_file_ref idref="fl-c"/>
      </object_component>
      <object_component id="oc-214">
         <name>.debug_info</name>
         <load_address>0xfbb5</load_address>
         <run_address>0xfbb5</run_address>
         <size>0x187</size>
         <input_file_ref idref="fl-d"/>
      </object_component>
      <object_component id="oc-211">
         <name>.debug_info</name>
         <load_address>0xfd3c</load_address>
         <run_address>0xfd3c</run_address>
         <size>0xe8</size>
         <input_file_ref idref="fl-d"/>
      </object_component>
      <object_component id="oc-111">
         <name>.debug_info</name>
         <load_address>0xfe24</load_address>
         <run_address>0xfe24</run_address>
         <size>0xc38</size>
         <input_file_ref idref="fl-d"/>
      </object_component>
      <object_component id="oc-29a">
         <name>.debug_info</name>
         <load_address>0x10a5c</load_address>
         <run_address>0x10a5c</run_address>
         <size>0x91</size>
         <input_file_ref idref="fl-d"/>
      </object_component>
      <object_component id="oc-7b">
         <name>.debug_info</name>
         <load_address>0x10aed</load_address>
         <run_address>0x10aed</run_address>
         <size>0x7f5</size>
         <input_file_ref idref="fl-e"/>
      </object_component>
      <object_component id="oc-41">
         <name>.debug_info</name>
         <load_address>0x112e2</load_address>
         <run_address>0x112e2</run_address>
         <size>0x108</size>
         <input_file_ref idref="fl-10"/>
      </object_component>
      <object_component id="oc-98">
         <name>.debug_info</name>
         <load_address>0x113ea</load_address>
         <run_address>0x113ea</run_address>
         <size>0x289</size>
         <input_file_ref idref="fl-11"/>
      </object_component>
      <object_component id="oc-27a">
         <name>.debug_info</name>
         <load_address>0x11673</load_address>
         <run_address>0x11673</run_address>
         <size>0xf1</size>
         <input_file_ref idref="fl-13"/>
      </object_component>
      <object_component id="oc-2b5">
         <name>.debug_info</name>
         <load_address>0x11764</load_address>
         <run_address>0x11764</run_address>
         <size>0x242</size>
         <input_file_ref idref="fl-13"/>
      </object_component>
      <object_component id="oc-1d1">
         <name>.debug_info</name>
         <load_address>0x119a6</load_address>
         <run_address>0x119a6</run_address>
         <size>0x2af</size>
         <input_file_ref idref="fl-13"/>
      </object_component>
      <object_component id="oc-46">
         <name>.debug_info</name>
         <load_address>0x11c55</load_address>
         <run_address>0x11c55</run_address>
         <size>0x13a</size>
         <input_file_ref idref="fl-14"/>
      </object_component>
      <object_component id="oc-e9">
         <name>.debug_info</name>
         <load_address>0x11d8f</load_address>
         <run_address>0x11d8f</run_address>
         <size>0x367</size>
         <input_file_ref idref="fl-16"/>
      </object_component>
      <object_component id="oc-ee">
         <name>.debug_info</name>
         <load_address>0x120f6</load_address>
         <run_address>0x120f6</run_address>
         <size>0x4c1</size>
         <input_file_ref idref="fl-17"/>
      </object_component>
      <object_component id="oc-86">
         <name>.debug_info</name>
         <load_address>0x125b7</load_address>
         <run_address>0x125b7</run_address>
         <size>0x2e8c</size>
         <input_file_ref idref="fl-17"/>
      </object_component>
      <object_component id="oc-20">
         <name>.debug_info</name>
         <load_address>0x15443</load_address>
         <run_address>0x15443</run_address>
         <size>0x5a5</size>
         <input_file_ref idref="fl-18"/>
      </object_component>
      <object_component id="oc-b2">
         <name>.debug_info</name>
         <load_address>0x159e8</load_address>
         <run_address>0x159e8</run_address>
         <size>0x3f5</size>
         <input_file_ref idref="fl-19"/>
      </object_component>
      <object_component id="oc-2c">
         <name>.debug_info</name>
         <load_address>0x15ddd</load_address>
         <run_address>0x15ddd</run_address>
         <size>0xe2</size>
         <input_file_ref idref="fl-19"/>
      </object_component>
      <object_component id="oc-4d">
         <name>.debug_info</name>
         <load_address>0x15ebf</load_address>
         <run_address>0x15ebf</run_address>
         <size>0x474</size>
         <input_file_ref idref="fl-19"/>
      </object_component>
      <object_component id="oc-52">
         <name>.debug_info</name>
         <load_address>0x16333</load_address>
         <run_address>0x16333</run_address>
         <size>0x1fd</size>
         <input_file_ref idref="fl-19"/>
      </object_component>
      <object_component id="oc-19c">
         <name>.debug_info</name>
         <load_address>0x16530</load_address>
         <run_address>0x16530</run_address>
         <size>0x4f</size>
         <input_file_ref idref="fl-19"/>
      </object_component>
      <object_component id="oc-e7">
         <name>.debug_info</name>
         <load_address>0x1657f</load_address>
         <run_address>0x1657f</run_address>
         <size>0x36e</size>
         <input_file_ref idref="fl-1a"/>
      </object_component>
      <object_component id="oc-80">
         <name>.debug_info</name>
         <load_address>0x168ed</load_address>
         <run_address>0x168ed</run_address>
         <size>0x733</size>
         <input_file_ref idref="fl-1a"/>
      </object_component>
      <object_component id="oc-103">
         <name>.debug_info</name>
         <load_address>0x17020</load_address>
         <run_address>0x17020</run_address>
         <size>0x2e9</size>
         <input_file_ref idref="fl-1f"/>
      </object_component>
      <object_component id="oc-92">
         <name>.debug_info</name>
         <load_address>0x17309</load_address>
         <run_address>0x17309</run_address>
         <size>0x190</size>
         <input_file_ref idref="fl-1f"/>
      </object_component>
      <object_component id="oc-5d">
         <name>.debug_info</name>
         <load_address>0x17499</load_address>
         <run_address>0x17499</run_address>
         <size>0x84</size>
         <input_file_ref idref="fl-1f"/>
      </object_component>
      <object_component id="oc-1ef">
         <name>.debug_info</name>
         <load_address>0x1751d</load_address>
         <run_address>0x1751d</run_address>
         <size>0x39</size>
         <input_file_ref idref="fl-1f"/>
      </object_component>
      <object_component id="oc-282">
         <name>.debug_info</name>
         <load_address>0x17556</load_address>
         <run_address>0x17556</run_address>
         <size>0x39</size>
         <input_file_ref idref="fl-1f"/>
      </object_component>
      <object_component id="oc-1f4">
         <name>.debug_info</name>
         <load_address>0x1758f</load_address>
         <run_address>0x1758f</run_address>
         <size>0xcd</size>
         <input_file_ref idref="fl-1f"/>
      </object_component>
      <object_component id="oc-ce">
         <name>.debug_info</name>
         <load_address>0x1765c</load_address>
         <run_address>0x1765c</run_address>
         <size>0xf9</size>
         <input_file_ref idref="fl-20"/>
      </object_component>
      <object_component id="oc-e">
         <name>.debug_info</name>
         <load_address>0x17755</load_address>
         <run_address>0x17755</run_address>
         <size>0x245</size>
         <input_file_ref idref="fl-20"/>
      </object_component>
      <object_component id="oc-58">
         <name>.debug_info</name>
         <load_address>0x1799a</load_address>
         <run_address>0x1799a</run_address>
         <size>0x60</size>
         <input_file_ref idref="fl-20"/>
      </object_component>
      <object_component id="oc-c9">
         <name>.debug_info</name>
         <load_address>0x179fa</load_address>
         <run_address>0x179fa</run_address>
         <size>0x46</size>
         <input_file_ref idref="fl-20"/>
      </object_component>
      <object_component id="oc-6d">
         <name>.debug_info</name>
         <load_address>0x17a40</load_address>
         <run_address>0x17a40</run_address>
         <size>0x13b</size>
         <input_file_ref idref="fl-21"/>
      </object_component>
      <object_component id="oc-14">
         <name>.debug_info</name>
         <load_address>0x17b7b</load_address>
         <run_address>0x17b7b</run_address>
         <size>0x1ca</size>
         <input_file_ref idref="fl-21"/>
      </object_component>
      <object_component id="oc-68">
         <name>.debug_info</name>
         <load_address>0x17d45</load_address>
         <run_address>0x17d45</run_address>
         <size>0x46</size>
         <input_file_ref idref="fl-21"/>
      </object_component>
      <object_component id="oc-d0">
         <name>.debug_info</name>
         <load_address>0x17d8b</load_address>
         <run_address>0x17d8b</run_address>
         <size>0x2c</size>
         <input_file_ref idref="fl-21"/>
      </object_component>
      <object_component id="oc-79">
         <name>.debug_info</name>
         <load_address>0x17db7</load_address>
         <run_address>0x17db7</run_address>
         <size>0x12f</size>
         <input_file_ref idref="fl-22"/>
      </object_component>
      <object_component id="oc-1b">
         <name>.debug_info</name>
         <load_address>0x17ee6</load_address>
         <run_address>0x17ee6</run_address>
         <size>0x1aa</size>
         <input_file_ref idref="fl-22"/>
      </object_component>
      <object_component id="oc-74">
         <name>.debug_info</name>
         <load_address>0x18090</load_address>
         <run_address>0x18090</run_address>
         <size>0x46</size>
         <input_file_ref idref="fl-22"/>
      </object_component>
      <object_component id="oc-1eb">
         <name>.debug_info</name>
         <load_address>0x180d6</load_address>
         <run_address>0x180d6</run_address>
         <size>0x1e0</size>
         <input_file_ref idref="fl-23"/>
      </object_component>
      <object_component id="oc-f7">
         <name>.debug_info</name>
         <load_address>0x182b6</load_address>
         <run_address>0x182b6</run_address>
         <size>0x183</size>
         <input_file_ref idref="fl-23"/>
      </object_component>
      <object_component id="oc-27d">
         <name>.debug_info</name>
         <load_address>0x18439</load_address>
         <run_address>0x18439</run_address>
         <size>0x2c</size>
         <input_file_ref idref="fl-23"/>
      </object_component>
      <object_component id="oc-12f">
         <name>.debug_info</name>
         <load_address>0x18465</load_address>
         <run_address>0x18465</run_address>
         <size>0x234</size>
         <input_file_ref idref="fl-24"/>
      </object_component>
      <object_component id="oc-129">
         <name>.debug_info</name>
         <load_address>0x18699</load_address>
         <run_address>0x18699</run_address>
         <size>0x185</size>
         <input_file_ref idref="fl-24"/>
      </object_component>
      <object_component id="oc-9e">
         <name>.debug_info</name>
         <load_address>0x1881e</load_address>
         <run_address>0x1881e</run_address>
         <size>0x214</size>
         <input_file_ref idref="fl-24"/>
      </object_component>
      <object_component id="oc-22e">
         <name>.debug_info</name>
         <load_address>0x18a32</load_address>
         <run_address>0x18a32</run_address>
         <size>0x133</size>
         <input_file_ref idref="fl-25"/>
      </object_component>
      <object_component id="oc-63">
         <name>.debug_info</name>
         <load_address>0x18b65</load_address>
         <run_address>0x18b65</run_address>
         <size>0x111</size>
         <input_file_ref idref="fl-26"/>
      </object_component>
      <object_component id="oc-6f">
         <name>.debug_info</name>
         <load_address>0x18c76</load_address>
         <run_address>0x18c76</run_address>
         <size>0x13f</size>
         <input_file_ref idref="fl-27"/>
      </object_component>
      <object_component id="oc-295">
         <name>.debug_info</name>
         <load_address>0x18db5</load_address>
         <run_address>0x18db5</run_address>
         <size>0x134</size>
         <input_file_ref idref="fl-28"/>
      </object_component>
      <object_component id="oc-20b">
         <name>.debug_info</name>
         <load_address>0x18ee9</load_address>
         <run_address>0x18ee9</run_address>
         <size>0x195</size>
         <input_file_ref idref="fl-28"/>
      </object_component>
      <object_component id="oc-290">
         <name>.debug_info</name>
         <load_address>0x1907e</load_address>
         <run_address>0x1907e</run_address>
         <size>0x39</size>
         <input_file_ref idref="fl-28"/>
      </object_component>
      <object_component id="oc-fd">
         <name>.debug_info</name>
         <load_address>0x190b7</load_address>
         <run_address>0x190b7</run_address>
         <size>0x145</size>
         <input_file_ref idref="fl-29"/>
      </object_component>
      <object_component id="oc-228">
         <name>.debug_info</name>
         <load_address>0x191fc</load_address>
         <run_address>0x191fc</run_address>
         <size>0x124</size>
         <input_file_ref idref="fl-2a"/>
      </object_component>
      <object_component id="oc-12c">
         <name>.debug_info</name>
         <load_address>0x19320</load_address>
         <run_address>0x19320</run_address>
         <size>0x113</size>
         <input_file_ref idref="fl-2a"/>
      </object_component>
      <object_component id="oc-221">
         <name>.debug_info</name>
         <load_address>0x19433</load_address>
         <run_address>0x19433</run_address>
         <size>0x21f</size>
         <input_file_ref idref="fl-2a"/>
      </object_component>
      <object_component id="oc-2dd">
         <name>.debug_info</name>
         <load_address>0x19652</load_address>
         <run_address>0x19652</run_address>
         <size>0xa7</size>
      </object_component>
      <object_component id="oc-2b2">
         <name>.debug_line</name>
         <load_address>0x0</load_address>
         <run_address>0x0</run_address>
         <size>0x188</size>
         <input_file_ref idref="fl-3"/>
      </object_component>
      <object_component id="oc-23d">
         <name>.debug_line</name>
         <load_address>0x188</load_address>
         <run_address>0x188</run_address>
         <size>0x41</size>
         <input_file_ref idref="fl-3"/>
      </object_component>
      <object_component id="oc-242">
         <name>.debug_line</name>
         <load_address>0x1c9</load_address>
         <run_address>0x1c9</run_address>
         <size>0x41</size>
         <input_file_ref idref="fl-3"/>
      </object_component>
      <object_component id="oc-244">
         <name>.debug_line</name>
         <load_address>0x20a</load_address>
         <run_address>0x20a</run_address>
         <size>0x41</size>
         <input_file_ref idref="fl-3"/>
      </object_component>
      <object_component id="oc-246">
         <name>.debug_line</name>
         <load_address>0x24b</load_address>
         <run_address>0x24b</run_address>
         <size>0x41</size>
         <input_file_ref idref="fl-3"/>
      </object_component>
      <object_component id="oc-248">
         <name>.debug_line</name>
         <load_address>0x28c</load_address>
         <run_address>0x28c</run_address>
         <size>0x41</size>
         <input_file_ref idref="fl-3"/>
      </object_component>
      <object_component id="oc-24a">
         <name>.debug_line</name>
         <load_address>0x2cd</load_address>
         <run_address>0x2cd</run_address>
         <size>0x41</size>
         <input_file_ref idref="fl-3"/>
      </object_component>
      <object_component id="oc-24c">
         <name>.debug_line</name>
         <load_address>0x30e</load_address>
         <run_address>0x30e</run_address>
         <size>0x41</size>
         <input_file_ref idref="fl-3"/>
      </object_component>
      <object_component id="oc-24e">
         <name>.debug_line</name>
         <load_address>0x34f</load_address>
         <run_address>0x34f</run_address>
         <size>0x41</size>
         <input_file_ref idref="fl-3"/>
      </object_component>
      <object_component id="oc-250">
         <name>.debug_line</name>
         <load_address>0x390</load_address>
         <run_address>0x390</run_address>
         <size>0x41</size>
         <input_file_ref idref="fl-3"/>
      </object_component>
      <object_component id="oc-252">
         <name>.debug_line</name>
         <load_address>0x3d1</load_address>
         <run_address>0x3d1</run_address>
         <size>0x41</size>
         <input_file_ref idref="fl-3"/>
      </object_component>
      <object_component id="oc-254">
         <name>.debug_line</name>
         <load_address>0x412</load_address>
         <run_address>0x412</run_address>
         <size>0x41</size>
         <input_file_ref idref="fl-3"/>
      </object_component>
      <object_component id="oc-256">
         <name>.debug_line</name>
         <load_address>0x453</load_address>
         <run_address>0x453</run_address>
         <size>0x41</size>
         <input_file_ref idref="fl-3"/>
      </object_component>
      <object_component id="oc-236">
         <name>.debug_line</name>
         <load_address>0x494</load_address>
         <run_address>0x494</run_address>
         <size>0x41</size>
         <input_file_ref idref="fl-3"/>
      </object_component>
      <object_component id="oc-240">
         <name>.debug_line</name>
         <load_address>0x4d5</load_address>
         <run_address>0x4d5</run_address>
         <size>0x41</size>
         <input_file_ref idref="fl-3"/>
      </object_component>
      <object_component id="oc-25a">
         <name>.debug_line</name>
         <load_address>0x516</load_address>
         <run_address>0x516</run_address>
         <size>0x41</size>
         <input_file_ref idref="fl-3"/>
      </object_component>
      <object_component id="oc-13b">
         <name>.debug_line</name>
         <load_address>0x557</load_address>
         <run_address>0x557</run_address>
         <size>0x20e</size>
         <input_file_ref idref="fl-3"/>
      </object_component>
      <object_component id="oc-1ac">
         <name>.debug_line</name>
         <load_address>0x765</load_address>
         <run_address>0x765</run_address>
         <size>0x66</size>
         <input_file_ref idref="fl-3"/>
      </object_component>
      <object_component id="oc-ae">
         <name>.debug_line</name>
         <load_address>0x7cb</load_address>
         <run_address>0x7cb</run_address>
         <size>0x6b</size>
         <input_file_ref idref="fl-3"/>
      </object_component>
      <object_component id="oc-23a">
         <name>.debug_line</name>
         <load_address>0x836</load_address>
         <run_address>0x836</run_address>
         <size>0x70</size>
         <input_file_ref idref="fl-3"/>
      </object_component>
      <object_component id="oc-126">
         <name>.debug_line</name>
         <load_address>0x8a6</load_address>
         <run_address>0x8a6</run_address>
         <size>0x20</size>
         <input_file_ref idref="fl-3"/>
      </object_component>
      <object_component id="oc-17a">
         <name>.debug_line</name>
         <load_address>0x8c6</load_address>
         <run_address>0x8c6</run_address>
         <size>0x6b</size>
         <input_file_ref idref="fl-3"/>
      </object_component>
      <object_component id="oc-c6">
         <name>.debug_line</name>
         <load_address>0x931</load_address>
         <run_address>0x931</run_address>
         <size>0x69</size>
         <input_file_ref idref="fl-3"/>
      </object_component>
      <object_component id="oc-26a">
         <name>.debug_line</name>
         <load_address>0x99a</load_address>
         <run_address>0x99a</run_address>
         <size>0x62</size>
         <input_file_ref idref="fl-3"/>
      </object_component>
      <object_component id="oc-1bb">
         <name>.debug_line</name>
         <load_address>0x9fc</load_address>
         <run_address>0x9fc</run_address>
         <size>0x66</size>
         <input_file_ref idref="fl-3"/>
      </object_component>
      <object_component id="oc-201">
         <name>.debug_line</name>
         <load_address>0xa62</load_address>
         <run_address>0xa62</run_address>
         <size>0x62</size>
         <input_file_ref idref="fl-3"/>
      </object_component>
      <object_component id="oc-18b">
         <name>.debug_line</name>
         <load_address>0xac4</load_address>
         <run_address>0xac4</run_address>
         <size>0x66</size>
         <input_file_ref idref="fl-3"/>
      </object_component>
      <object_component id="oc-2ab">
         <name>.debug_line</name>
         <load_address>0xb2a</load_address>
         <run_address>0xb2a</run_address>
         <size>0x62</size>
         <input_file_ref idref="fl-3"/>
      </object_component>
      <object_component id="oc-135">
         <name>.debug_line</name>
         <load_address>0xb8c</load_address>
         <run_address>0xb8c</run_address>
         <size>0x75</size>
         <input_file_ref idref="fl-4"/>
      </object_component>
      <object_component id="oc-272">
         <name>.debug_line</name>
         <load_address>0xc01</load_address>
         <run_address>0xc01</run_address>
         <size>0x20</size>
         <input_file_ref idref="fl-5"/>
      </object_component>
      <object_component id="oc-28e">
         <name>.debug_line</name>
         <load_address>0xc21</load_address>
         <run_address>0xc21</run_address>
         <size>0x33</size>
         <input_file_ref idref="fl-5"/>
      </object_component>
      <object_component id="oc-28c">
         <name>.debug_line</name>
         <load_address>0xc54</load_address>
         <run_address>0xc54</run_address>
         <size>0x33</size>
         <input_file_ref idref="fl-5"/>
      </object_component>
      <object_component id="oc-10e">
         <name>.debug_line</name>
         <load_address>0xc87</load_address>
         <run_address>0xc87</run_address>
         <size>0x2dd</size>
         <input_file_ref idref="fl-5"/>
      </object_component>
      <object_component id="oc-c1">
         <name>.debug_line</name>
         <load_address>0xf64</load_address>
         <run_address>0xf64</run_address>
         <size>0x66</size>
         <input_file_ref idref="fl-5"/>
      </object_component>
      <object_component id="oc-19a">
         <name>.debug_line</name>
         <load_address>0xfca</load_address>
         <run_address>0xfca</run_address>
         <size>0x66</size>
         <input_file_ref idref="fl-5"/>
      </object_component>
      <object_component id="oc-28a">
         <name>.debug_line</name>
         <load_address>0x1030</load_address>
         <run_address>0x1030</run_address>
         <size>0x62</size>
         <input_file_ref idref="fl-6"/>
      </object_component>
      <object_component id="oc-288">
         <name>.debug_line</name>
         <load_address>0x1092</load_address>
         <run_address>0x1092</run_address>
         <size>0x33</size>
         <input_file_ref idref="fl-6"/>
      </object_component>
      <object_component id="oc-108">
         <name>.debug_line</name>
         <load_address>0x10c5</load_address>
         <run_address>0x10c5</run_address>
         <size>0x467</size>
         <input_file_ref idref="fl-6"/>
      </object_component>
      <object_component id="oc-29">
         <name>.debug_line</name>
         <load_address>0x152c</load_address>
         <run_address>0x152c</run_address>
         <size>0x9a</size>
         <input_file_ref idref="fl-6"/>
      </object_component>
      <object_component id="oc-ba">
         <name>.debug_line</name>
         <load_address>0x15c6</load_address>
         <run_address>0x15c6</run_address>
         <size>0x78</size>
         <input_file_ref idref="fl-7"/>
      </object_component>
      <object_component id="oc-1e9">
         <name>.debug_line</name>
         <load_address>0x163e</load_address>
         <run_address>0x163e</run_address>
         <size>0x62</size>
         <input_file_ref idref="fl-8"/>
      </object_component>
      <object_component id="oc-8f">
         <name>.debug_line</name>
         <load_address>0x16a0</load_address>
         <run_address>0x16a0</run_address>
         <size>0x289</size>
         <input_file_ref idref="fl-8"/>
      </object_component>
      <object_component id="oc-32">
         <name>.debug_line</name>
         <load_address>0x1929</load_address>
         <run_address>0x1929</run_address>
         <size>0x6e</size>
         <input_file_ref idref="fl-8"/>
      </object_component>
      <object_component id="oc-181">
         <name>.debug_line</name>
         <load_address>0x1997</load_address>
         <run_address>0x1997</run_address>
         <size>0x66</size>
         <input_file_ref idref="fl-8"/>
      </object_component>
      <object_component id="oc-f3">
         <name>.debug_line</name>
         <load_address>0x19fd</load_address>
         <run_address>0x19fd</run_address>
         <size>0x62</size>
         <input_file_ref idref="fl-8"/>
      </object_component>
      <object_component id="oc-2a7">
         <name>.debug_line</name>
         <load_address>0x1a5f</load_address>
         <run_address>0x1a5f</run_address>
         <size>0x62</size>
         <input_file_ref idref="fl-9"/>
      </object_component>
      <object_component id="oc-120">
         <name>.debug_line</name>
         <load_address>0x1ac1</load_address>
         <run_address>0x1ac1</run_address>
         <size>0x197</size>
         <input_file_ref idref="fl-9"/>
      </object_component>
      <object_component id="oc-38">
         <name>.debug_line</name>
         <load_address>0x1c58</load_address>
         <run_address>0x1c58</run_address>
         <size>0x86</size>
         <input_file_ref idref="fl-9"/>
      </object_component>
      <object_component id="oc-25c">
         <name>.debug_line</name>
         <load_address>0x1cde</load_address>
         <run_address>0x1cde</run_address>
         <size>0x1ca</size>
         <input_file_ref idref="fl-a"/>
      </object_component>
      <object_component id="oc-234">
         <name>.debug_line</name>
         <load_address>0x1ea8</load_address>
         <run_address>0x1ea8</run_address>
         <size>0x3c</size>
         <input_file_ref idref="fl-a"/>
      </object_component>
      <object_component id="oc-258">
         <name>.debug_line</name>
         <load_address>0x1ee4</load_address>
         <run_address>0x1ee4</run_address>
         <size>0x3c</size>
         <input_file_ref idref="fl-a"/>
      </object_component>
      <object_component id="oc-a8">
         <name>.debug_line</name>
         <load_address>0x1f20</load_address>
         <run_address>0x1f20</run_address>
         <size>0x39b</size>
         <input_file_ref idref="fl-a"/>
      </object_component>
      <object_component id="oc-1b1">
         <name>.debug_line</name>
         <load_address>0x22bb</load_address>
         <run_address>0x22bb</run_address>
         <size>0x69</size>
         <input_file_ref idref="fl-a"/>
      </object_component>
      <object_component id="oc-1b6">
         <name>.debug_line</name>
         <load_address>0x2324</load_address>
         <run_address>0x2324</run_address>
         <size>0x66</size>
         <input_file_ref idref="fl-a"/>
      </object_component>
      <object_component id="oc-260">
         <name>.debug_line</name>
         <load_address>0x238a</load_address>
         <run_address>0x238a</run_address>
         <size>0x66</size>
         <input_file_ref idref="fl-a"/>
      </object_component>
      <object_component id="oc-265">
         <name>.debug_line</name>
         <load_address>0x23f0</load_address>
         <run_address>0x23f0</run_address>
         <size>0x66</size>
         <input_file_ref idref="fl-a"/>
      </object_component>
      <object_component id="oc-175">
         <name>.debug_line</name>
         <load_address>0x2456</load_address>
         <run_address>0x2456</run_address>
         <size>0x66</size>
         <input_file_ref idref="fl-a"/>
      </object_component>
      <object_component id="oc-db">
         <name>.debug_line</name>
         <load_address>0x24bc</load_address>
         <run_address>0x24bc</run_address>
         <size>0x6b</size>
         <input_file_ref idref="fl-a"/>
      </object_component>
      <object_component id="oc-1e6">
         <name>.debug_line</name>
         <load_address>0x2527</load_address>
         <run_address>0x2527</run_address>
         <size>0x6b</size>
         <input_file_ref idref="fl-a"/>
      </object_component>
      <object_component id="oc-219">
         <name>.debug_line</name>
         <load_address>0x2592</load_address>
         <run_address>0x2592</run_address>
         <size>0x62</size>
         <input_file_ref idref="fl-a"/>
      </object_component>
      <object_component id="oc-1c0">
         <name>.debug_line</name>
         <load_address>0x25f4</load_address>
         <run_address>0x25f4</run_address>
         <size>0x66</size>
         <input_file_ref idref="fl-a"/>
      </object_component>
      <object_component id="oc-186">
         <name>.debug_line</name>
         <load_address>0x265a</load_address>
         <run_address>0x265a</run_address>
         <size>0x68</size>
         <input_file_ref idref="fl-a"/>
      </object_component>
      <object_component id="oc-1d9">
         <name>.debug_line</name>
         <load_address>0x26c2</load_address>
         <run_address>0x26c2</run_address>
         <size>0x65</size>
         <input_file_ref idref="fl-a"/>
      </object_component>
      <object_component id="oc-1c5">
         <name>.debug_line</name>
         <load_address>0x2727</load_address>
         <run_address>0x2727</run_address>
         <size>0x66</size>
         <input_file_ref idref="fl-a"/>
      </object_component>
      <object_component id="oc-1cf">
         <name>.debug_line</name>
         <load_address>0x278d</load_address>
         <run_address>0x278d</run_address>
         <size>0x68</size>
         <input_file_ref idref="fl-a"/>
      </object_component>
      <object_component id="oc-26f">
         <name>.debug_line</name>
         <load_address>0x27f5</load_address>
         <run_address>0x27f5</run_address>
         <size>0x66</size>
         <input_file_ref idref="fl-a"/>
      </object_component>
      <object_component id="oc-2a2">
         <name>.debug_line</name>
         <load_address>0x285b</load_address>
         <run_address>0x285b</run_address>
         <size>0x62</size>
         <input_file_ref idref="fl-a"/>
      </object_component>
      <object_component id="oc-1de">
         <name>.debug_line</name>
         <load_address>0x28bd</load_address>
         <run_address>0x28bd</run_address>
         <size>0x66</size>
         <input_file_ref idref="fl-a"/>
      </object_component>
      <object_component id="oc-190">
         <name>.debug_line</name>
         <load_address>0x2923</load_address>
         <run_address>0x2923</run_address>
         <size>0x69</size>
         <input_file_ref idref="fl-a"/>
      </object_component>
      <object_component id="oc-195">
         <name>.debug_line</name>
         <load_address>0x298c</load_address>
         <run_address>0x298c</run_address>
         <size>0x68</size>
         <input_file_ref idref="fl-a"/>
      </object_component>
      <object_component id="oc-274">
         <name>.debug_line</name>
         <load_address>0x29f4</load_address>
         <run_address>0x29f4</run_address>
         <size>0x20</size>
         <input_file_ref idref="fl-b"/>
      </object_component>
      <object_component id="oc-e4">
         <name>.debug_line</name>
         <load_address>0x2a14</load_address>
         <run_address>0x2a14</run_address>
         <size>0xd7</size>
         <input_file_ref idref="fl-b"/>
      </object_component>
      <object_component id="oc-1ca">
         <name>.debug_line</name>
         <load_address>0x2aeb</load_address>
         <run_address>0x2aeb</run_address>
         <size>0x69</size>
         <input_file_ref idref="fl-b"/>
      </object_component>
      <object_component id="oc-278">
         <name>.debug_line</name>
         <load_address>0x2b54</load_address>
         <run_address>0x2b54</run_address>
         <size>0x65</size>
         <input_file_ref idref="fl-b"/>
      </object_component>
      <object_component id="oc-2a5">
         <name>.debug_line</name>
         <load_address>0x2bb9</load_address>
         <run_address>0x2bb9</run_address>
         <size>0x62</size>
         <input_file_ref idref="fl-c"/>
      </object_component>
      <object_component id="oc-11a">
         <name>.debug_line</name>
         <load_address>0x2c1b</load_address>
         <run_address>0x2c1b</run_address>
         <size>0x2f2</size>
         <input_file_ref idref="fl-c"/>
      </object_component>
      <object_component id="oc-3e">
         <name>.debug_line</name>
         <load_address>0x2f0d</load_address>
         <run_address>0x2f0d</run_address>
         <size>0x84</size>
         <input_file_ref idref="fl-c"/>
      </object_component>
      <object_component id="oc-299">
         <name>.debug_line</name>
         <load_address>0x2f91</load_address>
         <run_address>0x2f91</run_address>
         <size>0x69</size>
         <input_file_ref idref="fl-d"/>
      </object_component>
      <object_component id="oc-297">
         <name>.debug_line</name>
         <load_address>0x2ffa</load_address>
         <run_address>0x2ffa</run_address>
         <size>0x33</size>
         <input_file_ref idref="fl-d"/>
      </object_component>
      <object_component id="oc-114">
         <name>.debug_line</name>
         <load_address>0x302d</load_address>
         <run_address>0x302d</run_address>
         <size>0x2b9</size>
         <input_file_ref idref="fl-d"/>
      </object_component>
      <object_component id="oc-29d">
         <name>.debug_line</name>
         <load_address>0x32e6</load_address>
         <run_address>0x32e6</run_address>
         <size>0x33</size>
         <input_file_ref idref="fl-d"/>
      </object_component>
      <object_component id="oc-7e">
         <name>.debug_line</name>
         <load_address>0x3319</load_address>
         <run_address>0x3319</run_address>
         <size>0x2e4</size>
         <input_file_ref idref="fl-e"/>
      </object_component>
      <object_component id="oc-44">
         <name>.debug_line</name>
         <load_address>0x35fd</load_address>
         <run_address>0x35fd</run_address>
         <size>0x4f</size>
         <input_file_ref idref="fl-10"/>
      </object_component>
      <object_component id="oc-9b">
         <name>.debug_line</name>
         <load_address>0x364c</load_address>
         <run_address>0x364c</run_address>
         <size>0x79</size>
         <input_file_ref idref="fl-11"/>
      </object_component>
      <object_component id="oc-2b4">
         <name>.debug_line</name>
         <load_address>0x36c5</load_address>
         <run_address>0x36c5</run_address>
         <size>0x20</size>
         <input_file_ref idref="fl-13"/>
      </object_component>
      <object_component id="oc-2b8">
         <name>.debug_line</name>
         <load_address>0x36e5</load_address>
         <run_address>0x36e5</run_address>
         <size>0x66</size>
         <input_file_ref idref="fl-13"/>
      </object_component>
      <object_component id="oc-1d4">
         <name>.debug_line</name>
         <load_address>0x374b</load_address>
         <run_address>0x374b</run_address>
         <size>0x66</size>
         <input_file_ref idref="fl-13"/>
      </object_component>
      <object_component id="oc-49">
         <name>.debug_line</name>
         <load_address>0x37b1</load_address>
         <run_address>0x37b1</run_address>
         <size>0x4b</size>
         <input_file_ref idref="fl-14"/>
      </object_component>
[...]
         <value>0x908c</value>
         <object_component_ref idref="oc-7a"/>
      </symbol>
      <symbol id="sm-597">
         <name>_gotoCPUIdle_</name>
         <value>0x8f50</value>
         <object_component_ref idref="oc-7a"/>
      </symbol>
      <symbol id="sm-598">
         <name>_coreEnableIrqVicOffset_</name>
         <value>0x8fe4</value>
         <object_component_ref idref="oc-7a"/>
      </symbol>
      <symbol id="sm-599">
         <name>_coreGetInstructionFault_</name>
         <value>0x9008</value>
         <object_component_ref idref="oc-7a"/>
      </symbol>
      <symbol id="sm-59a">
         <name>_coreEnableVfp_</name>
         <value>0x8f68</value>
         <object_component_ref idref="oc-7a"/>
      </symbol>
      <symbol id="sm-59b">
         <name>_coreClearAuxiliaryDataFault_</name>
         <value>0x904c</value>
         <object_component_ref idref="oc-7a"/>
      </symbol>
      <symbol id="sm-59c">
         <name>_coreEnableEventBusExport_</name>
         <value>0x8f80</value>
         <object_component_ref idref="oc-7a"/>
      </symbol>
      <symbol id="sm-5a9">
         <name>resetEntry</name>
         <value>0x0</value>
         <object_component_ref idref="oc-40"/>
      </symbol>
      <symbol id="sm-5b7">
         <name>main</name>
         <value>0x9f78</value>
         <object_component_ref idref="oc-97"/>
      </symbol>
      <symbol id="sm-5b8">
         <name>init</name>
         <value>0x9f84</value>
         <object_component_ref idref="oc-97"/>
      </symbol>
      <symbol id="sm-5d1">
         <name>phantomInterrupt</name>
         <value>0xa1e4</value>
         <object_component_ref idref="oc-45"/>
      </symbol>
      <symbol id="sm-5db">
         <name>_pmuResetCounters_</name>
         <value>0x9cb0</value>
         <object_component_ref idref="oc-e8"/>
      </symbol>
      <symbol id="sm-5dc">
         <name>_pmuGetEventCount_</name>
         <value>0x9ce4</value>
         <object_component_ref idref="oc-e8"/>
      </symbol>
      <symbol id="sm-5dd">
         <name>_pmuResetEventCounters_</name>
         <value>0x9ca0</value>
         <object_component_ref idref="oc-e8"/>
      </symbol>
      <symbol id="sm-5de">
         <name>_pmuStopCounters_</name>
         <value>0x9cc8</value>
         <object_component_ref idref="oc-e8"/>
      </symbol>
      <symbol id="sm-5df">
         <name>_pmuInit_</name>
         <value>0x9c24</value>
         <object_component_ref idref="oc-e8"/>
      </symbol>
      <symbol id="sm-5e0">
         <name>_pmuGetOverflow_</name>
         <value>0x9cf0</value>
         <object_component_ref idref="oc-e8"/>
      </symbol>
      <symbol id="sm-5e1">
         <name>_pmuResetCycleCounter_</name>
         <value>0x9c90</value>
         <object_component_ref idref="oc-e8"/>
      </symbol>
      <symbol id="sm-5e2">
         <name>_pmuSetCountEvent_</name>
         <value>0x9cd0</value>
         <object_component_ref idref="oc-e8"/>
      </symbol>
      <symbol id="sm-5e3">
         <name>_pmuGetCycleCount_</name>
         <value>0x9cdc</value>
         <object_component_ref idref="oc-e8"/>
      </symbol>
      <symbol id="sm-5e4">
         <name>_pmuEnableCountersGlobal_</name>
         <value>0x9c70</value>
         <object_component_ref idref="oc-e8"/>
      </symbol>
      <symbol id="sm-5e5">
         <name>_pmuDisableCountersGlobal_</name>
         <value>0x9c80</value>
         <object_component_ref idref="oc-e8"/>
      </symbol>
      <symbol id="sm-5e6">
         <name>_pmuStartCounters_</name>
         <value>0x9cc0</value>
         <object_component_ref idref="oc-e8"/>
      </symbol>
      <symbol id="sm-7a6">
         <name>pbistSelfCheck</name>
         <value>0x2cc</value>
         <object_component_ref idref="oc-85"/>
      </symbol>
      <symbol id="sm-7a7">
         <name>fmcBus1ParityCheck</name>
         <value>0x22c4</value>
         <object_component_ref idref="oc-85"/>
      </symbol>
      <symbol id="sm-7a8">
         <name>can1ParityCheck</name>
         <value>0x1410</value>
         <object_component_ref idref="oc-85"/>
      </symbol>
      <symbol id="sm-7a9">
         <name>enableParity</name>
         <value>0x2ad0</value>
         <object_component_ref idref="oc-85"/>
      </symbol>
      <symbol id="sm-7aa">
         <name>dmaParityCheck</name>
         <value>0xeac</value>
         <object_component_ref idref="oc-85"/>
      </symbol>
      <symbol id="sm-7ab">
         <name>custom_dabort</name>
         <value>0xdf4</value>
         <object_component_ref idref="oc-85"/>
      </symbol>
      <symbol id="sm-7ac">
         <name>memoryInit</name>
         <value>0x174</value>
         <object_component_ref idref="oc-85"/>
      </symbol>
      <symbol id="sm-7ad">
         <name>stcSelfCheck</name>
         <value>0x1b8</value>
         <object_component_ref idref="oc-85"/>
      </symbol>
      <symbol id="sm-7ae">
         <name>efcGetConfigValue</name>
         <value>0x2660</value>
         <object_component_ref idref="oc-85"/>
      </symbol>
      <symbol id="sm-7af">
         <name>can2ParityCheck</name>
         <value>0x14e8</value>
         <object_component_ref idref="oc-85"/>
      </symbol>
      <symbol id="sm-7b0">
         <name>het1ParityCheck</name>
         <value>0xf58</value>
         <object_component_ref idref="oc-85"/>
      </symbol>
      <symbol id="sm-7b1">
         <name>adc1ParityCheck</name>
         <value>0x126c</value>
         <object_component_ref idref="oc-85"/>
      </symbol>
      <symbol id="sm-7b2">
         <name>checkefcSelfTest</name>
         <value>0x7bc</value>
         <object_component_ref idref="oc-85"/>
      </symbol>
      <symbol id="sm-7b3">
         <name>checkRAMECC</name>
         <value>0x19d0</value>
         <object_component_ref idref="oc-85"/>
      </symbol>
      <symbol id="sm-7b4">
         <name>stcSelfCheckFail</name>
         <value>0xdf8</value>
         <object_component_ref idref="oc-85"/>
      </symbol>
      <symbol id="sm-7b5">
         <name>ccmSelfCheck</name>
         <value>0x30</value>
         <object_component_ref idref="oc-85"/>
      </symbol>
      <symbol id="sm-7b6">
         <name>efcCheck</name>
         <value>0x660</value>
         <object_component_ref idref="oc-85"/>
      </symbol>
      <symbol id="sm-7b7">
         <name>het2ParityCheck</name>
         <value>0x10c0</value>
         <object_component_ref idref="oc-85"/>
      </symbol>
      <symbol id="sm-7b8">
         <name>adc2ParityCheck</name>
         <value>0x1358</value>
         <object_component_ref idref="oc-85"/>
      </symbol>
      <symbol id="sm-7b9">
         <name>cpuSelfTest</name>
         <value>0x234</value>
         <object_component_ref idref="oc-85"/>
      </symbol>
      <symbol id="sm-7ba">
         <name>htu1ParityCheck</name>
         <value>0x1004</value>
         <object_component_ref idref="oc-85"/>
      </symbol>
      <symbol id="sm-7bb">
         <name>checkFlashECC</name>
         <value>0xd18</value>
         <object_component_ref idref="oc-85"/>
      </symbol>
      <symbol id="sm-7bc">
         <name>cpuSelfTestFail</name>
         <value>0xdfc</value>
         <object_component_ref idref="oc-85"/>
      </symbol>
      <symbol id="sm-7bd">
         <name>checkPLL1Slip</name>
         <value>0x1e8c</value>
         <object_component_ref idref="oc-85"/>
      </symbol>
      <symbol id="sm-7be">
         <name>mibspi1ParityCheck</name>
         <value>0x1684</value>
         <object_component_ref idref="oc-85"/>
      </symbol>
      <symbol id="sm-7bf">
         <name>ccmr4GetConfigValue</name>
         <value>0x26fc</value>
         <object_component_ref idref="oc-85"/>
      </symbol>
      <symbol id="sm-7c0">
         <name>htu2ParityCheck</name>
         <value>0x11bc</value>
         <object_component_ref idref="oc-85"/>
      </symbol>
      <symbol id="sm-7c1">
         <name>pbistPortTestStatus</name>
         <value>0x608</value>
         <object_component_ref idref="oc-85"/>
      </symbol>
      <symbol id="sm-7c2">
         <name>checkFlashEEPROMECC</name>
         <value>0x1cf4</value>
         <object_component_ref idref="oc-85"/>
      </symbol>
      <symbol id="sm-7c3">
         <name>pbistGetConfigValue</name>
         <value>0x2470</value>
         <object_component_ref idref="oc-85"/>
      </symbol>
      <symbol id="sm-7c4">
         <name>vimParityCheck</name>
         <value>0xe00</value>
         <object_component_ref idref="oc-85"/>
      </symbol>
      <symbol id="sm-7c5">
         <name>pbistIsTestCompleted</name>
         <value>0x5a8</value>
         <object_component_ref idref="oc-85"/>
      </symbol>
      <symbol id="sm-7c6">
         <name>disableParity</name>
         <value>0x2b58</value>
         <object_component_ref idref="oc-85"/>
      </symbol>
      <symbol id="sm-7c7">
         <name>pbistRun</name>
         <value>0x4ac</value>
         <object_component_ref idref="oc-85"/>
      </symbol>
      <symbol id="sm-7c8">
         <name>pbistFail</name>
         <value>0x23ec</value>
         <object_component_ref idref="oc-85"/>
      </symbol>
      <symbol id="sm-7c9">
         <name>selftestFailNotification</name>
         <value>0x20</value>
         <object_component_ref idref="oc-85"/>
      </symbol>
      <symbol id="sm-7ca">
         <name>errata_PBIST_4</name>
         <value>0x276c</value>
         <object_component_ref idref="oc-85"/>
      </symbol>
      <symbol id="sm-7cb">
         <name>mibspi3ParityCheck</name>
         <value>0x178c</value>
         <object_component_ref idref="oc-85"/>
      </symbol>
      <symbol id="sm-7cc">
         <name>efcSelfTest</name>
         <value>0x794</value>
         <object_component_ref idref="oc-85"/>
      </symbol>
      <symbol id="sm-7cd">
         <name>checkB1RAMECC</name>
         <value>0xb28</value>
         <object_component_ref idref="oc-85"/>
      </symbol>
      <symbol id="sm-7ce">
         <name>pbistStop</name>
         <value>0x578</value>
         <object_component_ref idref="oc-85"/>
      </symbol>
      <symbol id="sm-7cf">
         <name>can3ParityCheck</name>
         <value>0x15b0</value>
         <object_component_ref idref="oc-85"/>
      </symbol>
      <symbol id="sm-7d0">
         <name>checkRAMAddrParity</name>
         <value>0x2050</value>
         <object_component_ref idref="oc-85"/>
      </symbol>
      <symbol id="sm-7d1">
         <name>mibspi5ParityCheck</name>
         <value>0x18b0</value>
         <object_component_ref idref="oc-85"/>
      </symbol>
      <symbol id="sm-7d2">
         <name>checkB0RAMECC</name>
         <value>0x938</value>
         <object_component_ref idref="oc-85"/>
      </symbol>
      <symbol id="sm-7d3">
         <name>stcGetConfigValue</name>
         <value>0x25bc</value>
         <object_component_ref idref="oc-85"/>
      </symbol>
      <symbol id="sm-7d4">
         <name>pbistIsTestPassed</name>
         <value>0x5d4</value>
         <object_component_ref idref="oc-85"/>
      </symbol>
      <symbol id="sm-7d5">
         <name>checkClockMonitor</name>
         <value>0x1c18</value>
         <object_component_ref idref="oc-85"/>
      </symbol>
      <symbol id="sm-7d6">
         <name>fmcECCcheck</name>
         <value>0x898</value>
         <object_component_ref idref="oc-85"/>
      </symbol>
      <symbol id="sm-7d7">
         <name>fmcBus2Check</name>
         <value>0x85c</value>
         <object_component_ref idref="oc-85"/>
      </symbol>
      <symbol id="sm-7d8">
         <name>checkRAMUERRTest</name>
         <value>0x215c</value>
         <object_component_ref idref="oc-85"/>
      </symbol>
      <symbol id="sm-7d9">
         <name>efcStuckZeroTest</name>
         <value>0x6e8</value>
         <object_component_ref idref="oc-85"/>
      </symbol>
      <symbol id="sm-7da">
         <name>checkPLL2Slip</name>
         <value>0x1f8c</value>
         <object_component_ref idref="oc-85"/>
      </symbol>
      <symbol id="sm-802">
         <name>_c_int00</name>
         <value>0x9408</value>
         <object_component_ref idref="oc-1f"/>
      </symbol>
      <symbol id="sm-8b2">
         <name>vimChannelMap</name>
         <value>0x5d90</value>
         <object_component_ref idref="oc-4c"/>
      </symbol>
      <symbol id="sm-8b3">
         <name>vimInit</name>
         <value>0x5cbc</value>
         <object_component_ref idref="oc-4c"/>
      </symbol>
      <symbol id="sm-8b4">
         <name>vimEnableInterrupt</name>
         <value>0x5e34</value>
         <object_component_ref idref="oc-4c"/>
      </symbol>
      <symbol id="sm-8b5">
         <name>vimDisableInterrupt</name>
         <value>0x5ffc</value>
         <object_component_ref idref="oc-4c"/>
      </symbol>
      <symbol id="sm-8b6">
         <name>vimGetConfigValue</name>
         <value>0x60a8</value>
         <object_component_ref idref="oc-4c"/>
      </symbol>
      <symbol id="sm-8b7">
         <name>vimParityErrorHandler</name>
         <value>0x913c</value>
         <object_component_ref idref="oc-4b"/>
      </symbol>
      <symbol id="sm-911">
         <name>systemGetConfigValue</name>
         <value>0x3eec</value>
         <object_component_ref idref="oc-7f"/>
      </symbol>
      <symbol id="sm-912">
         <name>trimLPO</name>
         <value>0x3bec</value>
         <object_component_ref idref="oc-7f"/>
      </symbol>
      <symbol id="sm-913">
         <name>systemInit</name>
         <value>0x3df0</value>
         <object_component_ref idref="oc-7f"/>
      </symbol>
      <symbol id="sm-914">
         <name>tcmflashGetConfigValue</name>
         <value>0x4300</value>
         <object_component_ref idref="oc-7f"/>
      </symbol>
      <symbol id="sm-915">
         <name>sramGetConfigValue</name>
         <value>0x44ac</value>
         <object_component_ref idref="oc-7f"/>
      </symbol>
      <symbol id="sm-916">
         <name>periphInit</name>
         <value>0x3c74</value>
         <object_component_ref idref="oc-7f"/>
      </symbol>
      <symbol id="sm-917">
         <name>setupFlash</name>
         <value>0x3c34</value>
         <object_component_ref idref="oc-7f"/>
      </symbol>
      <symbol id="sm-918">
         <name>setupPLL</name>
         <value>0x3b8c</value>
         <object_component_ref idref="oc-7f"/>
      </symbol>
      <symbol id="sm-919">
         <name>mapClocks</name>
         <value>0x3cc8</value>
         <object_component_ref idref="oc-7f"/>
      </symbol>
      <symbol id="sm-91a">
         <name>systemPowerDown</name>
         <value>0x3ebc</value>
         <object_component_ref idref="oc-7f"/>
      </symbol>
      <symbol id="sm-949">
         <name>__TI_auto_init</name>
         <value>0x9ff1</value>
         <object_component_ref idref="oc-91"/>
      </symbol>
      <symbol id="sm-967">
         <name>__TI_decompress_lzss</name>
         <value>0xa061</value>
         <object_component_ref idref="oc-d"/>
      </symbol>
      <symbol id="sm-97e">
         <name>__TI_decompress_none</name>
         <value>0xa1c9</value>
         <object_component_ref idref="oc-13"/>
      </symbol>
      <symbol id="sm-990">
         <name>__TI_zero_init</name>
         <value>0xa1d7</value>
         <object_component_ref idref="oc-19"/>
      </symbol>
      <symbol id="sm-9aa">
         <name>copy_in</name>
         <value>0xa11d</value>
         <object_component_ref idref="oc-f6"/>
      </symbol>
      <symbol id="sm-9cb">
         <name>C$$EXIT</name>
         <value>0xa0cd</value>
         <object_component_ref idref="oc-9d"/>
      </symbol>
      <symbol id="sm-9cc">
         <name>abort</name>
         <value>0xa0d1</value>
         <object_component_ref idref="oc-9d"/>
      </symbol>
      <symbol id="sm-9cd">
         <name>exit</name>
         <value>0xa0d9</value>
         <object_component_ref idref="oc-9d"/>
      </symbol>
      <symbol id="sm-9ce">
         <name>__TI_dtors_ptr</name>
         <value>0x8001534</value>
         <object_component_ref idref="oc-128"/>
      </symbol>
      <symbol id="sm-9cf">
         <name>__TI_cleanup_ptr</name>
         <value>0x8001530</value>
         <object_component_ref idref="oc-128"/>
      </symbol>
      <symbol id="sm-9d0">
         <name>__TI_enable_exit_profile_output</name>
         <value>0x8001538</value>
         <object_component_ref idref="oc-128"/>
      </symbol>
      <symbol id="sm-9da">
         <name>__aeabi_f2ulz</name>
         <value>0xa169</value>
         <object_component_ref idref="oc-22d"/>
      </symbol>
      <symbol id="sm-9f5">
         <name>memcpy</name>
         <value>0x9de1</value>
         <object_component_ref idref="oc-62"/>
      </symbol>
      <symbol id="sm-9f6">
         <name>__aeabi_memcpy</name>
         <value>0x9de1</value>
         <object_component_ref idref="oc-62"/>
      </symbol>
      <symbol id="sm-9f7">
         <name>__aeabi_memcpy8</name>
         <value>0x9de1</value>
         <object_component_ref idref="oc-62"/>
      </symbol>
      <symbol id="sm-9f8">
         <name>__aeabi_memcpy4</name>
         <value>0x9de1</value>
         <object_component_ref idref="oc-62"/>
      </symbol>
      <symbol id="sm-a07">
         <name>__aeabi_memset</name>
         <value>0x9eff</value>
         <object_component_ref idref="oc-6e"/>
      </symbol>
      <symbol id="sm-a08">
         <name>memset</name>
         <value>0x9f05</value>
         <object_component_ref idref="oc-6e"/>
      </symbol>
      <symbol id="sm-a09">
         <name>__aeabi_memset8</name>
         <value>0x9eff</value>
         <object_component_ref idref="oc-6e"/>
      </symbol>
      <symbol id="sm-a0a">
         <name>__aeabi_memset4</name>
         <value>0x9eff</value>
         <object_component_ref idref="oc-6e"/>
      </symbol>
      <symbol id="sm-a0b">
         <name>__aeabi_memclr8</name>
         <value>0x9efd</value>
         <object_component_ref idref="oc-6e"/>
      </symbol>
      <symbol id="sm-a0c">
         <name>__aeabi_memclr4</name>
         <value>0x9efd</value>
         <object_component_ref idref="oc-6e"/>
      </symbol>
      <symbol id="sm-a0d">
         <name>__aeabi_memclr</name>
         <value>0x9efd</value>
         <object_component_ref idref="oc-6e"/>
      </symbol>
      <symbol id="sm-a2e">
         <name>floorl</name>
         <value>0x9b45</value>
         <object_component_ref idref="oc-20a"/>
      </symbol>
      <symbol id="sm-a2f">
         <name>floor</name>
         <value>0x9b45</value>
         <object_component_ref idref="oc-20a"/>
      </symbol>
      <symbol id="sm-a39">
         <name>_system_post_cinit</name>
         <value>0x9f77</value>
         <object_component_ref idref="oc-fc"/>
      </symbol>
      <symbol id="sm-a52">
         <name>_nop</name>
         <value>0xa1c3</value>
         <object_component_ref idref="oc-220"/>
      </symbol>
      <symbol id="sm-a53">
         <name>_lock</name>
         <value>0x80015c0</value>
         <object_component_ref idref="oc-12b"/>
      </symbol>
      <symbol id="sm-a54">
         <name>_unlock</name>
         <value>0x80015c4</value>
         <object_component_ref idref="oc-12b"/>
      </symbol>
      <symbol id="sm-a55">
         <name>_register_lock</name>
         <value>0xa1bb</value>
         <object_component_ref idref="oc-220"/>
      </symbol>
      <symbol id="sm-a56">
         <name>_register_unlock</name>
         <value>0xa1b5</value>
         <object_component_ref idref="oc-220"/>
      </symbol>
      <symbol id="sm-a57">
         <name>__TI_static_base__</name>
         <value>0x0</value>
      </symbol>
      <symbol id="sm-a5a">
         <name>SHT$$INIT_ARRAY$$Base</name>
         <value>0x0</value>
      </symbol>
      <symbol id="sm-a5b">
         <name>SHT$$INIT_ARRAY$$Limit</name>
         <value>0x0</value>
      </symbol>
   </symbol_table>
   <title>Link successful</title>
</link_info>
